Microchip MPLAB XC8 Compiler V2.35

Linker command line:

-W-3 --edf=C:\Program Files\Microchip\xc8\v2.35\pic\dat\en_msgs.txt -cn \
  -h+dist/default/debug\team207_main_testing.X.debug.sym \
  --cmf=dist/default/debug\team207_main_testing.X.debug.cmf -z -Q18F26J53 \
  -oC:\Users\mx3de\AppData\Local\Temp\xcAs2u04.4 --defsym=__MPLAB_BUILD=1 \
  -Mdist/default/debug/team207_main_testing.X.debug.map \
  --md=C:\Users\mx3de\AppData\Local\Temp\xcAs2u04.dat -E1 -ver=XC8 Compiler \
  --acfsm=1493 -ACODE=00h-0FFF7h -ACONST=00h-0FFF7h \
  -ASMALLCONST=0F00h-0FFFhx240,0FF00h-0FFF7h -AMEDIUMCONST=0F00h-0FFF7h \
  -ACOMRAM=01h-05Fh -AABS1=00h-0EAFh -ABIGRAM=01h-0EAFh \
  -ARAM=060h-0FFh,0100h-01FFhx13,0E00h-0EAFh -ABANK0=060h-0FFh \
  -ABANK1=0100h-01FFh -ABANK2=0200h-02FFh -ABANK3=0300h-03FFh \
  -ABANK4=0400h-04FFh -ABANK5=0500h-05FFh -ABANK6=0600h-06FFh \
  -ABANK7=0700h-07FFh -ABANK8=0800h-08FFh -ABANK9=0900h-09FFh \
  -ABANK10=0A00h-0AFFh -ABANK11=0B00h-0BFFh -ABANK12=0C00h-0CFFh \
  -ABANK13=0D00h-0DFFh -ABANK14=0E00h-0EAFh \
  -ASFR=0EB0h-0EFFh,0F00h-0F5Fh,0F60h-0FFCh -ABIGSFR=0EB0h-0FFCh \
  -ACONFIG=0FFF8h-0FFFFh -preset_vec=00h,intcode=08h,intcodelo,powerup,init \
  -pramtop=0F00h -psmallconst=SMALLCONST -pmediumconst=MEDIUMCONST \
  -pconst=CONST -AFARRAM=00h-00h -pjflash_buffer=0F800h \
  -prdata=COMRAM,nvrram=COMRAM,nvbit=COMRAM,rbss=COMRAM,rbit=COMRAM \
  -pfarbss=FARRAM,fardata=FARRAM,nvFARRAM=FARRAM \
  -pintsave_regs=BIGRAM,bigbss=BIGRAM,bigdata=BIGRAM -pbss=RAM \
  -pidata=CODE,irdata=CODE,ibigdata=CODE,ifardata=CODE -prparam=COMRAM \
  C:\Users\mx3de\AppData\Local\Temp\xcAs2u04.o \
  dist/default/debug\team207_main_testing.X.debug.o 

Object code version is 3.11

Machine type is 18F26J53



                Name                               Link     Load   Length Selector   Space Scale
C:\Users\mx3de\AppData\Local\Temp\xcAs2u04.o
                config                             FFF8     FFF8        8        0       4
                init                                13C      13C        4        4       0
                reset_vec                             0        0        6        0       0
dist/default/debug\team207_main_testing.X.debug.o
                intcode                               8        8      134        4       0
                config                             FFF8     FFF8        8        0       4
                temp                                 48       48        1        1       1
                smallconst                          F00      F00       2C      780       0
                text82                             1AC8     1AC8       2A      796       0
                text81                             1D42     1D42        6      796       0
                text80                             1D82     1D82        2      796       0
                text79                             1D3C     1D3C        6      796       0
                text78                             11B6     11B6       C2      796       0
                text77                             190A     190A       40      796       0
                text76                             1D7C     1D7C        4      796       0
                text75                             1D78     1D78        4      796       0
                text74                             1B3E     1B3E       24      796       0
                text73                             154C     154C       7A      796       0
                text72                             1BF4     1BF4       18      796       0
                text71                             1A72     1A72       2C      796       0
                text70                             1A46     1A46       2C      796       0
                text69                             1A1A     1A1A       2C      796       0
                text68                             19EE     19EE       2C      796       0
                text67                             18CA     18CA       40      796       0
                text66                             1D74     1D74        4      796       0
                text65                             1D70     1D70        4      796       0
                text64                             1D6C     1D6C        4      796       0
                text63                             1D36     1D36        6      796       0
                text62                             1D68     1D68        4      796       0
                text61                             1D30     1D30        6      796       0
                text60                             1D22     1D22        8      796       0
                text59                             1C34     1C34       14      796       0
                text58                             1D64     1D64        4      796       0
                text57                             1454     1454       7E      796       0
                text56                             1C90     1C90        C      796       0
                text55                             1C68     1C68       10      796       0
                text54                             1C58     1C58       10      796       0
                text53                             10EE     10EE       C8      796       0
                text52                             1278     1278       A8      796       0
                text51                             1C84     1C84        C      796       0
                text50                             1D1A     1D1A        8      796       0
                text49                             1D12     1D12        8      796       0
                text48                             1D0A     1D0A        8      796       0
                text47                             1D02     1D02        8      796       0
                text46                             1CFA     1CFA        8      796       0
                text45                             1CF2     1CF2        8      796       0
                text44                             1CEA     1CEA        8      796       0
                text43                             1C78     1C78        C      796       0
                text42                             16A8     16A8       6C      796       0
                text41                             1D60     1D60        4      796       0
                text40                             1714     1714       64      796       0
                text39                             1D2A     1D2A        6      796       0
                text37                             1D5C     1D5C        4      796       0
                text36                             1D58     1D58        4      796       0
                text35                             1D54     1D54        4      796       0
                text34                             19C2     19C2       2C      796       0
                text33                             1D50     1D50        4      796       0
                text32                             188A     188A       40      796       0
                text31                             1CE2     1CE2        8      796       0
                text30                             1D4C     1D4C        4      796       0
                text29                             1B84     1B84       22      796       0
                text28                             1CD8     1CD8        A      796       0
                text27                             1320     1320       9E      796       0
                text26                             14D2     14D2       7A      796       0
                text25                             1BDC     1BDC       18      796       0
                text24                             1B1A     1B1A       24      796       0
                text23                             1BC4     1BC4       18      796       0
                text22                             163A     163A       6E      796       0
                text21                             17DA     17DA       5A      796       0
                text20                             1BA6     1BA6       1E      796       0
                text19                             1CCE     1CCE        A      796       0
                text18                             1CC4     1CC4        A      796       0
                text17                             1CBA     1CBA        A      796       0
                text16                             1CB0     1CB0        A      796       0
                text15                             1CA6     1CA6        A      796       0
                text14                             15C6     15C6       74      796       0
                text13                             1C20     1C20       14      796       0
                text12                             1D48     1D48        4      796       0
                text11                             1C0C     1C0C       14      796       0
                text10                             1988     1988       3A      796       0
                text9                              1A9E     1A9E       2A      796       0
                text8                              1C48     1C48       10      796       0
                text7                              1B62     1B62       22      796       0
                text6                              1834     1834       56      796       0
                text5                              1C9C     1C9C        A      796       0
                text4                              13BE     13BE       96      796       0
                text3                               F2C      F2C       EE      796       0
                text2                              1778     1778       62      796       0
                text1                              1AF2     1AF2       28      796       0
                text0                              101A     101A       D4      796       0
                cstackCOMRAM                          1        1       26        1       1
                cstackBANK0                          B4       B4       16       60       1
                bssBANK0                             60       60       54       60       1
                dataCOMRAM                           46       46        2        1       1
                bssCOMRAM                            27       27       1A        1       1
                cinit                              194A     194A       3E      796       0
                nvBANK0                              CA       CA        8       60       1
                nvCOMRAM                             41       41        5        1       1
                idataCOMRAM                        1D80     1D80        2      796       0

TOTAL           Name                               Link     Load   Length     Space
        CLASS   CODE           
                intcode                               8        8      134         0
                init                                13C      13C        4         0
                reset_vec                             0        0        6         0
                text82                             1AC8     1AC8       2A         0
                text81                             1D42     1D42        6         0
                text80                             1D82     1D82        2         0
                text79                             1D3C     1D3C        6         0
                text78                             11B6     11B6       C2         0
                text77                             190A     190A       40         0
                text76                             1D7C     1D7C        4         0
                text75                             1D78     1D78        4         0
                text74                             1B3E     1B3E       24         0
                text73                             154C     154C       7A         0
                text72                             1BF4     1BF4       18         0
                text71                             1A72     1A72       2C         0
                text70                             1A46     1A46       2C         0
                text69                             1A1A     1A1A       2C         0
                text68                             19EE     19EE       2C         0
                text67                             18CA     18CA       40         0
                text66                             1D74     1D74        4         0
                text65                             1D70     1D70        4         0
                text64                             1D6C     1D6C        4         0
                text63                             1D36     1D36        6         0
                text62                             1D68     1D68        4         0
                text61                             1D30     1D30        6         0
                text60                             1D22     1D22        8         0
                text59                             1C34     1C34       14         0
                text58                             1D64     1D64        4         0
                text57                             1454     1454       7E         0
                text56                             1C90     1C90        C         0
                text55                             1C68     1C68       10         0
                text54                             1C58     1C58       10         0
                text53                             10EE     10EE       C8         0
                text52                             1278     1278       A8         0
                text51                             1C84     1C84        C         0
                text50                             1D1A     1D1A        8         0
                text49                             1D12     1D12        8         0
                text48                             1D0A     1D0A        8         0
                text47                             1D02     1D02        8         0
                text46                             1CFA     1CFA        8         0
                text45                             1CF2     1CF2        8         0
                text44                             1CEA     1CEA        8         0
                text43                             1C78     1C78        C         0
                text42                             16A8     16A8       6C         0
                text41                             1D60     1D60        4         0
                text40                             1714     1714       64         0
                text39                             1D2A     1D2A        6         0
                text37                             1D5C     1D5C        4         0
                text36                             1D58     1D58        4         0
                text35                             1D54     1D54        4         0
                text34                             19C2     19C2       2C         0
                text33                             1D50     1D50        4         0
                text32                             188A     188A       40         0
                text31                             1CE2     1CE2        8         0
                text30                             1D4C     1D4C        4         0
                text29                             1B84     1B84       22         0
                text28                             1CD8     1CD8        A         0
                text27                             1320     1320       9E         0
                text26                             14D2     14D2       7A         0
                text25                             1BDC     1BDC       18         0
                text24                             1B1A     1B1A       24         0
                text23                             1BC4     1BC4       18         0
                text22                             163A     163A       6E         0
                text21                             17DA     17DA       5A         0
                text20                             1BA6     1BA6       1E         0
                text19                             1CCE     1CCE        A         0
                text18                             1CC4     1CC4        A         0
                text17                             1CBA     1CBA        A         0
                text16                             1CB0     1CB0        A         0
                text15                             1CA6     1CA6        A         0
                text14                             15C6     15C6       74         0
                text13                             1C20     1C20       14         0
                text12                             1D48     1D48        4         0
                text11                             1C0C     1C0C       14         0
                text10                             1988     1988       3A         0
                text9                              1A9E     1A9E       2A         0
                text8                              1C48     1C48       10         0
                text7                              1B62     1B62       22         0
                text6                              1834     1834       56         0
                text5                              1C9C     1C9C        A         0
                text4                              13BE     13BE       96         0
                text3                               F2C      F2C       EE         0
                text2                              1778     1778       62         0
                text1                              1AF2     1AF2       28         0
                text0                              101A     101A       D4         0
                cinit                              194A     194A       3E         0
                idataCOMRAM                        1D80     1D80        2         0

        CLASS   CONST          

        CLASS   SMALLCONST     
                smallconst                          F00      F00       2C         0

        CLASS   MEDIUMCONST    

        CLASS   COMRAM         
                temp                                 48       48        1         1
                cstackCOMRAM                          1        1       26         1
                dataCOMRAM                           46       46        2         1
                bssCOMRAM                            27       27       1A         1
                nvCOMRAM                             41       41        5         1

        CLASS   ABS1           

        CLASS   BIGRAM         

        CLASS   RAM            

        CLASS   BANK0          
                cstackBANK0                          B4       B4       16         1
                bssBANK0                             60       60       54         1
                nvBANK0                              CA       CA        8         1

        CLASS   BANK1          

        CLASS   BANK2          

        CLASS   BANK3          

        CLASS   BANK4          

        CLASS   BANK5          

        CLASS   BANK6          

        CLASS   BANK7          

        CLASS   BANK8          

        CLASS   BANK9          

        CLASS   BANK10         

        CLASS   BANK11         

        CLASS   BANK12         

        CLASS   BANK13         

        CLASS   BANK14         

        CLASS   SFR            

        CLASS   BIGSFR         

        CLASS   CONFIG         
                config                             FFF8     FFF8        8         4

        CLASS   FARRAM         

        CLASS   HEAP           

        CLASS   STACK          

        CLASS   IDLOC          



SEGMENTS        Name                           Load    Length   Top    Selector   Space  Class

                reset_vec                      000000  000006  000006         0       0  CODE    
                cstackCOMRAM                   000001  000048  000049         1       1  COMRAM  
                intcode                        000008  000138  000140         4       0  CODE    
                bssBANK0                       000060  000072  0000D2        60       1  BANK0   
                smallconst                     000F00  00002C  000F2C       780       0  SMALLCON
                text3                          000F2C  000E58  001D84       796       0  CODE    


UNUSED ADDRESS RANGES

        Name                Unused          Largest block    Delta
        BANK0            000D2-000FF              2E
        BANK1            00100-001FF             100
        BANK10           00A00-00AFF             100
        BANK11           00B00-00BFF             100
        BANK12           00C00-00CFF             100
        BANK13           00D00-00DFF             100
        BANK14           00E00-00EAF              B0
        BANK2            00200-002FF             100
        BANK3            00300-003FF             100
        BANK4            00400-004FF             100
        BANK5            00500-005FF             100
        BANK6            00600-006FF             100
        BANK7            00700-007FF             100
        BANK8            00800-008FF             100
        BANK9            00900-009FF             100
        BIGRAM           00049-0005F              17
                         000D2-00EAF             DDE
        BIGSFR           00EB0-00FFC             14D
        CODE             00006-00007               2
                         00140-00EFF             DC0
                         01D84-0FFF7            E274
        COMRAM           00049-0005F              17
        CONST            00006-00007               2
                         00140-00EFF             DC0
                         01D84-0FFF7            E274
        MEDIUMCONST      01D84-0FFF7            E274
        RAM              000D2-00EAF             100
        SFR              00EB0-00FFC              60
        SMALLCONST       01D84-0FFF7             100

                                  Symbol Table

?_printf                                        cstackCOMRAM  00025
?_vfpfcnvrt                                     cstackBANK0   000B4
?_vfprintf                                      cstackBANK0   000BA
EUSART2_SetErrorHandler@interruptHandler        cstackCOMRAM  00018
EUSART2_SetFramingErrorHandler@interruptHandler cstackCOMRAM  00018
EUSART2_SetOverrunErrorHandler@interruptHandler cstackCOMRAM  00018
EUSART2_SetRxInterruptHandler@interruptHandler  cstackCOMRAM  00018
EUSART2_SetTxInterruptHandler@interruptHandler  cstackCOMRAM  00018
EUSART2_Write@txData                            cstackCOMRAM  00018
I2C1_CallbackReturnReset@funPtr                 cstackCOMRAM  0000A
I2C1_Close@returnValue                          cstackCOMRAM  00018
I2C1_MasterOperation@read                       cstackCOMRAM  00018
I2C1_MasterOperation@returnValue                cstackCOMRAM  00019
I2C1_MasterSendTxData@data                      cstackCOMRAM  00001
I2C1_Open@address                               cstackCOMRAM  0001A
I2C1_Open@returnValue                           cstackCOMRAM  0001B
I2C1_SetAddressNackCallback@cb                  cstackCOMRAM  0001D
I2C1_SetAddressNackCallback@ptr                 cstackCOMRAM  0001F
I2C1_SetBuffer@buffer                           cstackCOMRAM  00018
I2C1_SetBuffer@bufferSize                       cstackCOMRAM  0001A
I2C1_SetCallback@cb                             cstackCOMRAM  00018
I2C1_SetCallback@idx                            cstackCOMRAM  0001C
I2C1_SetCallback@ptr                            cstackCOMRAM  0001A
I2C1_SetDataCompleteCallback@cb                 cstackCOMRAM  0001D
I2C1_SetDataCompleteCallback@ptr                cstackCOMRAM  0001F
I2C1_SetInterruptHandler@InterruptHandler       cstackCOMRAM  00018
I2C1_Write1ByteRegister@address                 cstackCOMRAM  00023
I2C1_Write1ByteRegister@data                    cstackCOMRAM  00022
I2C1_Write1ByteRegister@reg                     cstackCOMRAM  00021
I2C1_WriteNBytes@address                        cstackCOMRAM  00025
I2C1_WriteNBytes@data                           cstackCOMRAM  00021
I2C1_WriteNBytes@len                            cstackCOMRAM  00023
_ADCON0                                         (abs)         00FC2
_ADCON0bits                                     (abs)         00FC2
_ADCON1                                         (abs)         00FC1
_ADCTRIG                                        (abs)         00EB8
_ADC_Initialize                                 text20        01BA6
_ADC_InterruptHandler                           bssCOMRAM     00037
_ADRESH                                         (abs)         00FC4
_ADRESL                                         (abs)         00FC3
_ANCON0                                         (abs)         00F48
_ANCON1                                         (abs)         00F49
_BAUDCON2                                       (abs)         00F7C
_EUSART2_DefaultErrorHandler                    text81        01D42
_EUSART2_DefaultFramingErrorHandler             text80        01D82
_EUSART2_DefaultOverrunErrorHandler             text79        01D3C
_EUSART2_ErrorHandler                           nvBANK0       000CA
_EUSART2_FramingErrorHandler                    nvBANK0       000CE
_EUSART2_Initialize                             text14        015C6
_EUSART2_OverrunErrorHandler                    nvBANK0       000CC
_EUSART2_Receive_ISR                            text78        011B6
_EUSART2_RxDataHandler                          text82        01AC8
_EUSART2_RxDefaultInterruptHandler              nvBANK0       000D0
_EUSART2_SetErrorHandler                        text19        01CCE
_EUSART2_SetFramingErrorHandler                 text18        01CC4
_EUSART2_SetOverrunErrorHandler                 text17        01CBA
_EUSART2_SetRxInterruptHandler                  text16        01CB0
_EUSART2_SetTxInterruptHandler                  text15        01CA6
_EUSART2_Transmit_ISR                           text77        0190A
_EUSART2_TxDefaultInterruptHandler              nvCOMRAM      00043
_EUSART2_Write                                  text6         01834
_I2C1_CallbackReturnReset                       text65        01D70
_I2C1_CallbackReturnStop                        text66        01D74
_I2C1_Close                                     text34        019C2
_I2C1_DO_ADDRESS_NACK                           text42        016A8
_I2C1_DO_IDLE                                   text56        01C90
_I2C1_DO_RCEN                                   text51        01C84
_I2C1_DO_RESET                                  text43        01C78
_I2C1_DO_RX                                     text52        01278
_I2C1_DO_RX_ACK                                 text46        01CFA
_I2C1_DO_RX_NACK_RESTART                        text44        01CEA
_I2C1_DO_RX_NACK_STOP                           text45        01CF2
_I2C1_DO_SEND_ADR_READ                          text55        01C68
_I2C1_DO_SEND_ADR_WRITE                         text54        01C58
_I2C1_DO_SEND_RESTART                           text48        01D0A
_I2C1_DO_SEND_RESTART_READ                      text50        01D1A
_I2C1_DO_SEND_RESTART_WRITE                     text49        01D12
_I2C1_DO_SEND_STOP                              text47        01D02
_I2C1_DO_TX                                     text53        010EE
_I2C1_DO_TX_EMPTY                               text57        01454
_I2C1_Initialize                                text13        01C20
_I2C1_MasterClearIrq                            text37        01D5C
_I2C1_MasterClose                               text36        01D58
_I2C1_MasterDisableIrq                          text35        01D54
_I2C1_MasterEnableIrq                           text30        01D4C
_I2C1_MasterEnableRestart                       text76        01D7C
_I2C1_MasterFsm                                 text40        01714
_I2C1_MasterGetRxData                           text62        01D68
_I2C1_MasterIsNack                              text59        01C34
_I2C1_MasterIsr                                 text39        01D2A
_I2C1_MasterOpen                                text29        01B84
_I2C1_MasterOperation                           text32        0188A
_I2C1_MasterSendAck                             text61        01D30
_I2C1_MasterSendNack                            text63        01D36
_I2C1_MasterSendTxData                          text60        01D22
_I2C1_MasterSetIrq                              text58        01D64
_I2C1_MasterStart                               text33        01D50
_I2C1_MasterStartRx                             text64        01D6C
_I2C1_MasterStop                                text75        01D78
_I2C1_MasterWrite                               text31        01CE2
_I2C1_Open                                      text27        01320
_I2C1_SetAddressNackCallback                    text25        01BDC
_I2C1_SetBuffer                                 text24        01B1A
_I2C1_SetCallback                               text26        014D2
_I2C1_SetDataCompleteCallback                   text23        01BC4
_I2C1_SetInterruptHandler                       text28        01CD8
_I2C1_Status                                    bssBANK0      00060
_I2C1_Write1ByteRegister                        text22        0163A
_I2C1_WriteNBytes                               text21        017DA
_INTCON2bits                                    (abs)         00FF1
_INTCONbits                                     (abs)         00FF2
_INTERRUPT_Initialize                           text12        01D48
_INTERRUPT_InterruptManager                     intcode       00008
_LATA                                           (abs)         00F89
_LATAbits                                       (abs)         00F89
_LATB                                           (abs)         00F8A
_LATC                                           (abs)         00F8B
_LATCbits                                       (abs)         00F8B
_MSSP1_InterruptHandler                         bssCOMRAM     00039
_ODCON1                                         (abs)         00F42
_ODCON2                                         (abs)         00F41
_ODCON3                                         (abs)         00F40
_OSCCON                                         (abs)         00FD3
_OSCCON2                                        (abs)         00F87
_OSCILLATOR_Initialize                          text11        01C0C
_OSCTUNE                                        (abs)         00F9B
_PIE1bits                                       (abs)         00F9D
_PIE2bits                                       (abs)         00FA0
_PIE3bits                                       (abs)         00FA3
_PIN_MANAGER_Initialize                         text10        01988
_PIR1bits                                       (abs)         00F9E
_PIR2bits                                       (abs)         00FA1
_PIR3bits                                       (abs)         00FA4
_PR2                                            (abs)         00FCB
_RCONbits                                       (abs)         00FD0
_RCREG2                                         (abs)         00FAA
_RCSTA2                                         (abs)         00F9C
_RCSTA2bits                                     (abs)         00F9C
_REFOCON                                        (abs)         00F3D
_RPINR16                                        (abs)         00EF7
_RPOR17                                         (abs)         00ED1
_SPBRG2                                         (abs)         00FAB
_SPBRGH2                                        (abs)         00F7D
_SSP1ADD                                        (abs)         00FC8
_SSP1BUF                                        (abs)         00FC9
_SSP1CON1                                       (abs)         00FC6
_SSP1CON1bits                                   (abs)         00FC6
_SSP1CON2                                       (abs)         00FC5
_SSP1CON2bits                                   (abs)         00FC5
_SSP1STAT                                       (abs)         00FC7
_SSP1STATbits                                   (abs)         00FC7
_SYSTEM_Initialize                              text7         01B62
_T1CON                                          (abs)         00FCD
_T1CONbits                                      (abs)         00FCD
_T1GCON                                         (abs)         00F9A
_T1GCONbits                                     (abs)         00F9A
_T2CON                                          (abs)         00FCA
_T2CONbits                                      (abs)         00FCA
_TMR1H                                          (abs)         00FCF
_TMR1L                                          (abs)         00FCE
_TMR1_Initialize                                text9         01A9E
_TMR2                                           (abs)         00FCC
_TMR2_Initialize                                text8         01C48
_TRISA                                          (abs)         00F92
_TRISB                                          (abs)         00F93
_TRISC                                          (abs)         00F94
_TXREG2                                         (abs)         00FA9
_TXSTA2                                         (abs)         00FA8
_TXSTA2bits                                     (abs)         00FA8
__HRAM                                          (abs)         00000
__Habs1                                         abs1          00000
__Hbank0                                        bank0         00000
__Hbank1                                        bank1         00000
__Hbank10                                       bank10        00000
__Hbank11                                       bank11        00000
__Hbank12                                       bank12        00000
__Hbank13                                       bank13        00000
__Hbank14                                       bank14        00000
__Hbank2                                        bank2         00000
__Hbank3                                        bank3         00000
__Hbank4                                        bank4         00000
__Hbank5                                        bank5         00000
__Hbank6                                        bank6         00000
__Hbank7                                        bank7         00000
__Hbank8                                        bank8         00000
__Hbank9                                        bank9         00000
__Hbigbss                                       bigbss        00000
__Hbigdata                                      bigdata       00000
__Hbigram                                       bigram        00000
__Hbigsfr                                       bigsfr        00000
__Hbss                                          bss           00000
__HbssBANK0                                     bssBANK0      00000
__HbssCOMRAM                                    bssCOMRAM     00000
__Hcinit                                        cinit         00000
__Hclrtext                                      clrtext       00000
__Hcomram                                       comram        00000
__Hconfig                                       config        10000
__Hconst                                        const         00000
__HcstackBANK0                                  cstackBANK0   00000
__HcstackCOMRAM                                 cstackCOMRAM  00000
__Hdata                                         data          00000
__HdataCOMRAM                                   dataCOMRAM    00000
__Hfarbss                                       farbss        00000
__Hfardata                                      fardata       00000
__Hheap                                         heap          00000
__Hibigdata                                     ibigdata      00000
__Hidata                                        idata         00000
__HidataCOMRAM                                  idataCOMRAM   00000
__Hidloc                                        idloc         00000
__Hifardata                                     ifardata      00000
__Hinit                                         init          00140
__Hintcode                                      intcode       0013C
__Hintcode_body                                 intcode_body  00000
__Hintcodelo                                    intcodelo     0013C
__Hintentry                                     intentry      00000
__Hintret                                       intret        00000
__Hintsave_regs                                 intsave_regs  00000
__Hirdata                                       irdata        00000
__Hjflash_buffer                                jflash_buffer 0F800
__Hmediumconst                                  mediumconst   00000
__HnvBANK0                                      nvBANK0       00000
__HnvCOMRAM                                     nvCOMRAM      00000
__HnvFARRAM                                     nvFARRAM      00000
__Hnvbit                                        nvbit         00000
__Hnvrram                                       nvrram        00000
__Hparam                                        rparam        00000
__Hpowerup                                      powerup       0013C
__Hram                                          ram           00000
__Hramtop                                       ramtop        00F00
__Hrbit                                         rbit          00000
__Hrbss                                         rbss          00000
__Hrdata                                        rdata         00000
__Hreset_vec                                    reset_vec     00006
__Hrparam                                       rparam        00000
__Hsfr                                          sfr           00000
__Hsmallconst                                   smallconst    00F2C
__Hspace_0                                      (abs)         0F800
__Hspace_1                                      (abs)         000D2
__Hspace_2                                      (abs)         00000
__Hspace_4                                      (abs)         1FFF8
__Hstack                                        stack         00000
__Hstruct                                       struct        00000
__Htemp                                         temp          00049
__Htext                                         text          00000
__Htext0                                        text0         00000
__Htext1                                        text1         00000
__Htext10                                       text10        00000
__Htext11                                       text11        00000
__Htext12                                       text12        00000
__Htext13                                       text13        00000
__Htext14                                       text14        00000
__Htext15                                       text15        00000
__Htext16                                       text16        00000
__Htext17                                       text17        00000
__Htext18                                       text18        00000
__Htext19                                       text19        00000
__Htext2                                        text2         00000
__Htext20                                       text20        00000
__Htext21                                       text21        00000
__Htext22                                       text22        00000
__Htext23                                       text23        00000
__Htext24                                       text24        00000
__Htext25                                       text25        00000
__Htext26                                       text26        00000
__Htext27                                       text27        00000
__Htext28                                       text28        00000
__Htext29                                       text29        00000
__Htext3                                        text3         00000
__Htext30                                       text30        00000
__Htext31                                       text31        00000
__Htext32                                       text32        00000
__Htext33                                       text33        00000
__Htext34                                       text34        00000
__Htext35                                       text35        00000
__Htext36                                       text36        00000
__Htext37                                       text37        00000
__Htext39                                       text39        00000
__Htext4                                        text4         00000
__Htext40                                       text40        00000
__Htext41                                       text41        00000
__Htext42                                       text42        00000
__Htext43                                       text43        00000
__Htext44                                       text44        00000
__Htext45                                       text45        00000
__Htext46                                       text46        00000
__Htext47                                       text47        00000
__Htext48                                       text48        00000
__Htext49                                       text49        00000
__Htext5                                        text5         00000
__Htext50                                       text50        00000
__Htext51                                       text51        00000
__Htext52                                       text52        00000
__Htext53                                       text53        00000
__Htext54                                       text54        00000
__Htext55                                       text55        00000
__Htext56                                       text56        00000
__Htext57                                       text57        00000
__Htext58                                       text58        00000
__Htext59                                       text59        00000
__Htext6                                        text6         00000
__Htext60                                       text60        00000
__Htext61                                       text61        00000
__Htext62                                       text62        00000
__Htext63                                       text63        00000
__Htext64                                       text64        00000
__Htext65                                       text65        00000
__Htext66                                       text66        00000
__Htext67                                       text67        00000
__Htext68                                       text68        00000
__Htext69                                       text69        00000
__Htext7                                        text7         00000
__Htext70                                       text70        00000
__Htext71                                       text71        00000
__Htext72                                       text72        00000
__Htext73                                       text73        00000
__Htext74                                       text74        00000
__Htext75                                       text75        00000
__Htext76                                       text76        00000
__Htext77                                       text77        00000
__Htext78                                       text78        00000
__Htext79                                       text79        00000
__Htext8                                        text8         00000
__Htext80                                       text80        00000
__Htext81                                       text81        00000
__Htext82                                       text82        00000
__Htext83                                       text83        00000
__Htext9                                        text9         00000
__LRAM                                          (abs)         00001
__Labs1                                         abs1          00000
__Lbank0                                        bank0         00000
__Lbank1                                        bank1         00000
__Lbank10                                       bank10        00000
__Lbank11                                       bank11        00000
__Lbank12                                       bank12        00000
__Lbank13                                       bank13        00000
__Lbank14                                       bank14        00000
__Lbank2                                        bank2         00000
__Lbank3                                        bank3         00000
__Lbank4                                        bank4         00000
__Lbank5                                        bank5         00000
__Lbank6                                        bank6         00000
__Lbank7                                        bank7         00000
__Lbank8                                        bank8         00000
__Lbank9                                        bank9         00000
__Lbigbss                                       bigbss        00000
__Lbigdata                                      bigdata       00000
__Lbigram                                       bigram        00000
__Lbigsfr                                       bigsfr        00000
__Lbss                                          bss           00000
__LbssBANK0                                     bssBANK0      00000
__LbssCOMRAM                                    bssCOMRAM     00000
__Lcinit                                        cinit         00000
__Lclrtext                                      clrtext       00000
__Lcomram                                       comram        00000
__Lconfig                                       config        00000
__Lconst                                        const         00000
__LcstackBANK0                                  cstackBANK0   00000
__LcstackCOMRAM                                 cstackCOMRAM  00000
__Ldata                                         data          00000
__LdataCOMRAM                                   dataCOMRAM    00000
__Lfarbss                                       farbss        00000
__Lfardata                                      fardata       00000
__Lheap                                         heap          00000
__Libigdata                                     ibigdata      00000
__Lidata                                        idata         00000
__LidataCOMRAM                                  idataCOMRAM   00000
__Lidloc                                        idloc         00000
__Lifardata                                     ifardata      00000
__Linit                                         init          0013C
__Lintcode                                      intcode       00008
__Lintcode_body                                 intcode_body  00000
__Lintcodelo                                    intcodelo     0013C
__Lintentry                                     intentry      00000
__Lintret                                       intret        00000
__Lintsave_regs                                 intsave_regs  00000
__Lirdata                                       irdata        00000
__Ljflash_buffer                                jflash_buffer 0F800
__Lmediumconst                                  mediumconst   00000
__LnvBANK0                                      nvBANK0       00000
__LnvCOMRAM                                     nvCOMRAM      00000
__LnvFARRAM                                     nvFARRAM      00000
__Lnvbit                                        nvbit         00000
__Lnvrram                                       nvrram        00000
__Lparam                                        rparam        00000
__Lpowerup                                      powerup       0013C
__Lram                                          ram           00000
__Lramtop                                       ramtop        00F00
__Lrbit                                         rbit          00000
__Lrbss                                         rbss          00000
__Lrdata                                        rdata         00000
__Lreset_vec                                    reset_vec     00000
__Lrparam                                       rparam        00000
__Lsfr                                          sfr           00000
__Lsmallconst                                   smallconst    00F00
__Lspace_0                                      (abs)         00000
__Lspace_1                                      (abs)         00000
__Lspace_2                                      (abs)         00000
__Lspace_4                                      (abs)         00000
__Lstack                                        stack         00000
__Lstruct                                       struct        00000
__Ltemp                                         temp          00048
__Ltext                                         text          00000
__Ltext0                                        text0         00000
__Ltext1                                        text1         00000
__Ltext10                                       text10        00000
__Ltext11                                       text11        00000
__Ltext12                                       text12        00000
__Ltext13                                       text13        00000
__Ltext14                                       text14        00000
__Ltext15                                       text15        00000
__Ltext16                                       text16        00000
__Ltext17                                       text17        00000
__Ltext18                                       text18        00000
__Ltext19                                       text19        00000
__Ltext2                                        text2         00000
__Ltext20                                       text20        00000
__Ltext21                                       text21        00000
__Ltext22                                       text22        00000
__Ltext23                                       text23        00000
__Ltext24                                       text24        00000
__Ltext25                                       text25        00000
__Ltext26                                       text26        00000
__Ltext27                                       text27        00000
__Ltext28                                       text28        00000
__Ltext29                                       text29        00000
__Ltext3                                        text3         00000
__Ltext30                                       text30        00000
__Ltext31                                       text31        00000
__Ltext32                                       text32        00000
__Ltext33                                       text33        00000
__Ltext34                                       text34        00000
__Ltext35                                       text35        00000
__Ltext36                                       text36        00000
__Ltext37                                       text37        00000
__Ltext39                                       text39        00000
__Ltext4                                        text4         00000
__Ltext40                                       text40        00000
__Ltext41                                       text41        00000
__Ltext42                                       text42        00000
__Ltext43                                       text43        00000
__Ltext44                                       text44        00000
__Ltext45                                       text45        00000
__Ltext46                                       text46        00000
__Ltext47                                       text47        00000
__Ltext48                                       text48        00000
__Ltext49                                       text49        00000
__Ltext5                                        text5         00000
__Ltext50                                       text50        00000
__Ltext51                                       text51        00000
__Ltext52                                       text52        00000
__Ltext53                                       text53        00000
__Ltext54                                       text54        00000
__Ltext55                                       text55        00000
__Ltext56                                       text56        00000
__Ltext57                                       text57        00000
__Ltext58                                       text58        00000
__Ltext59                                       text59        00000
__Ltext6                                        text6         00000
__Ltext60                                       text60        00000
__Ltext61                                       text61        00000
__Ltext62                                       text62        00000
__Ltext63                                       text63        00000
__Ltext64                                       text64        00000
__Ltext65                                       text65        00000
__Ltext66                                       text66        00000
__Ltext67                                       text67        00000
__Ltext68                                       text68        00000
__Ltext69                                       text69        00000
__Ltext7                                        text7         00000
__Ltext70                                       text70        00000
__Ltext71                                       text71        00000
__Ltext72                                       text72        00000
__Ltext73                                       text73        00000
__Ltext74                                       text74        00000
__Ltext75                                       text75        00000
__Ltext76                                       text76        00000
__Ltext77                                       text77        00000
__Ltext78                                       text78        00000
__Ltext79                                       text79        00000
__Ltext8                                        text8         00000
__Ltext80                                       text80        00000
__Ltext81                                       text81        00000
__Ltext82                                       text82        00000
__Ltext83                                       text83        00000
__Ltext9                                        text9         00000
__S0                                            (abs)         01D84
__S1                                            (abs)         000D2
__S4                                            (abs)         00000
___heap_hi                                      (abs)         00000
___heap_lo                                      (abs)         00000
___inthi_sp                                     stack         00000
___intlo_sp                                     stack         00000
___param_bank                                   (abs)         00000
___rparam_used                                  (abs)         00001
___sp                                           stack         00000
__accesstop                                     (abs)         00060
__activetblptr                                  (abs)         00002
__end_of_ADC_Initialize                         text20        01BC4
__end_of_EUSART2_DefaultErrorHandler            text81        01D48
__end_of_EUSART2_DefaultFramingErrorHandler     text80        01D84
__end_of_EUSART2_DefaultOverrunErrorHandler     text79        01D42
__end_of_EUSART2_Initialize                     text14        0163A
__end_of_EUSART2_Receive_ISR                    text78        01278
__end_of_EUSART2_RxDataHandler                  text82        01AF2
__end_of_EUSART2_SetErrorHandler                text19        01CD8
__end_of_EUSART2_SetFramingErrorHandler         text18        01CCE
__end_of_EUSART2_SetOverrunErrorHandler         text17        01CC4
__end_of_EUSART2_SetRxInterruptHandler          text16        01CBA
__end_of_EUSART2_SetTxInterruptHandler          text15        01CB0
__end_of_EUSART2_Transmit_ISR                   text77        0194A
__end_of_EUSART2_Write                          text6         0188A
__end_of_I2C1_CallbackReturnReset               text65        01D74
__end_of_I2C1_CallbackReturnStop                text66        01D78
__end_of_I2C1_Close                             text34        019EE
__end_of_I2C1_DO_ADDRESS_NACK                   text42        01714
__end_of_I2C1_DO_IDLE                           text56        01C9C
__end_of_I2C1_DO_RCEN                           text51        01C90
__end_of_I2C1_DO_RESET                          text43        01C84
__end_of_I2C1_DO_RX                             text52        01320
__end_of_I2C1_DO_RX_ACK                         text46        01D02
__end_of_I2C1_DO_RX_NACK_RESTART                text44        01CF2
__end_of_I2C1_DO_RX_NACK_STOP                   text45        01CFA
__end_of_I2C1_DO_SEND_ADR_READ                  text55        01C78
__end_of_I2C1_DO_SEND_ADR_WRITE                 text54        01C68
__end_of_I2C1_DO_SEND_RESTART                   text48        01D12
__end_of_I2C1_DO_SEND_RESTART_READ              text50        01D22
__end_of_I2C1_DO_SEND_RESTART_WRITE             text49        01D1A
__end_of_I2C1_DO_SEND_STOP                      text47        01D0A
__end_of_I2C1_DO_TX                             text53        011B6
__end_of_I2C1_DO_TX_EMPTY                       text57        014D2
__end_of_I2C1_Initialize                        text13        01C34
__end_of_I2C1_MasterClearIrq                    text37        01D60
__end_of_I2C1_MasterClose                       text36        01D5C
__end_of_I2C1_MasterDisableIrq                  text35        01D58
__end_of_I2C1_MasterEnableIrq                   text30        01D50
__end_of_I2C1_MasterEnableRestart               text76        01D80
__end_of_I2C1_MasterFsm                         text40        01778
__end_of_I2C1_MasterGetRxData                   text62        01D6C
__end_of_I2C1_MasterIsNack                      text59        01C48
__end_of_I2C1_MasterIsr                         text39        01D30
__end_of_I2C1_MasterOpen                        text29        01BA6
__end_of_I2C1_MasterOperation                   text32        018CA
__end_of_I2C1_MasterSendAck                     text61        01D36
__end_of_I2C1_MasterSendNack                    text63        01D3C
__end_of_I2C1_MasterSendTxData                  text60        01D2A
__end_of_I2C1_MasterSetIrq                      text58        01D68
__end_of_I2C1_MasterStart                       text33        01D54
__end_of_I2C1_MasterStartRx                     text64        01D70
__end_of_I2C1_MasterStop                        text75        01D7C
__end_of_I2C1_MasterWrite                       text31        01CEA
__end_of_I2C1_Open                              text27        013BE
__end_of_I2C1_SetAddressNackCallback            text25        01BF4
__end_of_I2C1_SetBuffer                         text24        01B3E
__end_of_I2C1_SetCallback                       text26        0154C
__end_of_I2C1_SetDataCompleteCallback           text23        01BDC
__end_of_I2C1_SetInterruptHandler               text28        01CE2
__end_of_I2C1_Write1ByteRegister                text22        016A8
__end_of_I2C1_WriteNBytes                       text21        01834
__end_of_INTERRUPT_Initialize                   text12        01D4C
__end_of_INTERRUPT_InterruptManager             intcode       0013C
__end_of_OSCILLATOR_Initialize                  text11        01C20
__end_of_PIN_MANAGER_Initialize                 text10        019C2
__end_of_SYSTEM_Initialize                      text7         01B84
__end_of_TMR1_Initialize                        text9         01AC8
__end_of_TMR2_Initialize                        text8         01C58
__end_of__initialization                        cinit         0197A
__end_of_fputc                                  text4         01454
__end_of_i2c1_fsmStateTable                     smallconst    00F21
__end_of_main                                   text0         010EE
__end_of_printf                                 text1         01B1A
__end_of_putch                                  text5         01CA6
__end_of_rd1RegCompleteHandler                  text70        01A72
__end_of_rd2RegCompleteHandler                  text69        01A46
__end_of_rdBlkRegCompleteHandler                text67        0190A
__end_of_vfpfcnvrt                              text3         0101A
__end_of_vfprintf                               text2         017DA
__end_of_wr1RegCompleteHandler                  text68        01A1A
__end_of_wr2RegCompleteHandler                  text71        01A9E
__end_ofi2_I2C1_MasterClearIrq                  text41        01D64
__end_ofi2_I2C1_SetBuffer                       text74        01B62
__end_ofi2_I2C1_SetCallback                     text73        015C6
__end_ofi2_I2C1_SetDataCompleteCallback         text72        01C0C
__initialization                                cinit         0194A
__mediumconst                                   mediumconst   00000
__pbssBANK0                                     bssBANK0      00060
__pbssCOMRAM                                    bssCOMRAM     00027
__pcinit                                        cinit         0194A
__pcstackBANK0                                  cstackBANK0   000B4
__pcstackCOMRAM                                 cstackCOMRAM  00001
__pdataCOMRAM                                   dataCOMRAM    00046
__pidataCOMRAM                                  idataCOMRAM   01D80
__pintcode                                      intcode       00008
__pnvBANK0                                      nvBANK0       000CA
__pnvCOMRAM                                     nvCOMRAM      00041
__psmallconst                                   smallconst    00F00
__ptext0                                        text0         0101A
__ptext1                                        text1         01AF2
__ptext10                                       text10        01988
__ptext11                                       text11        01C0C
__ptext12                                       text12        01D48
__ptext13                                       text13        01C20
__ptext14                                       text14        015C6
__ptext15                                       text15        01CA6
__ptext16                                       text16        01CB0
__ptext17                                       text17        01CBA
__ptext18                                       text18        01CC4
__ptext19                                       text19        01CCE
__ptext2                                        text2         01778
__ptext20                                       text20        01BA6
__ptext21                                       text21        017DA
__ptext22                                       text22        0163A
__ptext23                                       text23        01BC4
__ptext24                                       text24        01B1A
__ptext25                                       text25        01BDC
__ptext26                                       text26        014D2
__ptext27                                       text27        01320
__ptext28                                       text28        01CD8
__ptext29                                       text29        01B84
__ptext3                                        text3         00F2C
__ptext30                                       text30        01D4C
__ptext31                                       text31        01CE2
__ptext32                                       text32        0188A
__ptext33                                       text33        01D50
__ptext34                                       text34        019C2
__ptext35                                       text35        01D54
__ptext36                                       text36        01D58
__ptext37                                       text37        01D5C
__ptext39                                       text39        01D2A
__ptext4                                        text4         013BE
__ptext40                                       text40        01714
__ptext41                                       text41        01D60
__ptext42                                       text42        016A8
__ptext43                                       text43        01C78
__ptext44                                       text44        01CEA
__ptext45                                       text45        01CF2
__ptext46                                       text46        01CFA
__ptext47                                       text47        01D02
__ptext48                                       text48        01D0A
__ptext49                                       text49        01D12
__ptext5                                        text5         01C9C
__ptext50                                       text50        01D1A
__ptext51                                       text51        01C84
__ptext52                                       text52        01278
__ptext53                                       text53        010EE
__ptext54                                       text54        01C58
__ptext55                                       text55        01C68
__ptext56                                       text56        01C90
__ptext57                                       text57        01454
__ptext58                                       text58        01D64
__ptext59                                       text59        01C34
__ptext6                                        text6         01834
__ptext60                                       text60        01D22
__ptext61                                       text61        01D30
__ptext62                                       text62        01D68
__ptext63                                       text63        01D36
__ptext64                                       text64        01D6C
__ptext65                                       text65        01D70
__ptext66                                       text66        01D74
__ptext67                                       text67        018CA
__ptext68                                       text68        019EE
__ptext69                                       text69        01A1A
__ptext7                                        text7         01B62
__ptext70                                       text70        01A46
__ptext71                                       text71        01A72
__ptext72                                       text72        01BF4
__ptext73                                       text73        0154C
__ptext74                                       text74        01B3E
__ptext75                                       text75        01D78
__ptext76                                       text76        01D7C
__ptext77                                       text77        0190A
__ptext78                                       text78        011B6
__ptext79                                       text79        01D3C
__ptext8                                        text8         01C48
__ptext80                                       text80        01D82
__ptext81                                       text81        01D42
__ptext82                                       text82        01AC8
__ptext83                                       text83        00000
__ptext9                                        text9         01A9E
__ramtop                                        ramtop        00F00
__smallconst                                    smallconst    00F00
_cmd_length                                     dataCOMRAM    00046
_eusart2RxBuffer                                bssBANK0      000A4
_eusart2RxCount                                 bssCOMRAM     0003C
_eusart2RxHead                                  bssCOMRAM     0003E
_eusart2RxLastError                             bssCOMRAM     0003B
_eusart2RxStatusBuffer                          bssCOMRAM     00027
_eusart2RxTail                                  bssCOMRAM     0003D
_eusart2TxBuffer                                bssBANK0      000AC
_eusart2TxBufferRemaining                       nvCOMRAM      00045
_eusart2TxHead                                  bssCOMRAM     00040
_eusart2TxTail                                  bssCOMRAM     0003F
_flags                                          bssCOMRAM     00035
_fputc                                          text4         013BE
_i2c1_fsmStateTable                             smallconst    00F01
_main                                           text0         0101A
_nout                                           bssCOMRAM     0002F
_prec                                           bssCOMRAM     00033
_printf                                         text1         01AF2
_putch                                          text5         01C9C
_rd1RegCompleteHandler                          text70        01A46
_rd2RegCompleteHandler                          text69        01A1A
_rdBlkRegCompleteHandler                        text67        018CA
_timer1ReloadVal                                nvCOMRAM      00041
_vfpfcnvrt                                      text3         00F2C
_vfprintf                                       text2         01778
_width                                          bssCOMRAM     00031
_wr1RegCompleteHandler                          text68        019EE
_wr2RegCompleteHandler                          text71        01A72
btemp                                           temp          00048
end_of_initialization                           cinit         0197A
fputc@c                                         cstackCOMRAM  0001A
fputc@fp                                        cstackCOMRAM  0001C
i2I2C1_SetBuffer@buffer                         cstackCOMRAM  00001
i2I2C1_SetBuffer@bufferSize                     cstackCOMRAM  00003
i2I2C1_SetCallback@cb                           cstackCOMRAM  00001
i2I2C1_SetCallback@idx                          cstackCOMRAM  00005
i2I2C1_SetCallback@ptr                          cstackCOMRAM  00003
i2I2C1_SetDataCompleteCallback@cb               cstackCOMRAM  00006
i2I2C1_SetDataCompleteCallback@ptr              cstackCOMRAM  00008
i2_I2C1_MasterClearIrq                          text41        01D60
i2_I2C1_SetBuffer                               text74        01B3E
i2_I2C1_SetCallback                             text73        0154C
i2_I2C1_SetDataCompleteCallback                 text72        01BF4
int$flags                                       temp          00048
intlevel0                                       text          00000
intlevel1                                       text          00000
intlevel2                                       text          00000
intlevel3                                       text          00000
isa$std                                         (abs)         00001
isa$xinst                                       (abs)         00000
main@baro_reset_cmd                             cstackBANK0   000C9
main@buffer                                     cstackBANK0   000C8
main@bufferPointer                              cstackBANK0   000C6
main@i2cSize                                    cstackBANK0   000C4
printf@ap                                       cstackBANK0   000C0
printf@fmt                                      cstackCOMRAM  00025
putch@txData                                    cstackCOMRAM  00019
rd1RegCompleteHandler@ptr                       cstackCOMRAM  0000A
rd2RegCompleteHandler@ptr                       cstackCOMRAM  0000A
rdBlkRegCompleteHandler@ptr                     cstackCOMRAM  0000A
stackhi                                         (abs)         00000
stacklo                                         (abs)         00000
start                                           init          0013C
start_initialization                            cinit         0194A
ttemp5                                          temp          00049
ttemp6                                          temp          0004C
ttemp7                                          temp          00050
vfpfcnvrt@ap                                    cstackBANK0   000B8
vfpfcnvrt@fmt                                   cstackBANK0   000B6
vfpfcnvrt@fp                                    cstackBANK0   000B4
vfprintf@ap                                     cstackBANK0   000BE
vfprintf@cfmt                                   cstackCOMRAM  00023
vfprintf@fmt                                    cstackBANK0   000BC
vfprintf@fp                                     cstackBANK0   000BA
wr1RegCompleteHandler@ptr                       cstackCOMRAM  0000A
wr2RegCompleteHandler@ptr                       cstackCOMRAM  0000A
wtemp8                                          temp          00049


MODULE INFORMATION

Module		Function		Class		Link	Load	Size
mcc_generated_files/examples/i2c1_master_example.c
		_wr1RegCompleteHandler		CODE           	19EE	0000	44
		_wr2RegCompleteHandler		CODE           	1A72	0000	44
		_I2C1_Write1ByteRegister		CODE           	163A	0000	110
		_rdBlkRegCompleteHandler		CODE           	18CA	0000	64
		_rd1RegCompleteHandler		CODE           	1A46	0000	44
		_rd2RegCompleteHandler		CODE           	1A1A	0000	44
		_I2C1_WriteNBytes		CODE           	17DA	0000	90

mcc_generated_files/examples/i2c1_master_example.c estimated size: 440

mcc_generated_files/eusart2.c
		_putch         		CODE           	1C9C	0000	10
		_EUSART2_SetOverrunErrorHandler		CODE           	1CBA	0000	10
		_EUSART2_SetErrorHandler		CODE           	1CCE	0000	10
		_EUSART2_Write 		CODE           	1834	0000	86
		_EUSART2_Receive_ISR		CODE           	11B6	0000	194
		_EUSART2_RxDataHandler		CODE           	1AC8	0000	42
		_EUSART2_DefaultOverrunErrorHandler		CODE           	1D3C	0000	6
		_EUSART2_Transmit_ISR		CODE           	190A	0000	64
		_EUSART2_DefaultFramingErrorHandler		CODE           	1D82	0000	2
		_EUSART2_SetRxInterruptHandler		CODE           	1CB0	0000	10
		_EUSART2_SetTxInterruptHandler		CODE           	1CA6	0000	10
		_EUSART2_Initialize		CODE           	15C6	0000	116
		_EUSART2_DefaultErrorHandler		CODE           	1D42	0000	6
		_EUSART2_SetFramingErrorHandler		CODE           	1CC4	0000	10

mcc_generated_files/eusart2.c estimated size: 576

mcc_generated_files/i2c1_master.c
		_I2C1_DO_SEND_RESTART		CODE           	1D0A	0000	8
		_I2C1_DO_TX_EMPTY		CODE           	1454	0000	126
		_I2C1_DO_SEND_RESTART_READ		CODE           	1D1A	0000	8
		_I2C1_CallbackReturnStop		CODE           	1D74	0000	4
		_I2C1_DO_RX    		CODE           	1278	0000	168
		_I2C1_DO_TX    		CODE           	10EE	0000	200
		_I2C1_SetAddressNackCallback		CODE           	1BDC	0000	24
		_I2C1_DO_IDLE  		CODE           	1C90	0000	12
		_I2C1_MasterOpen		CODE           	1B84	0000	34
		_I2C1_DO_RCEN  		CODE           	1C84	0000	12
		_I2C1_MasterSendTxData		CODE           	1D22	0000	8
		_I2C1_MasterStop		CODE           	1D78	0000	4
		_I2C1_CallbackReturnReset		CODE           	1D70	0000	4
		_I2C1_DO_RESET 		CODE           	1C78	0000	12
		_I2C1_MasterStartRx		CODE           	1D6C	0000	4
		_I2C1_DO_RX_ACK		CODE           	1CFA	0000	8
		_I2C1_MasterSendNack		CODE           	1D36	0000	6
		_I2C1_DO_RX_NACK_RESTART		CODE           	1CEA	0000	8
		_I2C1_MasterDisableIrq		CODE           	1D54	0000	4
		_I2C1_MasterOperation		CODE           	188A	0000	64
		_I2C1_SetCallback		CODE           	14D2	0000	122
		_I2C1_MasterEnableRestart		CODE           	1D7C	0000	4
		_I2C1_Open     		CODE           	1320	0000	158
		_I2C1_DO_ADDRESS_NACK		CODE           	16A8	0000	108
		_I2C1_SetBuffer		CODE           	1B1A	0000	36
		_I2C1_DO_SEND_RESTART_WRITE		CODE           	1D12	0000	8
		_I2C1_MasterClose		CODE           	1D58	0000	4
		_I2C1_MasterWrite		CODE           	1CE2	0000	8
		_I2C1_Initialize		CODE           	1C20	0000	20
		_I2C1_Close    		CODE           	19C2	0000	44
		_I2C1_MasterIsNack		CODE           	1C34	0000	20
		_I2C1_MasterStart		CODE           	1D50	0000	4
		_I2C1_DO_SEND_ADR_WRITE		CODE           	1C58	0000	16
		_I2C1_MasterClearIrq		CODE           	1D5C	0000	4
		_I2C1_SetDataCompleteCallback		CODE           	1BC4	0000	24
		_I2C1_DO_SEND_STOP		CODE           	1D02	0000	8
		_I2C1_MasterSendAck		CODE           	1D30	0000	6
		_I2C1_MasterFsm		CODE           	1714	0000	100
		_I2C1_MasterIsr		CODE           	1D2A	0000	6
		_I2C1_MasterGetRxData		CODE           	1D68	0000	4
		_I2C1_SetInterruptHandler		CODE           	1CD8	0000	10
		_I2C1_MasterSetIrq		CODE           	1D64	0000	4
		_I2C1_DO_SEND_ADR_READ		CODE           	1C68	0000	16
		_I2C1_MasterEnableIrq		CODE           	1D4C	0000	4
		_I2C1_DO_RX_NACK_STOP		CODE           	1CF2	0000	8

mcc_generated_files/i2c1_master.c estimated size: 1464

mcc_generated_files/tmr2.c
		_TMR2_Initialize		CODE           	1C48	0000	16

mcc_generated_files/tmr2.c estimated size: 16

mcc_generated_files/interrupt_manager.c
		_INTERRUPT_Initialize		CODE           	1D48	0000	4
		_INTERRUPT_InterruptManager		CODE           	0008	0000	308

mcc_generated_files/interrupt_manager.c estimated size: 312

C:\Program Files\Microchip\xc8\v2.35\pic\sources\c99\common\nf_fputc.c
		_fputc         		CODE           	13BE	0000	150

C:\Program Files\Microchip\xc8\v2.35\pic\sources\c99\common\nf_fputc.c estimated size: 150

mcc_generated_files/pin_manager.c
		_PIN_MANAGER_Initialize		CODE           	1988	0000	58

mcc_generated_files/pin_manager.c estimated size: 58

mcc_generated_files/adc.c
		_ADC_Initialize		CODE           	1BA6	0000	30

mcc_generated_files/adc.c estimated size: 30

C:\Program Files\Microchip\xc8\v2.35\pic\sources\c99\common\printf.c
		_printf        		CODE           	1AF2	0000	40

C:\Program Files\Microchip\xc8\v2.35\pic\sources\c99\common\printf.c estimated size: 40

shared
		i2_I2C1_SetBuffer		CODE           	1B3E	0000	36
		i2_I2C1_SetCallback		CODE           	154C	0000	122
		__initialization		CODE           	194A	0000	48
		_i2c1_fsmStateTable		SMALLCONST     	0F01	0000	32
		i2_I2C1_MasterClearIrq		CODE           	1D60	0000	4
		i2_I2C1_SetDataCompleteCallback		CODE           	1BF4	0000	24

shared estimated size: 266

mcc_generated_files/mcc.c
		_OSCILLATOR_Initialize		CODE           	1C0C	0000	20
		_SYSTEM_Initialize		CODE           	1B62	0000	34

mcc_generated_files/mcc.c estimated size: 54

mcc_generated_files/tmr1.c
		_TMR1_Initialize		CODE           	1A9E	0000	42

mcc_generated_files/tmr1.c estimated size: 42

main.c
		_main          		CODE           	101A	0000	212

main.c estimated size: 212

C:\Program Files\Microchip\xc8\v2.35\pic\sources\c99\common\doprnt.c
		_vfpfcnvrt     		CODE           	0F2C	0000	238
		_vfprintf      		CODE           	1778	0000	98

C:\Program Files\Microchip\xc8\v2.35\pic\sources\c99\common\doprnt.c estimated size: 336

