Microchip MPLAB XC8 Compiler V2.35

Linker command line:

-W-3 --edf=C:\Program Files\Microchip\xc8\v2.35\pic\dat\en_msgs.txt -cn \
  -h+dist/default/debug\team207_main_testing.X.debug.sym \
  --cmf=dist/default/debug\team207_main_testing.X.debug.cmf -z -Q18F26J53 \
  -oC:\Users\mx3de\AppData\Local\Temp\xcAs194o.4 --defsym=__MPLAB_BUILD=1 \
  -Mdist/default/debug/team207_main_testing.X.debug.map \
  --md=C:\Users\mx3de\AppData\Local\Temp\xcAs194o.dat -E1 -ver=XC8 Compiler \
  --acfsm=1493 -ACODE=00h-0FFF7h -ACONST=00h-0FFF7h \
  -ASMALLCONST=0F00h-0FFFhx240,0FF00h-0FFF7h -AMEDIUMCONST=0F00h-0FFF7h \
  -ACOMRAM=01h-05Fh -AABS1=00h-0EAFh -ABIGRAM=01h-0EAFh \
  -ARAM=060h-0FFh,0100h-01FFhx13,0E00h-0EAFh -ABANK0=060h-0FFh \
  -ABANK1=0100h-01FFh -ABANK2=0200h-02FFh -ABANK3=0300h-03FFh \
  -ABANK4=0400h-04FFh -ABANK5=0500h-05FFh -ABANK6=0600h-06FFh \
  -ABANK7=0700h-07FFh -ABANK8=0800h-08FFh -ABANK9=0900h-09FFh \
  -ABANK10=0A00h-0AFFh -ABANK11=0B00h-0BFFh -ABANK12=0C00h-0CFFh \
  -ABANK13=0D00h-0DFFh -ABANK14=0E00h-0EAFh \
  -ASFR=0EB0h-0EFFh,0F00h-0F5Fh,0F60h-0FFCh -ABIGSFR=0EB0h-0FFCh \
  -ACONFIG=0FFF8h-0FFFFh -preset_vec=00h,intcode=08h,intcodelo,powerup,init \
  -pramtop=0F00h -psmallconst=SMALLCONST -pmediumconst=MEDIUMCONST \
  -pconst=CONST -AFARRAM=00h-00h -pjflash_buffer=0F800h \
  -prdata=COMRAM,nvrram=COMRAM,nvbit=COMRAM,rbss=COMRAM,rbit=COMRAM \
  -pfarbss=FARRAM,fardata=FARRAM,nvFARRAM=FARRAM \
  -pintsave_regs=BIGRAM,bigbss=BIGRAM,bigdata=BIGRAM -pbss=RAM \
  -pidata=CODE,irdata=CODE,ibigdata=CODE,ifardata=CODE -prparam=COMRAM \
  C:\Users\mx3de\AppData\Local\Temp\xcAs194o.o \
  dist/default/debug\team207_main_testing.X.debug.o 

Object code version is 3.11

Machine type is 18F26J53



                Name                               Link     Load   Length Selector   Space Scale
C:\Users\mx3de\AppData\Local\Temp\xcAs194o.o
                config                             FFF8     FFF8        8        0       4
                init                                13A      13A        4        4       0
                reset_vec                             0        0        6        0       0
dist/default/debug\team207_main_testing.X.debug.o
                intcode                               8        8      132        4       0
                config                             FFF8     FFF8        8        0       4
                temp                                 48       48        1        1       1
                smallconst                          F00      F00       2A      780       0
                text66                             17FC     17FC       2A      795       0
                text65                             1A38     1A38        6      795       0
                text64                             1A62     1A62        2      795       0
                text63                             1A32     1A32        6      795       0
                text62                             10E0     10E0       C0      795       0
                text61                             16A8     16A8       40      795       0
                text60                             1A5E     1A5E        4      795       0
                text59                             1A5A     1A5A        4      795       0
                text58                             13F2     13F2       7A      795       0
                text57                             18FC     18FC       18      795       0
                text56                             1898     1898       24      795       0
                text55                             17A6     17A6       2C      795       0
                text54                             177A     177A       2C      795       0
                text53                             174E     174E       2C      795       0
                text52                             1722     1722       2C      795       0
                text51                             1668     1668       40      795       0
                text50                             1A56     1A56        4      795       0
                text49                             1A52     1A52        4      795       0
                text48                             1A4E     1A4E        4      795       0
                text47                             1A2C     1A2C        6      795       0
                text46                             1A4A     1A4A        4      795       0
                text45                             1A26     1A26        6      795       0
                text44                             1A18     1A18        8      795       0
                text43                             193C     193C       14      795       0
                text42                             1A46     1A46        4      795       0
                text41                             1374     1374       7E      795       0
                text40                             1998     1998        C      795       0
                text39                             1970     1970       10      795       0
                text38                             1960     1960       10      795       0
                text37                             1018     1018       C8      795       0
                text36                             11A0     11A0       A8      795       0
                text35                             198C     198C        C      795       0
                text34                             1A10     1A10        8      795       0
                text33                             1A08     1A08        8      795       0
                text32                             1A00     1A00        8      795       0
                text31                             19F8     19F8        8      795       0
                text30                             19F0     19F0        8      795       0
                text29                             19E8     19E8        8      795       0
                text28                             19E0     19E0        8      795       0
                text27                             1980     1980        C      795       0
                text26                             14E0     14E0       6C      795       0
                text25                             1A42     1A42        4      795       0
                text24                             154C     154C       64      795       0
                text23                             1A20     1A20        6      795       0
                text21                             1874     1874       24      795       0
                text20                             18DE     18DE       1E      795       0
                text19                             19D6     19D6        A      795       0
                text18                             19CC     19CC        A      795       0
                text17                             19C2     19C2        A      795       0
                text16                             19B8     19B8        A      795       0
                text15                             19AE     19AE        A      795       0
                text14                             146C     146C       74      795       0
                text13                             1928     1928       14      795       0
                text12                             1A3E     1A3E        4      795       0
                text11                             1914     1914       14      795       0
                text10                             16E8     16E8       3A      795       0
                text9                              17D2     17D2       2A      795       0
                text8                              1950     1950       10      795       0
                text7                              18BC     18BC       22      795       0
                text6                              1612     1612       56      795       0
                text5                              19A4     19A4        A      795       0
                text4                              12DE     12DE       96      795       0
                text3                               F2A      F2A       EE      795       0
                text2                              15B0     15B0       62      795       0
                text1                              1826     1826       28      795       0
                text0                              1248     1248       96      795       0
                cstackCOMRAM                          1        1       24        1       1
                cstackBANK0                          B4       B4       17       60       1
                bssBANK0                             60       60       54       60       1
                bssCOMRAM                            25       25       1A        1       1
                cinit                              184E     184E       26      795       0
                nvBANK0                              CB       CB        4       60       1
                nvCOMRAM                             3F       3F        9        1       1

TOTAL           Name                               Link     Load   Length     Space
        CLASS   CODE           
                intcode                               8        8      132         0
                init                                13A      13A        4         0
                reset_vec                             0        0        6         0
                text66                             17FC     17FC       2A         0
                text65                             1A38     1A38        6         0
                text64                             1A62     1A62        2         0
                text63                             1A32     1A32        6         0
                text62                             10E0     10E0       C0         0
                text61                             16A8     16A8       40         0
                text60                             1A5E     1A5E        4         0
                text59                             1A5A     1A5A        4         0
                text58                             13F2     13F2       7A         0
                text57                             18FC     18FC       18         0
                text56                             1898     1898       24         0
                text55                             17A6     17A6       2C         0
                text54                             177A     177A       2C         0
                text53                             174E     174E       2C         0
                text52                             1722     1722       2C         0
                text51                             1668     1668       40         0
                text50                             1A56     1A56        4         0
                text49                             1A52     1A52        4         0
                text48                             1A4E     1A4E        4         0
                text47                             1A2C     1A2C        6         0
                text46                             1A4A     1A4A        4         0
                text45                             1A26     1A26        6         0
                text44                             1A18     1A18        8         0
                text43                             193C     193C       14         0
                text42                             1A46     1A46        4         0
                text41                             1374     1374       7E         0
                text40                             1998     1998        C         0
                text39                             1970     1970       10         0
                text38                             1960     1960       10         0
                text37                             1018     1018       C8         0
                text36                             11A0     11A0       A8         0
                text35                             198C     198C        C         0
                text34                             1A10     1A10        8         0
                text33                             1A08     1A08        8         0
                text32                             1A00     1A00        8         0
                text31                             19F8     19F8        8         0
                text30                             19F0     19F0        8         0
                text29                             19E8     19E8        8         0
                text28                             19E0     19E0        8         0
                text27                             1980     1980        C         0
                text26                             14E0     14E0       6C         0
                text25                             1A42     1A42        4         0
                text24                             154C     154C       64         0
                text23                             1A20     1A20        6         0
                text21                             1874     1874       24         0
                text20                             18DE     18DE       1E         0
                text19                             19D6     19D6        A         0
                text18                             19CC     19CC        A         0
                text17                             19C2     19C2        A         0
                text16                             19B8     19B8        A         0
                text15                             19AE     19AE        A         0
                text14                             146C     146C       74         0
                text13                             1928     1928       14         0
                text12                             1A3E     1A3E        4         0
                text11                             1914     1914       14         0
                text10                             16E8     16E8       3A         0
                text9                              17D2     17D2       2A         0
                text8                              1950     1950       10         0
                text7                              18BC     18BC       22         0
                text6                              1612     1612       56         0
                text5                              19A4     19A4        A         0
                text4                              12DE     12DE       96         0
                text3                               F2A      F2A       EE         0
                text2                              15B0     15B0       62         0
                text1                              1826     1826       28         0
                text0                              1248     1248       96         0
                cinit                              184E     184E       26         0

        CLASS   CONST          

        CLASS   SMALLCONST     
                smallconst                          F00      F00       2A         0

        CLASS   MEDIUMCONST    

        CLASS   COMRAM         
                temp                                 48       48        1         1
                cstackCOMRAM                          1        1       24         1
                bssCOMRAM                            25       25       1A         1
                nvCOMRAM                             3F       3F        9         1

        CLASS   ABS1           

        CLASS   BIGRAM         

        CLASS   RAM            

        CLASS   BANK0          
                cstackBANK0                          B4       B4       17         1
                bssBANK0                             60       60       54         1
                nvBANK0                              CB       CB        4         1

        CLASS   BANK1          

        CLASS   BANK2          

        CLASS   BANK3          

        CLASS   BANK4          

        CLASS   BANK5          

        CLASS   BANK6          

        CLASS   BANK7          

        CLASS   BANK8          

        CLASS   BANK9          

        CLASS   BANK10         

        CLASS   BANK11         

        CLASS   BANK12         

        CLASS   BANK13         

        CLASS   BANK14         

        CLASS   SFR            

        CLASS   BIGSFR         

        CLASS   CONFIG         
                config                             FFF8     FFF8        8         4

        CLASS   FARRAM         

        CLASS   HEAP           

        CLASS   STACK          

        CLASS   IDLOC          



SEGMENTS        Name                           Load    Length   Top    Selector   Space  Class

                reset_vec                      000000  000006  000006         0       0  CODE    
                cstackCOMRAM                   000001  000048  000049         1       1  COMRAM  
                intcode                        000008  000136  00013E         4       0  CODE    
                bssBANK0                       000060  00006F  0000CF        60       1  BANK0   
                smallconst                     000F00  00002A  000F2A       780       0  SMALLCON
                text3                          000F2A  000B3A  001A64       795       0  CODE    


UNUSED ADDRESS RANGES

        Name                Unused          Largest block    Delta
        BANK0            000CF-000FF              31
        BANK1            00100-001FF             100
        BANK10           00A00-00AFF             100
        BANK11           00B00-00BFF             100
        BANK12           00C00-00CFF             100
        BANK13           00D00-00DFF             100
        BANK14           00E00-00EAF              B0
        BANK2            00200-002FF             100
        BANK3            00300-003FF             100
        BANK4            00400-004FF             100
        BANK5            00500-005FF             100
        BANK6            00600-006FF             100
        BANK7            00700-007FF             100
        BANK8            00800-008FF             100
        BANK9            00900-009FF             100
        BIGRAM           00049-0005F              17
                         000CF-00EAF             DE1
        BIGSFR           00EB0-00FFC             14D
        CODE             00006-00007               2
                         0013E-00EFF             DC2
                         01A64-0FFF7            E594
        COMRAM           00049-0005F              17
        CONST            00006-00007               2
                         0013E-00EFF             DC2
                         01A64-0FFF7            E594
        MEDIUMCONST      01A64-0FFF7            E594
        RAM              000CF-00EAF             100
        SFR              00EB0-00FFC              60
        SMALLCONST       01A64-0FFF7             100

                                  Symbol Table

?_printf                                        cstackBANK0   000C0
?_vfpfcnvrt                                     cstackBANK0   000B4
?_vfprintf                                      cstackBANK0   000BA
EUSART2_SetErrorHandler@interruptHandler        cstackCOMRAM  00018
EUSART2_SetFramingErrorHandler@interruptHandler cstackCOMRAM  00018
EUSART2_SetOverrunErrorHandler@interruptHandler cstackCOMRAM  00018
EUSART2_SetRxInterruptHandler@interruptHandler  cstackCOMRAM  00018
EUSART2_SetTxInterruptHandler@interruptHandler  cstackCOMRAM  00018
EUSART2_Write@txData                            cstackCOMRAM  00018
I2C1_CallbackReturnReset@funPtr                 cstackCOMRAM  0000A
I2C1_MasterSendTxData@data                      cstackCOMRAM  00001
I2C1_SetBuffer@buffer                           cstackCOMRAM  00018
I2C1_SetBuffer@bufferSize                       cstackCOMRAM  0001A
I2C1_SetCallback@cb                             cstackCOMRAM  00001
I2C1_SetCallback@idx                            cstackCOMRAM  00005
I2C1_SetCallback@ptr                            cstackCOMRAM  00003
I2C1_SetDataCompleteCallback@cb                 cstackCOMRAM  00006
I2C1_SetDataCompleteCallback@ptr                cstackCOMRAM  00008
_ADCON0                                         (abs)         00FC2
_ADCON0bits                                     (abs)         00FC2
_ADCON1                                         (abs)         00FC1
_ADCTRIG                                        (abs)         00EB8
_ADC_Initialize                                 text20        018DE
_ADC_InterruptHandler                           bssCOMRAM     00035
_ADRESH                                         (abs)         00FC4
_ADRESL                                         (abs)         00FC3
_ANCON0                                         (abs)         00F48
_ANCON1                                         (abs)         00F49
_BAUDCON2                                       (abs)         00F7C
_EUSART2_DefaultErrorHandler                    text65        01A38
_EUSART2_DefaultFramingErrorHandler             text64        01A62
_EUSART2_DefaultOverrunErrorHandler             text63        01A32
_EUSART2_ErrorHandler                           nvBANK0       000CB
_EUSART2_FramingErrorHandler                    nvCOMRAM      00041
_EUSART2_Initialize                             text14        0146C
_EUSART2_OverrunErrorHandler                    nvBANK0       000CD
_EUSART2_Receive_ISR                            text62        010E0
_EUSART2_RxDataHandler                          text66        017FC
_EUSART2_RxDefaultInterruptHandler              nvCOMRAM      00043
_EUSART2_SetErrorHandler                        text19        019D6
_EUSART2_SetFramingErrorHandler                 text18        019CC
_EUSART2_SetOverrunErrorHandler                 text17        019C2
_EUSART2_SetRxInterruptHandler                  text16        019B8
_EUSART2_SetTxInterruptHandler                  text15        019AE
_EUSART2_Transmit_ISR                           text61        016A8
_EUSART2_TxDefaultInterruptHandler              nvCOMRAM      00045
_EUSART2_Write                                  text6         01612
_I2C1_CallbackReturnReset                       text49        01A52
_I2C1_CallbackReturnStop                        text50        01A56
_I2C1_DO_ADDRESS_NACK                           text26        014E0
_I2C1_DO_IDLE                                   text40        01998
_I2C1_DO_RCEN                                   text35        0198C
_I2C1_DO_RESET                                  text27        01980
_I2C1_DO_RX                                     text36        011A0
_I2C1_DO_RX_ACK                                 text30        019F0
_I2C1_DO_RX_NACK_RESTART                        text28        019E0
_I2C1_DO_RX_NACK_STOP                           text29        019E8
_I2C1_DO_SEND_ADR_READ                          text39        01970
_I2C1_DO_SEND_ADR_WRITE                         text38        01960
_I2C1_DO_SEND_RESTART                           text32        01A00
_I2C1_DO_SEND_RESTART_READ                      text34        01A10
_I2C1_DO_SEND_RESTART_WRITE                     text33        01A08
_I2C1_DO_SEND_STOP                              text31        019F8
_I2C1_DO_TX                                     text37        01018
_I2C1_DO_TX_EMPTY                               text41        01374
_I2C1_Initialize                                text13        01928
_I2C1_MasterClearIrq                            text25        01A42
_I2C1_MasterEnableRestart                       text60        01A5E
_I2C1_MasterFsm                                 text24        0154C
_I2C1_MasterGetRxData                           text46        01A4A
_I2C1_MasterIsNack                              text43        0193C
_I2C1_MasterIsr                                 text23        01A20
_I2C1_MasterSendAck                             text45        01A26
_I2C1_MasterSendNack                            text47        01A2C
_I2C1_MasterSendTxData                          text44        01A18
_I2C1_MasterSetIrq                              text42        01A46
_I2C1_MasterStartRx                             text48        01A4E
_I2C1_MasterStop                                text59        01A5A
_I2C1_SetBuffer                                 text21        01874
_I2C1_SetCallback                               text58        013F2
_I2C1_SetDataCompleteCallback                   text57        018FC
_I2C1_Status                                    bssBANK0      00060
_INTCON2bits                                    (abs)         00FF1
_INTCONbits                                     (abs)         00FF2
_INTERRUPT_Initialize                           text12        01A3E
_INTERRUPT_InterruptManager                     intcode       00008
_LATA                                           (abs)         00F89
_LATAbits                                       (abs)         00F89
_LATB                                           (abs)         00F8A
_LATC                                           (abs)         00F8B
_LATCbits                                       (abs)         00F8B
_MSSP1_InterruptHandler                         bssCOMRAM     00037
_ODCON1                                         (abs)         00F42
_ODCON2                                         (abs)         00F41
_ODCON3                                         (abs)         00F40
_OSCCON                                         (abs)         00FD3
_OSCCON2                                        (abs)         00F87
_OSCILLATOR_Initialize                          text11        01914
_OSCTUNE                                        (abs)         00F9B
_PIE1bits                                       (abs)         00F9D
_PIE2bits                                       (abs)         00FA0
_PIE3bits                                       (abs)         00FA3
_PIN_MANAGER_Initialize                         text10        016E8
_PIR1bits                                       (abs)         00F9E
_PIR2bits                                       (abs)         00FA1
_PIR3bits                                       (abs)         00FA4
_PR2                                            (abs)         00FCB
_RCONbits                                       (abs)         00FD0
_RCREG2                                         (abs)         00FAA
_RCSTA2                                         (abs)         00F9C
_RCSTA2bits                                     (abs)         00F9C
_REFOCON                                        (abs)         00F3D
_RPINR16                                        (abs)         00EF7
_RPOR18                                         (abs)         00ED2
_SPBRG2                                         (abs)         00FAB
_SPBRGH2                                        (abs)         00F7D
_SSP1ADD                                        (abs)         00FC8
_SSP1BUF                                        (abs)         00FC9
_SSP1CON1                                       (abs)         00FC6
_SSP1CON1bits                                   (abs)         00FC6
_SSP1CON2                                       (abs)         00FC5
_SSP1CON2bits                                   (abs)         00FC5
_SSP1STAT                                       (abs)         00FC7
_SSP1STATbits                                   (abs)         00FC7
_SYSTEM_Initialize                              text7         018BC
_T1CON                                          (abs)         00FCD
_T1CONbits                                      (abs)         00FCD
_T1GCON                                         (abs)         00F9A
_T1GCONbits                                     (abs)         00F9A
_T2CON                                          (abs)         00FCA
_T2CONbits                                      (abs)         00FCA
_TMR1H                                          (abs)         00FCF
_TMR1L                                          (abs)         00FCE
_TMR1_Initialize                                text9         017D2
_TMR2                                           (abs)         00FCC
_TMR2_Initialize                                text8         01950
_TRISA                                          (abs)         00F92
_TRISB                                          (abs)         00F93
_TRISC                                          (abs)         00F94
_TXREG2                                         (abs)         00FA9
_TXSTA2                                         (abs)         00FA8
_TXSTA2bits                                     (abs)         00FA8
__HRAM                                          (abs)         00000
__Habs1                                         abs1          00000
__Hbank0                                        bank0         00000
__Hbank1                                        bank1         00000
__Hbank10                                       bank10        00000
__Hbank11                                       bank11        00000
__Hbank12                                       bank12        00000
__Hbank13                                       bank13        00000
__Hbank14                                       bank14        00000
__Hbank2                                        bank2         00000
__Hbank3                                        bank3         00000
__Hbank4                                        bank4         00000
__Hbank5                                        bank5         00000
__Hbank6                                        bank6         00000
__Hbank7                                        bank7         00000
__Hbank8                                        bank8         00000
__Hbank9                                        bank9         00000
__Hbigbss                                       bigbss        00000
__Hbigdata                                      bigdata       00000
__Hbigram                                       bigram        00000
__Hbigsfr                                       bigsfr        00000
__Hbss                                          bss           00000
__HbssBANK0                                     bssBANK0      00000
__HbssCOMRAM                                    bssCOMRAM     00000
__Hcinit                                        cinit         00000
__Hclrtext                                      clrtext       00000
__Hcomram                                       comram        00000
__Hconfig                                       config        10000
__Hconst                                        const         00000
__HcstackBANK0                                  cstackBANK0   00000
__HcstackCOMRAM                                 cstackCOMRAM  00000
__Hdata                                         data          00000
__Hfarbss                                       farbss        00000
__Hfardata                                      fardata       00000
__Hheap                                         heap          00000
__Hibigdata                                     ibigdata      00000
__Hidata                                        idata         00000
__Hidloc                                        idloc         00000
__Hifardata                                     ifardata      00000
__Hinit                                         init          0013E
__Hintcode                                      intcode       0013A
__Hintcode_body                                 intcode_body  00000
__Hintcodelo                                    intcodelo     0013A
__Hintentry                                     intentry      00000
__Hintret                                       intret        00000
__Hintsave_regs                                 intsave_regs  00000
__Hirdata                                       irdata        00000
__Hjflash_buffer                                jflash_buffer 0F800
__Hmediumconst                                  mediumconst   00000
__HnvBANK0                                      nvBANK0       00000
__HnvCOMRAM                                     nvCOMRAM      00000
__HnvFARRAM                                     nvFARRAM      00000
__Hnvbit                                        nvbit         00000
__Hnvrram                                       nvrram        00000
__Hparam                                        rparam        00000
__Hpowerup                                      powerup       0013A
__Hram                                          ram           00000
__Hramtop                                       ramtop        00F00
__Hrbit                                         rbit          00000
__Hrbss                                         rbss          00000
__Hrdata                                        rdata         00000
__Hreset_vec                                    reset_vec     00006
__Hrparam                                       rparam        00000
__Hsfr                                          sfr           00000
__Hsmallconst                                   smallconst    00F2A
__Hspace_0                                      (abs)         0F800
__Hspace_1                                      (abs)         000CF
__Hspace_2                                      (abs)         00000
__Hspace_4                                      (abs)         1FFF8
__Hstack                                        stack         00000
__Hstruct                                       struct        00000
__Htemp                                         temp          00049
__Htext                                         text          00000
__Htext0                                        text0         00000
__Htext1                                        text1         00000
__Htext10                                       text10        00000
__Htext11                                       text11        00000
__Htext12                                       text12        00000
__Htext13                                       text13        00000
__Htext14                                       text14        00000
__Htext15                                       text15        00000
__Htext16                                       text16        00000
__Htext17                                       text17        00000
__Htext18                                       text18        00000
__Htext19                                       text19        00000
__Htext2                                        text2         00000
__Htext20                                       text20        00000
__Htext21                                       text21        00000
__Htext23                                       text23        00000
__Htext24                                       text24        00000
__Htext25                                       text25        00000
__Htext26                                       text26        00000
__Htext27                                       text27        00000
__Htext28                                       text28        00000
__Htext29                                       text29        00000
__Htext3                                        text3         00000
__Htext30                                       text30        00000
__Htext31                                       text31        00000
__Htext32                                       text32        00000
__Htext33                                       text33        00000
__Htext34                                       text34        00000
__Htext35                                       text35        00000
__Htext36                                       text36        00000
__Htext37                                       text37        00000
__Htext38                                       text38        00000
__Htext39                                       text39        00000
__Htext4                                        text4         00000
__Htext40                                       text40        00000
__Htext41                                       text41        00000
__Htext42                                       text42        00000
__Htext43                                       text43        00000
__Htext44                                       text44        00000
__Htext45                                       text45        00000
__Htext46                                       text46        00000
__Htext47                                       text47        00000
__Htext48                                       text48        00000
__Htext49                                       text49        00000
__Htext5                                        text5         00000
__Htext50                                       text50        00000
__Htext51                                       text51        00000
__Htext52                                       text52        00000
__Htext53                                       text53        00000
__Htext54                                       text54        00000
__Htext55                                       text55        00000
__Htext56                                       text56        00000
__Htext57                                       text57        00000
__Htext58                                       text58        00000
__Htext59                                       text59        00000
__Htext6                                        text6         00000
__Htext60                                       text60        00000
__Htext61                                       text61        00000
__Htext62                                       text62        00000
__Htext63                                       text63        00000
__Htext64                                       text64        00000
__Htext65                                       text65        00000
__Htext66                                       text66        00000
__Htext67                                       text67        00000
__Htext7                                        text7         00000
__Htext8                                        text8         00000
__Htext9                                        text9         00000
__LRAM                                          (abs)         00001
__Labs1                                         abs1          00000
__Lbank0                                        bank0         00000
__Lbank1                                        bank1         00000
__Lbank10                                       bank10        00000
__Lbank11                                       bank11        00000
__Lbank12                                       bank12        00000
__Lbank13                                       bank13        00000
__Lbank14                                       bank14        00000
__Lbank2                                        bank2         00000
__Lbank3                                        bank3         00000
__Lbank4                                        bank4         00000
__Lbank5                                        bank5         00000
__Lbank6                                        bank6         00000
__Lbank7                                        bank7         00000
__Lbank8                                        bank8         00000
__Lbank9                                        bank9         00000
__Lbigbss                                       bigbss        00000
__Lbigdata                                      bigdata       00000
__Lbigram                                       bigram        00000
__Lbigsfr                                       bigsfr        00000
__Lbss                                          bss           00000
__LbssBANK0                                     bssBANK0      00000
__LbssCOMRAM                                    bssCOMRAM     00000
__Lcinit                                        cinit         00000
__Lclrtext                                      clrtext       00000
__Lcomram                                       comram        00000
__Lconfig                                       config        00000
__Lconst                                        const         00000
__LcstackBANK0                                  cstackBANK0   00000
__LcstackCOMRAM                                 cstackCOMRAM  00000
__Ldata                                         data          00000
__Lfarbss                                       farbss        00000
__Lfardata                                      fardata       00000
__Lheap                                         heap          00000
__Libigdata                                     ibigdata      00000
__Lidata                                        idata         00000
__Lidloc                                        idloc         00000
__Lifardata                                     ifardata      00000
__Linit                                         init          0013A
__Lintcode                                      intcode       00008
__Lintcode_body                                 intcode_body  00000
__Lintcodelo                                    intcodelo     0013A
__Lintentry                                     intentry      00000
__Lintret                                       intret        00000
__Lintsave_regs                                 intsave_regs  00000
__Lirdata                                       irdata        00000
__Ljflash_buffer                                jflash_buffer 0F800
__Lmediumconst                                  mediumconst   00000
__LnvBANK0                                      nvBANK0       00000
__LnvCOMRAM                                     nvCOMRAM      00000
__LnvFARRAM                                     nvFARRAM      00000
__Lnvbit                                        nvbit         00000
__Lnvrram                                       nvrram        00000
__Lparam                                        rparam        00000
__Lpowerup                                      powerup       0013A
__Lram                                          ram           00000
__Lramtop                                       ramtop        00F00
__Lrbit                                         rbit          00000
__Lrbss                                         rbss          00000
__Lrdata                                        rdata         00000
__Lreset_vec                                    reset_vec     00000
__Lrparam                                       rparam        00000
__Lsfr                                          sfr           00000
__Lsmallconst                                   smallconst    00F00
__Lspace_0                                      (abs)         00000
__Lspace_1                                      (abs)         00000
__Lspace_2                                      (abs)         00000
__Lspace_4                                      (abs)         00000
__Lstack                                        stack         00000
__Lstruct                                       struct        00000
__Ltemp                                         temp          00048
__Ltext                                         text          00000
__Ltext0                                        text0         00000
__Ltext1                                        text1         00000
__Ltext10                                       text10        00000
__Ltext11                                       text11        00000
__Ltext12                                       text12        00000
__Ltext13                                       text13        00000
__Ltext14                                       text14        00000
__Ltext15                                       text15        00000
__Ltext16                                       text16        00000
__Ltext17                                       text17        00000
__Ltext18                                       text18        00000
__Ltext19                                       text19        00000
__Ltext2                                        text2         00000
__Ltext20                                       text20        00000
__Ltext21                                       text21        00000
__Ltext23                                       text23        00000
__Ltext24                                       text24        00000
__Ltext25                                       text25        00000
__Ltext26                                       text26        00000
__Ltext27                                       text27        00000
__Ltext28                                       text28        00000
__Ltext29                                       text29        00000
__Ltext3                                        text3         00000
__Ltext30                                       text30        00000
__Ltext31                                       text31        00000
__Ltext32                                       text32        00000
__Ltext33                                       text33        00000
__Ltext34                                       text34        00000
__Ltext35                                       text35        00000
__Ltext36                                       text36        00000
__Ltext37                                       text37        00000
__Ltext38                                       text38        00000
__Ltext39                                       text39        00000
__Ltext4                                        text4         00000
__Ltext40                                       text40        00000
__Ltext41                                       text41        00000
__Ltext42                                       text42        00000
__Ltext43                                       text43        00000
__Ltext44                                       text44        00000
__Ltext45                                       text45        00000
__Ltext46                                       text46        00000
__Ltext47                                       text47        00000
__Ltext48                                       text48        00000
__Ltext49                                       text49        00000
__Ltext5                                        text5         00000
__Ltext50                                       text50        00000
__Ltext51                                       text51        00000
__Ltext52                                       text52        00000
__Ltext53                                       text53        00000
__Ltext54                                       text54        00000
__Ltext55                                       text55        00000
__Ltext56                                       text56        00000
__Ltext57                                       text57        00000
__Ltext58                                       text58        00000
__Ltext59                                       text59        00000
__Ltext6                                        text6         00000
__Ltext60                                       text60        00000
__Ltext61                                       text61        00000
__Ltext62                                       text62        00000
__Ltext63                                       text63        00000
__Ltext64                                       text64        00000
__Ltext65                                       text65        00000
__Ltext66                                       text66        00000
__Ltext67                                       text67        00000
__Ltext7                                        text7         00000
__Ltext8                                        text8         00000
__Ltext9                                        text9         00000
__S0                                            (abs)         01A64
__S1                                            (abs)         000CF
__S4                                            (abs)         00000
___heap_hi                                      (abs)         00000
___heap_lo                                      (abs)         00000
___inthi_sp                                     stack         00000
___intlo_sp                                     stack         00000
___param_bank                                   (abs)         00000
___rparam_used                                  (abs)         00001
___sp                                           stack         00000
__accesstop                                     (abs)         00060
__activetblptr                                  (abs)         00002
__end_of_ADC_Initialize                         text20        018FC
__end_of_EUSART2_DefaultErrorHandler            text65        01A3E
__end_of_EUSART2_DefaultFramingErrorHandler     text64        01A64
__end_of_EUSART2_DefaultOverrunErrorHandler     text63        01A38
__end_of_EUSART2_Initialize                     text14        014E0
__end_of_EUSART2_Receive_ISR                    text62        011A0
__end_of_EUSART2_RxDataHandler                  text66        01826
__end_of_EUSART2_SetErrorHandler                text19        019E0
__end_of_EUSART2_SetFramingErrorHandler         text18        019D6
__end_of_EUSART2_SetOverrunErrorHandler         text17        019CC
__end_of_EUSART2_SetRxInterruptHandler          text16        019C2
__end_of_EUSART2_SetTxInterruptHandler          text15        019B8
__end_of_EUSART2_Transmit_ISR                   text61        016E8
__end_of_EUSART2_Write                          text6         01668
__end_of_I2C1_CallbackReturnReset               text49        01A56
__end_of_I2C1_CallbackReturnStop                text50        01A5A
__end_of_I2C1_DO_ADDRESS_NACK                   text26        0154C
__end_of_I2C1_DO_IDLE                           text40        019A4
__end_of_I2C1_DO_RCEN                           text35        01998
__end_of_I2C1_DO_RESET                          text27        0198C
__end_of_I2C1_DO_RX                             text36        01248
__end_of_I2C1_DO_RX_ACK                         text30        019F8
__end_of_I2C1_DO_RX_NACK_RESTART                text28        019E8
__end_of_I2C1_DO_RX_NACK_STOP                   text29        019F0
__end_of_I2C1_DO_SEND_ADR_READ                  text39        01980
__end_of_I2C1_DO_SEND_ADR_WRITE                 text38        01970
__end_of_I2C1_DO_SEND_RESTART                   text32        01A08
__end_of_I2C1_DO_SEND_RESTART_READ              text34        01A18
__end_of_I2C1_DO_SEND_RESTART_WRITE             text33        01A10
__end_of_I2C1_DO_SEND_STOP                      text31        01A00
__end_of_I2C1_DO_TX                             text37        010E0
__end_of_I2C1_DO_TX_EMPTY                       text41        013F2
__end_of_I2C1_Initialize                        text13        0193C
__end_of_I2C1_MasterClearIrq                    text25        01A46
__end_of_I2C1_MasterEnableRestart               text60        01A62
__end_of_I2C1_MasterFsm                         text24        015B0
__end_of_I2C1_MasterGetRxData                   text46        01A4E
__end_of_I2C1_MasterIsNack                      text43        01950
__end_of_I2C1_MasterIsr                         text23        01A26
__end_of_I2C1_MasterSendAck                     text45        01A2C
__end_of_I2C1_MasterSendNack                    text47        01A32
__end_of_I2C1_MasterSendTxData                  text44        01A20
__end_of_I2C1_MasterSetIrq                      text42        01A4A
__end_of_I2C1_MasterStartRx                     text48        01A52
__end_of_I2C1_MasterStop                        text59        01A5E
__end_of_I2C1_SetBuffer                         text21        01898
__end_of_I2C1_SetCallback                       text58        0146C
__end_of_I2C1_SetDataCompleteCallback           text57        01914
__end_of_INTERRUPT_Initialize                   text12        01A42
__end_of_INTERRUPT_InterruptManager             intcode       0013A
__end_of_OSCILLATOR_Initialize                  text11        01928
__end_of_PIN_MANAGER_Initialize                 text10        01722
__end_of_SYSTEM_Initialize                      text7         018DE
__end_of_TMR1_Initialize                        text9         017FC
__end_of_TMR2_Initialize                        text8         01960
__end_of__initialization                        cinit         01866
__end_of_fputc                                  text4         01374
__end_of_i2c1_fsmStateTable                     smallconst    00F21
__end_of_main                                   text0         012DE
__end_of_printf                                 text1         0184E
__end_of_putch                                  text5         019AE
__end_of_rd1RegCompleteHandler                  text54        017A6
__end_of_rd2RegCompleteHandler                  text53        0177A
__end_of_rdBlkRegCompleteHandler                text51        016A8
__end_of_vfpfcnvrt                              text3         01018
__end_of_vfprintf                               text2         01612
__end_of_wr1RegCompleteHandler                  text52        0174E
__end_of_wr2RegCompleteHandler                  text55        017D2
__end_ofi2_I2C1_SetBuffer                       text56        018BC
__initialization                                cinit         0184E
__mediumconst                                   mediumconst   00000
__pbssBANK0                                     bssBANK0      00060
__pbssCOMRAM                                    bssCOMRAM     00025
__pcinit                                        cinit         0184E
__pcstackBANK0                                  cstackBANK0   000B4
__pcstackCOMRAM                                 cstackCOMRAM  00001
__pintcode                                      intcode       00008
__pnvBANK0                                      nvBANK0       000CB
__pnvCOMRAM                                     nvCOMRAM      0003F
__psmallconst                                   smallconst    00F00
__ptext0                                        text0         01248
__ptext1                                        text1         01826
__ptext10                                       text10        016E8
__ptext11                                       text11        01914
__ptext12                                       text12        01A3E
__ptext13                                       text13        01928
__ptext14                                       text14        0146C
__ptext15                                       text15        019AE
__ptext16                                       text16        019B8
__ptext17                                       text17        019C2
__ptext18                                       text18        019CC
__ptext19                                       text19        019D6
__ptext2                                        text2         015B0
__ptext20                                       text20        018DE
__ptext21                                       text21        01874
__ptext23                                       text23        01A20
__ptext24                                       text24        0154C
__ptext25                                       text25        01A42
__ptext26                                       text26        014E0
__ptext27                                       text27        01980
__ptext28                                       text28        019E0
__ptext29                                       text29        019E8
__ptext3                                        text3         00F2A
__ptext30                                       text30        019F0
__ptext31                                       text31        019F8
__ptext32                                       text32        01A00
__ptext33                                       text33        01A08
__ptext34                                       text34        01A10
__ptext35                                       text35        0198C
__ptext36                                       text36        011A0
__ptext37                                       text37        01018
__ptext38                                       text38        01960
__ptext39                                       text39        01970
__ptext4                                        text4         012DE
__ptext40                                       text40        01998
__ptext41                                       text41        01374
__ptext42                                       text42        01A46
__ptext43                                       text43        0193C
__ptext44                                       text44        01A18
__ptext45                                       text45        01A26
__ptext46                                       text46        01A4A
__ptext47                                       text47        01A2C
__ptext48                                       text48        01A4E
__ptext49                                       text49        01A52
__ptext5                                        text5         019A4
__ptext50                                       text50        01A56
__ptext51                                       text51        01668
__ptext52                                       text52        01722
__ptext53                                       text53        0174E
__ptext54                                       text54        0177A
__ptext55                                       text55        017A6
__ptext56                                       text56        01898
__ptext57                                       text57        018FC
__ptext58                                       text58        013F2
__ptext59                                       text59        01A5A
__ptext6                                        text6         01612
__ptext60                                       text60        01A5E
__ptext61                                       text61        016A8
__ptext62                                       text62        010E0
__ptext63                                       text63        01A32
__ptext64                                       text64        01A62
__ptext65                                       text65        01A38
__ptext66                                       text66        017FC
__ptext67                                       text67        00000
__ptext7                                        text7         018BC
__ptext8                                        text8         01950
__ptext9                                        text9         017D2
__ramtop                                        ramtop        00F00
__smallconst                                    smallconst    00F00
_eusart2RxBuffer                                bssBANK0      000A4
_eusart2RxCount                                 bssCOMRAM     0003A
_eusart2RxHead                                  bssCOMRAM     0003C
_eusart2RxLastError                             bssCOMRAM     00039
_eusart2RxStatusBuffer                          bssCOMRAM     00025
_eusart2RxTail                                  bssCOMRAM     0003B
_eusart2TxBuffer                                bssBANK0      000AC
_eusart2TxBufferRemaining                       nvCOMRAM      00047
_eusart2TxHead                                  bssCOMRAM     0003E
_eusart2TxTail                                  bssCOMRAM     0003D
_flags                                          bssCOMRAM     00033
_fputc                                          text4         012DE
_i2c1_fsmStateTable                             smallconst    00F01
_main                                           text0         01248
_nout                                           bssCOMRAM     0002D
_prec                                           bssCOMRAM     00031
_printf                                         text1         01826
_putch                                          text5         019A4
_rd1RegCompleteHandler                          text54        0177A
_rd2RegCompleteHandler                          text53        0174E
_rdBlkRegCompleteHandler                        text51        01668
_timer1ReloadVal                                nvCOMRAM      0003F
_vfpfcnvrt                                      text3         00F2A
_vfprintf                                       text2         015B0
_width                                          bssCOMRAM     0002F
_wr1RegCompleteHandler                          text52        01722
_wr2RegCompleteHandler                          text55        017A6
btemp                                           temp          00048
end_of_initialization                           cinit         01866
fputc@c                                         cstackCOMRAM  0001A
fputc@fp                                        cstackCOMRAM  0001C
i2I2C1_SetBuffer@buffer                         cstackCOMRAM  00001
i2I2C1_SetBuffer@bufferSize                     cstackCOMRAM  00003
i2_I2C1_SetBuffer                               text56        01898
int$flags                                       temp          00048
intlevel0                                       text          00000
intlevel1                                       text          00000
intlevel2                                       text          00000
intlevel3                                       text          00000
isa$std                                         (abs)         00001
isa$xinst                                       (abs)         00000
main@buffer                                     cstackBANK0   000CA
main@bufferPointer                              cstackBANK0   000C8
main@i2cSize                                    cstackBANK0   000C6
printf@ap                                       cstackBANK0   000C2
printf@fmt                                      cstackBANK0   000C0
putch@txData                                    cstackCOMRAM  00019
rd1RegCompleteHandler@ptr                       cstackCOMRAM  0000A
rd2RegCompleteHandler@ptr                       cstackCOMRAM  0000A
rdBlkRegCompleteHandler@ptr                     cstackCOMRAM  0000A
stackhi                                         (abs)         00000
stacklo                                         (abs)         00000
start                                           init          0013A
start_initialization                            cinit         0184E
ttemp5                                          temp          00049
ttemp6                                          temp          0004C
ttemp7                                          temp          00050
vfpfcnvrt@ap                                    cstackBANK0   000B8
vfpfcnvrt@fmt                                   cstackBANK0   000B6
vfpfcnvrt@fp                                    cstackBANK0   000B4
vfprintf@ap                                     cstackBANK0   000BE
vfprintf@cfmt                                   cstackCOMRAM  00023
vfprintf@fmt                                    cstackBANK0   000BC
vfprintf@fp                                     cstackBANK0   000BA
wr1RegCompleteHandler@ptr                       cstackCOMRAM  0000A
wr2RegCompleteHandler@ptr                       cstackCOMRAM  0000A
wtemp8                                          temp          00049


MODULE INFORMATION

Module		Function		Class		Link	Load	Size
mcc_generated_files/examples/i2c1_master_example.c
		_wr1RegCompleteHandler		CODE           	1722	0000	44
		_wr2RegCompleteHandler		CODE           	17A6	0000	44
		_rdBlkRegCompleteHandler		CODE           	1668	0000	64
		_rd1RegCompleteHandler		CODE           	177A	0000	44
		_rd2RegCompleteHandler		CODE           	174E	0000	44

mcc_generated_files/examples/i2c1_master_example.c estimated size: 240

mcc_generated_files/eusart2.c
		_putch         		CODE           	19A4	0000	10
		_EUSART2_SetOverrunErrorHandler		CODE           	19C2	0000	10
		_EUSART2_SetErrorHandler		CODE           	19D6	0000	10
		_EUSART2_Write 		CODE           	1612	0000	86
		_EUSART2_Receive_ISR		CODE           	10E0	0000	192
		_EUSART2_RxDataHandler		CODE           	17FC	0000	42
		_EUSART2_DefaultOverrunErrorHandler		CODE           	1A32	0000	6
		_EUSART2_Transmit_ISR		CODE           	16A8	0000	64
		_EUSART2_DefaultFramingErrorHandler		CODE           	1A62	0000	2
		_EUSART2_SetRxInterruptHandler		CODE           	19B8	0000	10
		_EUSART2_SetTxInterruptHandler		CODE           	19AE	0000	10
		_EUSART2_Initialize		CODE           	146C	0000	116
		_EUSART2_DefaultErrorHandler		CODE           	1A38	0000	6
		_EUSART2_SetFramingErrorHandler		CODE           	19CC	0000	10

mcc_generated_files/eusart2.c estimated size: 574

mcc_generated_files/i2c1_master.c
		_I2C1_DO_SEND_RESTART		CODE           	1A00	0000	8
		_I2C1_DO_TX_EMPTY		CODE           	1374	0000	126
		_I2C1_DO_SEND_RESTART_READ		CODE           	1A10	0000	8
		_I2C1_CallbackReturnStop		CODE           	1A56	0000	4
		_I2C1_DO_RX    		CODE           	11A0	0000	168
		_I2C1_DO_TX    		CODE           	1018	0000	200
		_I2C1_DO_IDLE  		CODE           	1998	0000	12
		_I2C1_DO_RCEN  		CODE           	198C	0000	12
		_I2C1_MasterSendTxData		CODE           	1A18	0000	8
		_I2C1_MasterStop		CODE           	1A5A	0000	4
		_I2C1_CallbackReturnReset		CODE           	1A52	0000	4
		_I2C1_DO_RESET 		CODE           	1980	0000	12
		_I2C1_MasterStartRx		CODE           	1A4E	0000	4
		_I2C1_DO_RX_ACK		CODE           	19F0	0000	8
		_I2C1_MasterSendNack		CODE           	1A2C	0000	6
		_I2C1_DO_RX_NACK_RESTART		CODE           	19E0	0000	8
		_I2C1_SetCallback		CODE           	13F2	0000	122
		_I2C1_MasterEnableRestart		CODE           	1A5E	0000	4
		_I2C1_DO_ADDRESS_NACK		CODE           	14E0	0000	108
		_I2C1_SetBuffer		CODE           	1874	0000	36
		_I2C1_DO_SEND_RESTART_WRITE		CODE           	1A08	0000	8
		_I2C1_Initialize		CODE           	1928	0000	20
		_I2C1_MasterIsNack		CODE           	193C	0000	20
		_I2C1_DO_SEND_ADR_WRITE		CODE           	1960	0000	16
		_I2C1_MasterClearIrq		CODE           	1A42	0000	4
		_I2C1_SetDataCompleteCallback		CODE           	18FC	0000	24
		_I2C1_DO_SEND_STOP		CODE           	19F8	0000	8
		_I2C1_MasterSendAck		CODE           	1A26	0000	6
		_I2C1_MasterFsm		CODE           	154C	0000	100
		_I2C1_MasterIsr		CODE           	1A20	0000	6
		_I2C1_MasterGetRxData		CODE           	1A4A	0000	4
		_I2C1_MasterSetIrq		CODE           	1A46	0000	4
		_I2C1_DO_SEND_ADR_READ		CODE           	1970	0000	16
		_I2C1_DO_RX_NACK_STOP		CODE           	19E8	0000	8

mcc_generated_files/i2c1_master.c estimated size: 1106

mcc_generated_files/tmr2.c
		_TMR2_Initialize		CODE           	1950	0000	16

mcc_generated_files/tmr2.c estimated size: 16

mcc_generated_files/interrupt_manager.c
		_INTERRUPT_Initialize		CODE           	1A3E	0000	4
		_INTERRUPT_InterruptManager		CODE           	0008	0000	306

mcc_generated_files/interrupt_manager.c estimated size: 310

C:\Program Files\Microchip\xc8\v2.35\pic\sources\c99\common\nf_fputc.c
		_fputc         		CODE           	12DE	0000	150

C:\Program Files\Microchip\xc8\v2.35\pic\sources\c99\common\nf_fputc.c estimated size: 150

mcc_generated_files/pin_manager.c
		_PIN_MANAGER_Initialize		CODE           	16E8	0000	58

mcc_generated_files/pin_manager.c estimated size: 58

mcc_generated_files/adc.c
		_ADC_Initialize		CODE           	18DE	0000	30

mcc_generated_files/adc.c estimated size: 30

C:\Program Files\Microchip\xc8\v2.35\pic\sources\c99\common\printf.c
		_printf        		CODE           	1826	0000	40

C:\Program Files\Microchip\xc8\v2.35\pic\sources\c99\common\printf.c estimated size: 40

shared
		i2_I2C1_SetBuffer		CODE           	1898	0000	36
		__initialization		CODE           	184E	0000	24
		_i2c1_fsmStateTable		SMALLCONST     	0F01	0000	32

shared estimated size: 92

mcc_generated_files/mcc.c
		_OSCILLATOR_Initialize		CODE           	1914	0000	20
		_SYSTEM_Initialize		CODE           	18BC	0000	34

mcc_generated_files/mcc.c estimated size: 54

mcc_generated_files/tmr1.c
		_TMR1_Initialize		CODE           	17D2	0000	42

mcc_generated_files/tmr1.c estimated size: 42

main.c
		_main          		CODE           	1248	0000	150

main.c estimated size: 150

C:\Program Files\Microchip\xc8\v2.35\pic\sources\c99\common\doprnt.c
		_vfpfcnvrt     		CODE           	0F2A	0000	238
		_vfprintf      		CODE           	15B0	0000	98

C:\Program Files\Microchip\xc8\v2.35\pic\sources\c99\common\doprnt.c estimated size: 336

