Microchip MPLAB XC8 Compiler V2.35

Linker command line:

-W-3 --edf=C:\Program Files\Microchip\xc8\v2.35\pic\dat\en_msgs.txt -cn \
  -h+dist/default/production\team207_rg_test_v01.X.production.sym \
  --cmf=dist/default/production\team207_rg_test_v01.X.production.cmf -z \
  -Q18F26J53 -oC:\Users\mx3de\AppData\Local\Temp\xcAs1obc.4 \
  --defsym=__MPLAB_BUILD=1 \
  -Mdist/default/production/team207_rg_test_v01.X.production.map \
  --md=C:\Users\mx3de\AppData\Local\Temp\xcAs1obc.dat -E1 -ver=XC8 Compiler \
  --acfsm=1493 -ACODE=00h-0FFF7h -ACONST=00h-0FFF7h \
  -ASMALLCONST=0F00h-0FFFhx240,0FF00h-0FFF7h -AMEDIUMCONST=0F00h-0FFF7h \
  -ACOMRAM=01h-05Fh -AABS1=00h-0EAFh -ABIGRAM=01h-0EAFh \
  -ARAM=060h-0FFh,0100h-01FFhx13,0E00h-0EAFh -ABANK0=060h-0FFh \
  -ABANK1=0100h-01FFh -ABANK2=0200h-02FFh -ABANK3=0300h-03FFh \
  -ABANK4=0400h-04FFh -ABANK5=0500h-05FFh -ABANK6=0600h-06FFh \
  -ABANK7=0700h-07FFh -ABANK8=0800h-08FFh -ABANK9=0900h-09FFh \
  -ABANK10=0A00h-0AFFh -ABANK11=0B00h-0BFFh -ABANK12=0C00h-0CFFh \
  -ABANK13=0D00h-0DFFh -ABANK14=0E00h-0EAFh \
  -ASFR=0EB0h-0EFFh,0F00h-0F5Fh,0F60h-0FFFh -ABIGSFR=0EB0h-0FFFh \
  -ACONFIG=0FFF8h-0FFFFh -preset_vec=00h,intcode=08h,intcodelo,powerup,init \
  -pramtop=0F00h -psmallconst=SMALLCONST -pmediumconst=MEDIUMCONST \
  -pconst=CONST -AFARRAM=00h-00h -pjflash_buffer=0F800h \
  -prdata=COMRAM,nvrram=COMRAM,nvbit=COMRAM,rbss=COMRAM,rbit=COMRAM \
  -pfarbss=FARRAM,fardata=FARRAM,nvFARRAM=FARRAM \
  -pintsave_regs=BIGRAM,bigbss=BIGRAM,bigdata=BIGRAM -pbss=RAM \
  -pidata=CODE,irdata=CODE,ibigdata=CODE,ifardata=CODE -prparam=COMRAM \
  C:\Users\mx3de\AppData\Local\Temp\xcAs1obc.o \
  dist/default/production\team207_rg_test_v01.X.production.o 

Object code version is 3.11

Machine type is 18F26J53



                Name                               Link     Load   Length Selector   Space Scale
C:\Users\mx3de\AppData\Local\Temp\xcAs1obc.o
                config                             FFF8     FFF8        8        0       4
                init                                 8A       8A        4        4       0
                reset_vec                             0        0        4        0       0
dist/default/production\team207_rg_test_v01.X.production.o
                intcode                               8        8       82        4       0
                config                             FFF8     FFF8        8        0       4
                temp                                 45       45        1        1       1
                smallconst                          F00      F00       22      780       0
                text74                             1886     1886        2      791       0
                text73                             1520     1520       2E      791       0
                text72                             183E     183E        8      791       0
                text71                             1884     1884        2      791       0
                text70                             14F2     14F2       2E      791       0
                text69                             1836     1836        8      791       0
                text68                             1882     1882        2      791       0
                text67                             14C4     14C4       2E      791       0
                text66                             182E     182E        8      791       0
                text64                             187E     187E        4      791       0
                text63                             187A     187A        4      791       0
                text62                             1876     1876        4      791       0
                text61                             15FE     15FE       2A      791       0
                text60                             1872     1872        4      791       0
                text59                             186E     186E        4      791       0
                text58                             186A     186A        4      791       0
                text57                             166C     166C       22      791       0
                text56                             1194     1194       7A      791       0
                text55                             16FA     16FA       18      791       0
                text54                             15D2     15D2       2C      791       0
                text53                             1866     1866        4      791       0
                text52                             1862     1862        4      791       0
                text51                             15A6     15A6       2C      791       0
                text50                             157A     157A       2C      791       0
                text49                             154E     154E       2C      791       0
                text48                             13D4     13D4       40      791       0
                text47                             185E     185E        4      791       0
                text46                             184C     184C        6      791       0
                text45                             185A     185A        4      791       0
                text44                             1846     1846        6      791       0
                text43                             1826     1826        8      791       0
                text42                             173A     173A       14      791       0
                text41                             1856     1856        4      791       0
                text40                             1118     1118       7C      791       0
                text39                             17DC     17DC        A      791       0
                text38                             177E     177E        E      791       0
                text37                             1770     1770        E      791       0
                text36                              F22      F22       C4      791       0
                text35                              FE6      FE6       A6      791       0
                text34                             17D2     17D2        A      791       0
                text33                             181E     181E        8      791       0
                text32                             1816     1816        8      791       0
                text31                             180E     180E        8      791       0
                text30                             1806     1806        8      791       0
                text29                             17FE     17FE        8      791       0
                text28                             17F6     17F6        8      791       0
                text27                             17EE     17EE        8      791       0
                text26                             17C8     17C8        A      791       0
                text25                             127C     127C       6A      791       0
                text24                             12E6     12E6       5C      791       0
                text23                             1760     1760       10      791       0
                text22                             16AC     16AC       1C      791       0
                text21                             1392     1392       42      791       0
                text20                             17E6     17E6        8      791       0
                text19                             164A     164A       22      791       0
                text18                             108C     108C       8C      791       0
                text17                             16E2     16E2       18      791       0
                text16                             120E     120E       6E      791       0
                text15                             168E     168E       1E      791       0
                text14                             17BE     17BE        A      791       0
                text13                             17B4     17B4        A      791       0
                text12                             17AA     17AA        A      791       0
                text11                             1414     1414       3E      791       0
                text10                             17A0     17A0        A      791       0
                text9                              1796     1796        A      791       0
                text8                              178C     178C        A      791       0
                text7                              148C     148C       38      791       0
                text6                              1726     1726       14      791       0
                text5                              1852     1852        4      791       0
                text4                              1712     1712       14      791       0
                text3                              1452     1452       3A      791       0
                text2                              174E     174E       12      791       0
                text1                              1628     1628       22      791       0
                text0                              1342     1342       50      791       0
                cstackCOMRAM                         2A       2A        E        1       1
                bssCOMRAM                             1        1       29        1       1
                cinit                              16C8     16C8       1A      791       0
                nvCOMRAM                             38       38        D        1       1

TOTAL           Name                               Link     Load   Length     Space
        CLASS   CODE           
                intcode                               8        8       82         0
                init                                 8A       8A        4         0
                reset_vec                             0        0        4         0
                text74                             1886     1886        2         0
                text73                             1520     1520       2E         0
                text72                             183E     183E        8         0
                text71                             1884     1884        2         0
                text70                             14F2     14F2       2E         0
                text69                             1836     1836        8         0
                text68                             1882     1882        2         0
                text67                             14C4     14C4       2E         0
                text66                             182E     182E        8         0
                text64                             187E     187E        4         0
                text63                             187A     187A        4         0
                text62                             1876     1876        4         0
                text61                             15FE     15FE       2A         0
                text60                             1872     1872        4         0
                text59                             186E     186E        4         0
                text58                             186A     186A        4         0
                text57                             166C     166C       22         0
                text56                             1194     1194       7A         0
                text55                             16FA     16FA       18         0
                text54                             15D2     15D2       2C         0
                text53                             1866     1866        4         0
                text52                             1862     1862        4         0
                text51                             15A6     15A6       2C         0
                text50                             157A     157A       2C         0
                text49                             154E     154E       2C         0
                text48                             13D4     13D4       40         0
                text47                             185E     185E        4         0
                text46                             184C     184C        6         0
                text45                             185A     185A        4         0
                text44                             1846     1846        6         0
                text43                             1826     1826        8         0
                text42                             173A     173A       14         0
                text41                             1856     1856        4         0
                text40                             1118     1118       7C         0
                text39                             17DC     17DC        A         0
                text38                             177E     177E        E         0
                text37                             1770     1770        E         0
                text36                              F22      F22       C4         0
                text35                              FE6      FE6       A6         0
                text34                             17D2     17D2        A         0
                text33                             181E     181E        8         0
                text32                             1816     1816        8         0
                text31                             180E     180E        8         0
                text30                             1806     1806        8         0
                text29                             17FE     17FE        8         0
                text28                             17F6     17F6        8         0
                text27                             17EE     17EE        8         0
                text26                             17C8     17C8        A         0
                text25                             127C     127C       6A         0
                text24                             12E6     12E6       5C         0
                text23                             1760     1760       10         0
                text22                             16AC     16AC       1C         0
                text21                             1392     1392       42         0
                text20                             17E6     17E6        8         0
                text19                             164A     164A       22         0
                text18                             108C     108C       8C         0
                text17                             16E2     16E2       18         0
                text16                             120E     120E       6E         0
                text15                             168E     168E       1E         0
                text14                             17BE     17BE        A         0
                text13                             17B4     17B4        A         0
                text12                             17AA     17AA        A         0
                text11                             1414     1414       3E         0
                text10                             17A0     17A0        A         0
                text9                              1796     1796        A         0
                text8                              178C     178C        A         0
                text7                              148C     148C       38         0
                text6                              1726     1726       14         0
                text5                              1852     1852        4         0
                text4                              1712     1712       14         0
                text3                              1452     1452       3A         0
                text2                              174E     174E       12         0
                text1                              1628     1628       22         0
                text0                              1342     1342       50         0
                cinit                              16C8     16C8       1A         0

        CLASS   CONST          

        CLASS   SMALLCONST     
                smallconst                          F00      F00       22         0

        CLASS   MEDIUMCONST    

        CLASS   COMRAM         
                temp                                 45       45        1         1
                cstackCOMRAM                         2A       2A        E         1
                bssCOMRAM                             1        1       29         1
                nvCOMRAM                             38       38        D         1

        CLASS   ABS1           

        CLASS   BIGRAM         

        CLASS   RAM            

        CLASS   BANK0          

        CLASS   BANK1          

        CLASS   BANK2          

        CLASS   BANK3          

        CLASS   BANK4          

        CLASS   BANK5          

        CLASS   BANK6          

        CLASS   BANK7          

        CLASS   BANK8          

        CLASS   BANK9          

        CLASS   BANK10         

        CLASS   BANK11         

        CLASS   BANK12         

        CLASS   BANK13         

        CLASS   BANK14         

        CLASS   SFR            

        CLASS   BIGSFR         

        CLASS   CONFIG         
                config                             FFF8     FFF8        8         4

        CLASS   FARRAM         

        CLASS   HEAP           

        CLASS   STACK          

        CLASS   IDLOC          



SEGMENTS        Name                           Load    Length   Top    Selector   Space  Class

                reset_vec                      000000  000004  000004         0       0  CODE    
                bssCOMRAM                      000001  000045  000046         1       1  COMRAM  
                intcode                        000008  000086  00008E         4       0  CODE    
                smallconst                     000F00  000022  000F22       780       0  SMALLCON
                text36                         000F22  000966  001888       791       0  CODE    


UNUSED ADDRESS RANGES

        Name                Unused          Largest block    Delta
        BANK0            00060-000FF              A0
        BANK1            00100-001FF             100
        BANK10           00A00-00AFF             100
        BANK11           00B00-00BFF             100
        BANK12           00C00-00CFF             100
        BANK13           00D00-00DFF             100
        BANK14           00E00-00EAF              B0
        BANK2            00200-002FF             100
        BANK3            00300-003FF             100
        BANK4            00400-004FF             100
        BANK5            00500-005FF             100
        BANK6            00600-006FF             100
        BANK7            00700-007FF             100
        BANK8            00800-008FF             100
        BANK9            00900-009FF             100
        BIGRAM           00046-00EAF             E6A
        BIGSFR           00EB0-00FFF             150
        CODE             00004-00007               4
                         0008E-00EFF             E72
                         01888-0FFF7            E770
        COMRAM           00046-0005F              1A
        CONST            00004-00007               4
                         0008E-00EFF             E72
                         01888-0FFF7            E770
        MEDIUMCONST      01888-0FFF7            E770
        RAM              00060-00EAF             100
        SFR              00EB0-00FFF              60
        SMALLCONST       01888-0FFF7             100

                                  Symbol Table

EUSART1_SetErrorHandler@interruptHandler        cstackCOMRAM  0002C
EUSART1_SetFramingErrorHandler@interruptHandler cstackCOMRAM  0002C
EUSART1_SetOverrunErrorHandler@interruptHandler cstackCOMRAM  0002C
I2C1_Close@returnValue                          cstackCOMRAM  0002C
I2C1_MasterOperation@read                       cstackCOMRAM  0002F
I2C1_MasterOperation@returnValue                cstackCOMRAM  00030
I2C1_MasterSendTxData@data                      cstackCOMRAM  0002C
I2C1_Open@address                               cstackCOMRAM  0002C
I2C1_Open@returnValue                           cstackCOMRAM  0002D
I2C1_SetAddressNackCallback@cb                  cstackCOMRAM  00031
I2C1_SetAddressNackCallback@ptr                 cstackCOMRAM  00033
I2C1_SetBuffer@buffer                           cstackCOMRAM  0002C
I2C1_SetBuffer@bufferSize                       cstackCOMRAM  0002E
I2C1_SetCallback@cb                             cstackCOMRAM  0002C
I2C1_SetCallback@idx                            cstackCOMRAM  00030
I2C1_SetCallback@ptr                            cstackCOMRAM  0002E
I2C1_SetDataCompleteCallback@cb                 cstackCOMRAM  00031
I2C1_SetDataCompleteCallback@ptr                cstackCOMRAM  00033
I2C1_Write1ByteRegister@address                 cstackCOMRAM  00037
I2C1_Write1ByteRegister@data                    cstackCOMRAM  00036
I2C1_Write1ByteRegister@reg                     cstackCOMRAM  00035
INT0_SetInterruptHandler@InterruptHandler       cstackCOMRAM  0002C
INT1_SetInterruptHandler@InterruptHandler       cstackCOMRAM  0002C
INT2_SetInterruptHandler@InterruptHandler       cstackCOMRAM  0002C
_ADCON0                                         (abs)         00FC2
_ADCON0bits                                     (abs)         00FC2
_ADCON1                                         (abs)         00FC1
_ADCTRIG                                        (abs)         00EB8
_ADC_Initialize                                 text15        0168E
_ADC_InterruptHandler                           bssCOMRAM     00027
_ADRESH                                         (abs)         00FC4
_ADRESL                                         (abs)         00FC3
_ANCON0                                         (abs)         00F48
_ANCON1                                         (abs)         00F49
_BAUDCON1                                       (abs)         00F7E
_EUSART1_DefaultErrorHandler                    (abs)         00000
_EUSART1_DefaultFramingErrorHandler             (abs)         00000
_EUSART1_DefaultOverrunErrorHandler             (abs)         00000
_EUSART1_ErrorHandler                           nvCOMRAM      0003E
_EUSART1_FramingErrorHandler                    nvCOMRAM      00042
_EUSART1_Initialize                             text11        01414
_EUSART1_OverrunErrorHandler                    nvCOMRAM      00040
_EUSART1_SetErrorHandler                        text14        017BE
_EUSART1_SetFramingErrorHandler                 text13        017B4
_EUSART1_SetOverrunErrorHandler                 text12        017AA
_EXT_INT_Initialize                             text7         0148C
_I2C1_CallbackReturnReset                       text52        01862
_I2C1_CallbackReturnStop                        text53        01866
_I2C1_Close                                     text61        015FE
_I2C1_DO_ADDRESS_NACK                           text25        0127C
_I2C1_DO_IDLE                                   text39        017DC
_I2C1_DO_RCEN                                   text34        017D2
_I2C1_DO_RESET                                  text26        017C8
_I2C1_DO_RX                                     text35        00FE6
_I2C1_DO_RX_ACK                                 text29        017FE
_I2C1_DO_RX_NACK_RESTART                        text27        017EE
_I2C1_DO_RX_NACK_STOP                           text28        017F6
_I2C1_DO_SEND_ADR_READ                          text38        0177E
_I2C1_DO_SEND_ADR_WRITE                         text37        01770
_I2C1_DO_SEND_RESTART                           text31        0180E
_I2C1_DO_SEND_RESTART_READ                      text33        0181E
_I2C1_DO_SEND_RESTART_WRITE                     text32        01816
_I2C1_DO_SEND_STOP                              text30        01806
_I2C1_DO_TX                                     text36        00F22
_I2C1_DO_TX_EMPTY                               text40        01118
_I2C1_Initialize                                text6         01726
_I2C1_MasterClearIrq                            text64        0187E
_I2C1_MasterClose                               text63        0187A
_I2C1_MasterDisableIrq                          text62        01876
_I2C1_MasterEnableRestart                       text59        0186E
_I2C1_MasterFsm                                 text24        012E6
_I2C1_MasterGetRxData                           text45        0185A
_I2C1_MasterIsNack                              text42        0173A
_I2C1_MasterOpen                                text19        0164A
_I2C1_MasterOperation                           text21        01392
_I2C1_MasterSendAck                             text44        01846
_I2C1_MasterSendNack                            text46        0184C
_I2C1_MasterSendTxData                          text43        01826
_I2C1_MasterSetIrq                              text41        01856
_I2C1_MasterStart                               text60        01872
_I2C1_MasterStartRx                             text47        0185E
_I2C1_MasterStop                                text58        0186A
_I2C1_MasterWaitForEvent                        text23        01760
_I2C1_MasterWrite                               text20        017E6
_I2C1_Open                                      text18        0108C
_I2C1_Poller                                    text22        016AC
_I2C1_SetAddressNackCallback                    text17        016E2
_I2C1_SetBuffer                                 text57        0166C
_I2C1_SetCallback                               text56        01194
_I2C1_SetDataCompleteCallback                   text55        016FA
_I2C1_Status                                    bssCOMRAM     00001
_I2C1_Write1ByteRegister                        text16        0120E
_INT0_CallBack                                  text73        01520
_INT0_DefaultInterruptHandler                   text74        01886
_INT0_ISR                                       text72        0183E
_INT0_InterruptHandler                          nvCOMRAM      0003C
_INT0_SetInterruptHandler                       text10        017A0
_INT1_CallBack                                  text70        014F2
_INT1_DefaultInterruptHandler                   text71        01884
_INT1_ISR                                       text69        01836
_INT1_InterruptHandler                          nvCOMRAM      0003A
_INT1_SetInterruptHandler                       text9         01796
_INT2_CallBack                                  text67        014C4
_INT2_DefaultInterruptHandler                   text68        01882
_INT2_ISR                                       text66        0182E
_INT2_InterruptHandler                          nvCOMRAM      00038
_INT2_SetInterruptHandler                       text8         0178C
_INTCON2bits                                    (abs)         00FF1
_INTCON3bits                                    (abs)         00FF0
_INTCONbits                                     (abs)         00FF2
_INTERRUPT_Initialize                           text5         01852
_INTERRUPT_InterruptManager                     intcode       00008
_LATA                                           (abs)         00F89
_LATB                                           (abs)         00F8A
_LATC                                           (abs)         00F8B
_LATCbits                                       (abs)         00F8B
_ODCON1                                         (abs)         00F42
_ODCON2                                         (abs)         00F41
_ODCON3                                         (abs)         00F40
_OSCCON                                         (abs)         00FD3
_OSCCON2                                        (abs)         00F87
_OSCILLATOR_Initialize                          text4         01712
_OSCTUNE                                        (abs)         00F9B
_PIE1bits                                       (abs)         00F9D
_PIN_MANAGER_Initialize                         text3         01452
_PIR1bits                                       (abs)         00F9E
_PIR2bits                                       (abs)         00FA1
_PORTCbits                                      (abs)         00F82
_RCONbits                                       (abs)         00FD0
_RCREG1                                         (abs)         00FAF
_RCSTA1                                         (abs)         00FAC
_RCSTA1bits                                     (abs)         00FAC
_REFOCON                                        (abs)         00F3D
_RPINR1                                         (abs)         00EE1
_RPINR2                                         (abs)         00EE2
_SPBRG1                                         (abs)         00FB0
_SPBRGH1                                        (abs)         00F7F
_SSP1ADD                                        (abs)         00FC8
_SSP1BUF                                        (abs)         00FC9
_SSP1CON1                                       (abs)         00FC6
_SSP1CON1bits                                   (abs)         00FC6
_SSP1CON2                                       (abs)         00FC5
_SSP1CON2bits                                   (abs)         00FC5
_SSP1STAT                                       (abs)         00FC7
_SSP1STATbits                                   (abs)         00FC7
_SYSTEM_Initialize                              text1         01628
_T0CON                                          (abs)         00FD5
_T0CONbits                                      (abs)         00FD5
_TMR0H                                          (abs)         00FD7
_TMR0L                                          (abs)         00FD6
_TMR0_Initialize                                text2         0174E
_TRISA                                          (abs)         00F92
_TRISB                                          (abs)         00F93
_TRISC                                          (abs)         00F94
_TXREG1                                         (abs)         00FAE
_TXSTA1                                         (abs)         00FAD
_TXSTA1bits                                     (abs)         00FAD
__HRAM                                          (abs)         00000
__Habs1                                         abs1          00000
__Hbank0                                        bank0         00000
__Hbank1                                        bank1         00000
__Hbank10                                       bank10        00000
__Hbank11                                       bank11        00000
__Hbank12                                       bank12        00000
__Hbank13                                       bank13        00000
__Hbank14                                       bank14        00000
__Hbank2                                        bank2         00000
__Hbank3                                        bank3         00000
__Hbank4                                        bank4         00000
__Hbank5                                        bank5         00000
__Hbank6                                        bank6         00000
__Hbank7                                        bank7         00000
__Hbank8                                        bank8         00000
__Hbank9                                        bank9         00000
__Hbigbss                                       bigbss        00000
__Hbigdata                                      bigdata       00000
__Hbigram                                       bigram        00000
__Hbigsfr                                       bigsfr        00000
__Hbss                                          bss           00000
__HbssCOMRAM                                    bssCOMRAM     00000
__Hcinit                                        cinit         00000
__Hclrtext                                      clrtext       00000
__Hcomram                                       comram        00000
__Hconfig                                       config        10000
__Hconst                                        const         00000
__HcstackCOMRAM                                 cstackCOMRAM  00000
__Hdata                                         data          00000
__Hfarbss                                       farbss        00000
__Hfardata                                      fardata       00000
__Hheap                                         heap          00000
__Hibigdata                                     ibigdata      00000
__Hidata                                        idata         00000
__Hidloc                                        idloc         00000
__Hifardata                                     ifardata      00000
__Hinit                                         init          0008E
__Hintcode                                      intcode       0008A
__Hintcode_body                                 intcode_body  00000
__Hintcodelo                                    intcodelo     0008A
__Hintentry                                     intentry      00000
__Hintret                                       intret        00000
__Hintsave_regs                                 intsave_regs  00000
__Hirdata                                       irdata        00000
__Hjflash_buffer                                jflash_buffer 0F800
__Hmediumconst                                  mediumconst   00000
__HnvCOMRAM                                     nvCOMRAM      00000
__HnvFARRAM                                     nvFARRAM      00000
__Hnvbit                                        nvbit         00000
__Hnvrram                                       nvrram        00000
__Hparam                                        rparam        00000
__Hpowerup                                      powerup       0008A
__Hram                                          ram           00000
__Hramtop                                       ramtop        00F00
__Hrbit                                         rbit          00000
__Hrbss                                         rbss          00000
__Hrdata                                        rdata         00000
__Hreset_vec                                    reset_vec     00004
__Hrparam                                       rparam        00000
__Hsfr                                          sfr           00000
__Hsmallconst                                   smallconst    00F22
__Hspace_0                                      (abs)         0F800
__Hspace_1                                      (abs)         00046
__Hspace_2                                      (abs)         00000
__Hspace_4                                      (abs)         1FFF8
__Hstack                                        stack         00000
__Hstruct                                       struct        00000
__Htemp                                         temp          00046
__Htext                                         text          00000
__Htext0                                        text0         00000
__Htext1                                        text1         00000
__Htext10                                       text10        00000
__Htext11                                       text11        00000
__Htext12                                       text12        00000
__Htext13                                       text13        00000
__Htext14                                       text14        00000
__Htext15                                       text15        00000
__Htext16                                       text16        00000
__Htext17                                       text17        00000
__Htext18                                       text18        00000
__Htext19                                       text19        00000
__Htext2                                        text2         00000
__Htext20                                       text20        00000
__Htext21                                       text21        00000
__Htext22                                       text22        00000
__Htext23                                       text23        00000
__Htext24                                       text24        00000
__Htext25                                       text25        00000
__Htext26                                       text26        00000
__Htext27                                       text27        00000
__Htext28                                       text28        00000
__Htext29                                       text29        00000
__Htext3                                        text3         00000
__Htext30                                       text30        00000
__Htext31                                       text31        00000
__Htext32                                       text32        00000
__Htext33                                       text33        00000
__Htext34                                       text34        00000
__Htext35                                       text35        00000
__Htext36                                       text36        00000
__Htext37                                       text37        00000
__Htext38                                       text38        00000
__Htext39                                       text39        00000
__Htext4                                        text4         00000
__Htext40                                       text40        00000
__Htext41                                       text41        00000
__Htext42                                       text42        00000
__Htext43                                       text43        00000
__Htext44                                       text44        00000
__Htext45                                       text45        00000
__Htext46                                       text46        00000
__Htext47                                       text47        00000
__Htext48                                       text48        00000
__Htext49                                       text49        00000
__Htext5                                        text5         00000
__Htext50                                       text50        00000
__Htext51                                       text51        00000
__Htext52                                       text52        00000
__Htext53                                       text53        00000
__Htext54                                       text54        00000
__Htext55                                       text55        00000
__Htext56                                       text56        00000
__Htext57                                       text57        00000
__Htext58                                       text58        00000
__Htext59                                       text59        00000
__Htext6                                        text6         00000
__Htext60                                       text60        00000
__Htext61                                       text61        00000
__Htext62                                       text62        00000
__Htext63                                       text63        00000
__Htext64                                       text64        00000
__Htext66                                       text66        00000
__Htext67                                       text67        00000
__Htext68                                       text68        00000
__Htext69                                       text69        00000
__Htext7                                        text7         00000
__Htext70                                       text70        00000
__Htext71                                       text71        00000
__Htext72                                       text72        00000
__Htext73                                       text73        00000
__Htext74                                       text74        00000
__Htext75                                       text75        00000
__Htext8                                        text8         00000
__Htext9                                        text9         00000
__LRAM                                          (abs)         00001
__Labs1                                         abs1          00000
__Lbank0                                        bank0         00000
__Lbank1                                        bank1         00000
__Lbank10                                       bank10        00000
__Lbank11                                       bank11        00000
__Lbank12                                       bank12        00000
__Lbank13                                       bank13        00000
__Lbank14                                       bank14        00000
__Lbank2                                        bank2         00000
__Lbank3                                        bank3         00000
__Lbank4                                        bank4         00000
__Lbank5                                        bank5         00000
__Lbank6                                        bank6         00000
__Lbank7                                        bank7         00000
__Lbank8                                        bank8         00000
__Lbank9                                        bank9         00000
__Lbigbss                                       bigbss        00000
__Lbigdata                                      bigdata       00000
__Lbigram                                       bigram        00000
__Lbigsfr                                       bigsfr        00000
__Lbss                                          bss           00000
__LbssCOMRAM                                    bssCOMRAM     00000
__Lcinit                                        cinit         00000
__Lclrtext                                      clrtext       00000
__Lcomram                                       comram        00000
__Lconfig                                       config        00000
__Lconst                                        const         00000
__LcstackCOMRAM                                 cstackCOMRAM  00000
__Ldata                                         data          00000
__Lfarbss                                       farbss        00000
__Lfardata                                      fardata       00000
__Lheap                                         heap          00000
__Libigdata                                     ibigdata      00000
__Lidata                                        idata         00000
__Lidloc                                        idloc         00000
__Lifardata                                     ifardata      00000
__Linit                                         init          0008A
__Lintcode                                      intcode       00008
__Lintcode_body                                 intcode_body  00000
__Lintcodelo                                    intcodelo     0008A
__Lintentry                                     intentry      00000
__Lintret                                       intret        00000
__Lintsave_regs                                 intsave_regs  00000
__Lirdata                                       irdata        00000
__Ljflash_buffer                                jflash_buffer 0F800
__Lmediumconst                                  mediumconst   00000
__LnvCOMRAM                                     nvCOMRAM      00000
__LnvFARRAM                                     nvFARRAM      00000
__Lnvbit                                        nvbit         00000
__Lnvrram                                       nvrram        00000
__Lparam                                        rparam        00000
__Lpowerup                                      powerup       0008A
__Lram                                          ram           00000
__Lramtop                                       ramtop        00F00
__Lrbit                                         rbit          00000
__Lrbss                                         rbss          00000
__Lrdata                                        rdata         00000
__Lreset_vec                                    reset_vec     00000
__Lrparam                                       rparam        00000
__Lsfr                                          sfr           00000
__Lsmallconst                                   smallconst    00F00
__Lspace_0                                      (abs)         00000
__Lspace_1                                      (abs)         00000
__Lspace_2                                      (abs)         00000
__Lspace_4                                      (abs)         00000
__Lstack                                        stack         00000
__Lstruct                                       struct        00000
__Ltemp                                         temp          00045
__Ltext                                         text          00000
__Ltext0                                        text0         00000
__Ltext1                                        text1         00000
__Ltext10                                       text10        00000
__Ltext11                                       text11        00000
__Ltext12                                       text12        00000
__Ltext13                                       text13        00000
__Ltext14                                       text14        00000
__Ltext15                                       text15        00000
__Ltext16                                       text16        00000
__Ltext17                                       text17        00000
__Ltext18                                       text18        00000
__Ltext19                                       text19        00000
__Ltext2                                        text2         00000
__Ltext20                                       text20        00000
__Ltext21                                       text21        00000
__Ltext22                                       text22        00000
__Ltext23                                       text23        00000
__Ltext24                                       text24        00000
__Ltext25                                       text25        00000
__Ltext26                                       text26        00000
__Ltext27                                       text27        00000
__Ltext28                                       text28        00000
__Ltext29                                       text29        00000
__Ltext3                                        text3         00000
__Ltext30                                       text30        00000
__Ltext31                                       text31        00000
__Ltext32                                       text32        00000
__Ltext33                                       text33        00000
__Ltext34                                       text34        00000
__Ltext35                                       text35        00000
__Ltext36                                       text36        00000
__Ltext37                                       text37        00000
__Ltext38                                       text38        00000
__Ltext39                                       text39        00000
__Ltext4                                        text4         00000
__Ltext40                                       text40        00000
__Ltext41                                       text41        00000
__Ltext42                                       text42        00000
__Ltext43                                       text43        00000
__Ltext44                                       text44        00000
__Ltext45                                       text45        00000
__Ltext46                                       text46        00000
__Ltext47                                       text47        00000
__Ltext48                                       text48        00000
__Ltext49                                       text49        00000
__Ltext5                                        text5         00000
__Ltext50                                       text50        00000
__Ltext51                                       text51        00000
__Ltext52                                       text52        00000
__Ltext53                                       text53        00000
__Ltext54                                       text54        00000
__Ltext55                                       text55        00000
__Ltext56                                       text56        00000
__Ltext57                                       text57        00000
__Ltext58                                       text58        00000
__Ltext59                                       text59        00000
__Ltext6                                        text6         00000
__Ltext60                                       text60        00000
__Ltext61                                       text61        00000
__Ltext62                                       text62        00000
__Ltext63                                       text63        00000
__Ltext64                                       text64        00000
__Ltext66                                       text66        00000
__Ltext67                                       text67        00000
__Ltext68                                       text68        00000
__Ltext69                                       text69        00000
__Ltext7                                        text7         00000
__Ltext70                                       text70        00000
__Ltext71                                       text71        00000
__Ltext72                                       text72        00000
__Ltext73                                       text73        00000
__Ltext74                                       text74        00000
__Ltext75                                       text75        00000
__Ltext8                                        text8         00000
__Ltext9                                        text9         00000
__S0                                            (abs)         01888
__S1                                            (abs)         00046
__S4                                            (abs)         00000
___heap_hi                                      (abs)         00000
___heap_lo                                      (abs)         00000
___inthi_sp                                     stack         00000
___intlo_sp                                     stack         00000
___param_bank                                   (abs)         00000
___rparam_used                                  (abs)         00001
___sp                                           stack         00000
__accesstop                                     (abs)         00060
__activetblptr                                  (abs)         00002
__end_of_ADC_Initialize                         text15        016AC
__end_of_EUSART1_Initialize                     text11        01452
__end_of_EUSART1_SetErrorHandler                text14        017C8
__end_of_EUSART1_SetFramingErrorHandler         text13        017BE
__end_of_EUSART1_SetOverrunErrorHandler         text12        017B4
__end_of_EXT_INT_Initialize                     text7         014C4
__end_of_I2C1_CallbackReturnReset               text52        01866
__end_of_I2C1_CallbackReturnStop                text53        0186A
__end_of_I2C1_Close                             text61        01628
__end_of_I2C1_DO_ADDRESS_NACK                   text25        012E6
__end_of_I2C1_DO_IDLE                           text39        017E6
__end_of_I2C1_DO_RCEN                           text34        017DC
__end_of_I2C1_DO_RESET                          text26        017D2
__end_of_I2C1_DO_RX                             text35        0108C
__end_of_I2C1_DO_RX_ACK                         text29        01806
__end_of_I2C1_DO_RX_NACK_RESTART                text27        017F6
__end_of_I2C1_DO_RX_NACK_STOP                   text28        017FE
__end_of_I2C1_DO_SEND_ADR_READ                  text38        0178C
__end_of_I2C1_DO_SEND_ADR_WRITE                 text37        0177E
__end_of_I2C1_DO_SEND_RESTART                   text31        01816
__end_of_I2C1_DO_SEND_RESTART_READ              text33        01826
__end_of_I2C1_DO_SEND_RESTART_WRITE             text32        0181E
__end_of_I2C1_DO_SEND_STOP                      text30        0180E
__end_of_I2C1_DO_TX                             text36        00FE6
__end_of_I2C1_DO_TX_EMPTY                       text40        01194
__end_of_I2C1_Initialize                        text6         0173A
__end_of_I2C1_MasterClearIrq                    text64        01882
__end_of_I2C1_MasterClose                       text63        0187E
__end_of_I2C1_MasterDisableIrq                  text62        0187A
__end_of_I2C1_MasterEnableRestart               text59        01872
__end_of_I2C1_MasterFsm                         text24        01342
__end_of_I2C1_MasterGetRxData                   text45        0185E
__end_of_I2C1_MasterIsNack                      text42        0174E
__end_of_I2C1_MasterOpen                        text19        0166C
__end_of_I2C1_MasterOperation                   text21        013D4
__end_of_I2C1_MasterSendAck                     text44        0184C
__end_of_I2C1_MasterSendNack                    text46        01852
__end_of_I2C1_MasterSendTxData                  text43        0182E
__end_of_I2C1_MasterSetIrq                      text41        0185A
__end_of_I2C1_MasterStart                       text60        01876
__end_of_I2C1_MasterStartRx                     text47        01862
__end_of_I2C1_MasterStop                        text58        0186E
__end_of_I2C1_MasterWaitForEvent                text23        01770
__end_of_I2C1_MasterWrite                       text20        017EE
__end_of_I2C1_Open                              text18        01118
__end_of_I2C1_Poller                            text22        016C8
__end_of_I2C1_SetAddressNackCallback            text17        016FA
__end_of_I2C1_SetBuffer                         text57        0168E
__end_of_I2C1_SetCallback                       text56        0120E
__end_of_I2C1_SetDataCompleteCallback           text55        01712
__end_of_I2C1_Write1ByteRegister                text16        0127C
__end_of_INT0_CallBack                          text73        0154E
__end_of_INT0_DefaultInterruptHandler           text74        01888
__end_of_INT0_ISR                               text72        01846
__end_of_INT0_SetInterruptHandler               text10        017AA
__end_of_INT1_CallBack                          text70        01520
__end_of_INT1_DefaultInterruptHandler           text71        01886
__end_of_INT1_ISR                               text69        0183E
__end_of_INT1_SetInterruptHandler               text9         017A0
__end_of_INT2_CallBack                          text67        014F2
__end_of_INT2_DefaultInterruptHandler           text68        01884
__end_of_INT2_ISR                               text66        01836
__end_of_INT2_SetInterruptHandler               text8         01796
__end_of_INTERRUPT_Initialize                   text5         01856
__end_of_INTERRUPT_InterruptManager             intcode       0008A
__end_of_OSCILLATOR_Initialize                  text4         01726
__end_of_PIN_MANAGER_Initialize                 text3         0148C
__end_of_SYSTEM_Initialize                      text1         0164A
__end_of_TMR0_Initialize                        text2         01760
__end_of__initialization                        cinit         016D4
__end_of_i2c1_fsmStateTable                     smallconst    00F21
__end_of_main                                   text0         01392
__end_of_rd1RegCompleteHandler                  text51        015D2
__end_of_rd2RegCompleteHandler                  text50        015A6
__end_of_rdBlkRegCompleteHandler                text48        01414
__end_of_wr1RegCompleteHandler                  text49        0157A
__end_of_wr2RegCompleteHandler                  text54        015FE
__initialization                                cinit         016C8
__mediumconst                                   mediumconst   00000
__pbssCOMRAM                                    bssCOMRAM     00001
__pcinit                                        cinit         016C8
__pcstackCOMRAM                                 cstackCOMRAM  0002A
__pintcode                                      intcode       00008
__pnvCOMRAM                                     nvCOMRAM      00038
__psmallconst                                   smallconst    00F00
__ptext0                                        text0         01342
__ptext1                                        text1         01628
__ptext10                                       text10        017A0
__ptext11                                       text11        01414
__ptext12                                       text12        017AA
__ptext13                                       text13        017B4
__ptext14                                       text14        017BE
__ptext15                                       text15        0168E
__ptext16                                       text16        0120E
__ptext17                                       text17        016E2
__ptext18                                       text18        0108C
__ptext19                                       text19        0164A
__ptext2                                        text2         0174E
__ptext20                                       text20        017E6
__ptext21                                       text21        01392
__ptext22                                       text22        016AC
__ptext23                                       text23        01760
__ptext24                                       text24        012E6
__ptext25                                       text25        0127C
__ptext26                                       text26        017C8
__ptext27                                       text27        017EE
__ptext28                                       text28        017F6
__ptext29                                       text29        017FE
__ptext3                                        text3         01452
__ptext30                                       text30        01806
__ptext31                                       text31        0180E
__ptext32                                       text32        01816
__ptext33                                       text33        0181E
__ptext34                                       text34        017D2
__ptext35                                       text35        00FE6
__ptext36                                       text36        00F22
__ptext37                                       text37        01770
__ptext38                                       text38        0177E
__ptext39                                       text39        017DC
__ptext4                                        text4         01712
__ptext40                                       text40        01118
__ptext41                                       text41        01856
__ptext42                                       text42        0173A
__ptext43                                       text43        01826
__ptext44                                       text44        01846
__ptext45                                       text45        0185A
__ptext46                                       text46        0184C
__ptext47                                       text47        0185E
__ptext48                                       text48        013D4
__ptext49                                       text49        0154E
__ptext5                                        text5         01852
__ptext50                                       text50        0157A
__ptext51                                       text51        015A6
__ptext52                                       text52        01862
__ptext53                                       text53        01866
__ptext54                                       text54        015D2
__ptext55                                       text55        016FA
__ptext56                                       text56        01194
__ptext57                                       text57        0166C
__ptext58                                       text58        0186A
__ptext59                                       text59        0186E
__ptext6                                        text6         01726
__ptext60                                       text60        01872
__ptext61                                       text61        015FE
__ptext62                                       text62        01876
__ptext63                                       text63        0187A
__ptext64                                       text64        0187E
__ptext66                                       text66        0182E
__ptext67                                       text67        014C4
__ptext68                                       text68        01882
__ptext69                                       text69        01836
__ptext7                                        text7         0148C
__ptext70                                       text70        014F2
__ptext71                                       text71        01884
__ptext72                                       text72        0183E
__ptext73                                       text73        01520
__ptext74                                       text74        01886
__ptext75                                       text75        00000
__ptext8                                        text8         0178C
__ptext9                                        text9         01796
__ramtop                                        ramtop        00F00
__smallconst                                    smallconst    00F00
_currentTime                                    bssCOMRAM     00025
_eusart1RxLastError                             bssCOMRAM     00029
_i2c1_fsmStateTable                             smallconst    00F01
_main                                           text0         01342
_rd1RegCompleteHandler                          text51        015A6
_rd2RegCompleteHandler                          text50        0157A
_rdBlkRegCompleteHandler                        text48        013D4
_timer0ReloadVal                                nvCOMRAM      00044
_wr1RegCompleteHandler                          text49        0154E
_wr2RegCompleteHandler                          text54        015D2
btemp                                           temp          00045
end_of_initialization                           cinit         016D4
int$flags                                       temp          00045
intlevel0                                       text          00000
intlevel1                                       text          00000
intlevel2                                       text          00000
intlevel3                                       text          00000
isa$std                                         (abs)         00001
isa$xinst                                       (abs)         00000
rd1RegCompleteHandler@ptr                       cstackCOMRAM  00035
rd2RegCompleteHandler@ptr                       cstackCOMRAM  00035
rdBlkRegCompleteHandler@ptr                     cstackCOMRAM  00035
stackhi                                         (abs)         00000
stacklo                                         (abs)         00000
start                                           init          0008A
start_initialization                            cinit         016C8
ttemp5                                          temp          00046
ttemp6                                          temp          00049
ttemp7                                          temp          0004D
wr1RegCompleteHandler@ptr                       cstackCOMRAM  00035
wr2RegCompleteHandler@ptr                       cstackCOMRAM  00035
wtemp8                                          temp          00046


MODULE INFORMATION

Module		Function		Class		Link	Load	Size
mcc_generated_files/examples/i2c1_master_example.c
		_wr1RegCompleteHandler		CODE           	154E	0000	44
		_wr2RegCompleteHandler		CODE           	15D2	0000	44
		_I2C1_Write1ByteRegister		CODE           	120E	0000	110
		_rdBlkRegCompleteHandler		CODE           	13D4	0000	64
		_rd1RegCompleteHandler		CODE           	15A6	0000	44
		_rd2RegCompleteHandler		CODE           	157A	0000	44

mcc_generated_files/examples/i2c1_master_example.c estimated size: 350

mcc_generated_files/i2c1_master.c
		_I2C1_DO_SEND_RESTART		CODE           	180E	0000	8
		_I2C1_DO_TX_EMPTY		CODE           	1118	0000	124
		_I2C1_DO_SEND_RESTART_READ		CODE           	181E	0000	8
		_I2C1_CallbackReturnStop		CODE           	1866	0000	4
		_I2C1_DO_RX    		CODE           	0FE6	0000	166
		_I2C1_DO_TX    		CODE           	0F22	0000	196
		_I2C1_SetAddressNackCallback		CODE           	16E2	0000	24
		_I2C1_DO_IDLE  		CODE           	17DC	0000	10
		_I2C1_MasterOpen		CODE           	164A	0000	34
		_I2C1_DO_RCEN  		CODE           	17D2	0000	10
		_I2C1_MasterSendTxData		CODE           	1826	0000	8
		_I2C1_MasterStop		CODE           	186A	0000	4
		_I2C1_CallbackReturnReset		CODE           	1862	0000	4
		_I2C1_DO_RESET 		CODE           	17C8	0000	10
		_I2C1_MasterStartRx		CODE           	185E	0000	4
		_I2C1_Poller   		CODE           	16AC	0000	28
		_I2C1_DO_RX_ACK		CODE           	17FE	0000	8
		_I2C1_MasterWaitForEvent		CODE           	1760	0000	16
		_I2C1_MasterSendNack		CODE           	184C	0000	6
		_I2C1_DO_RX_NACK_RESTART		CODE           	17EE	0000	8
		_I2C1_MasterDisableIrq		CODE           	1876	0000	4
		_I2C1_MasterOperation		CODE           	1392	0000	66
		_I2C1_SetCallback		CODE           	1194	0000	122
		_I2C1_MasterEnableRestart		CODE           	186E	0000	4
		_I2C1_Open     		CODE           	108C	0000	140
		_I2C1_DO_ADDRESS_NACK		CODE           	127C	0000	106
		_I2C1_SetBuffer		CODE           	166C	0000	34
		_I2C1_DO_SEND_RESTART_WRITE		CODE           	1816	0000	8
		_I2C1_MasterClose		CODE           	187A	0000	4
		_I2C1_MasterWrite		CODE           	17E6	0000	8
		_I2C1_Initialize		CODE           	1726	0000	20
		_I2C1_Close    		CODE           	15FE	0000	42
		_I2C1_MasterIsNack		CODE           	173A	0000	20
		_I2C1_MasterStart		CODE           	1872	0000	4
		_I2C1_DO_SEND_ADR_WRITE		CODE           	1770	0000	14
		_I2C1_MasterClearIrq		CODE           	187E	0000	4
		_I2C1_SetDataCompleteCallback		CODE           	16FA	0000	24
		_I2C1_DO_SEND_STOP		CODE           	1806	0000	8
		_I2C1_MasterSendAck		CODE           	1846	0000	6
		_I2C1_MasterFsm		CODE           	12E6	0000	92
		_I2C1_MasterGetRxData		CODE           	185A	0000	4
		_I2C1_MasterSetIrq		CODE           	1856	0000	4
		_I2C1_DO_SEND_ADR_READ		CODE           	177E	0000	14
		_I2C1_DO_RX_NACK_STOP		CODE           	17F6	0000	8

mcc_generated_files/i2c1_master.c estimated size: 1440

mcc_generated_files/interrupt_manager.c
		_INTERRUPT_Initialize		CODE           	1852	0000	4
		_INTERRUPT_InterruptManager		CODE           	0008	0000	130

mcc_generated_files/interrupt_manager.c estimated size: 134

mcc_generated_files/tmr0.c
		_TMR0_Initialize		CODE           	174E	0000	18

mcc_generated_files/tmr0.c estimated size: 18

mcc_generated_files/pin_manager.c
		_PIN_MANAGER_Initialize		CODE           	1452	0000	58

mcc_generated_files/pin_manager.c estimated size: 58

mcc_generated_files/adc.c
		_ADC_Initialize		CODE           	168E	0000	30

mcc_generated_files/adc.c estimated size: 30

mcc_generated_files/ext_int.c
		_INT0_SetInterruptHandler		CODE           	17A0	0000	10
		_INT1_SetInterruptHandler		CODE           	1796	0000	10
		_EXT_INT_Initialize		CODE           	148C	0000	56
		_INT2_SetInterruptHandler		CODE           	178C	0000	10
		_INT0_DefaultInterruptHandler		CODE           	1886	0000	2
		_INT0_CallBack 		CODE           	1520	0000	46
		_INT1_DefaultInterruptHandler		CODE           	1884	0000	2
		_INT1_CallBack 		CODE           	14F2	0000	46
		_INT2_DefaultInterruptHandler		CODE           	1882	0000	2
		_INT2_CallBack 		CODE           	14C4	0000	46
		_INT0_ISR      		CODE           	183E	0000	8
		_INT1_ISR      		CODE           	1836	0000	8
		_INT2_ISR      		CODE           	182E	0000	8

mcc_generated_files/ext_int.c estimated size: 254

shared
		__initialization		CODE           	16C8	0000	12
		_i2c1_fsmStateTable		SMALLCONST     	0F01	0000	32

shared estimated size: 44

mcc_generated_files/eusart1.c
		_EUSART1_Initialize		CODE           	1414	0000	62
		_EUSART1_SetFramingErrorHandler		CODE           	17B4	0000	10
		_EUSART1_SetOverrunErrorHandler		CODE           	17AA	0000	10
		_EUSART1_SetErrorHandler		CODE           	17BE	0000	10

mcc_generated_files/eusart1.c estimated size: 92

mcc_generated_files/mcc.c
		_OSCILLATOR_Initialize		CODE           	1712	0000	20
		_SYSTEM_Initialize		CODE           	1628	0000	34

mcc_generated_files/mcc.c estimated size: 54

main.c
		_main          		CODE           	1342	0000	80

main.c estimated size: 80

