Microchip MPLAB XC8 Compiler V2.35

Linker command line:

-W-3 --edf=C:\Program Files\Microchip\xc8\v2.35\pic\dat\en_msgs.txt -cn \
  -h+dist/default/production\team207_main_testing.X.production.sym \
  --cmf=dist/default/production\team207_main_testing.X.production.cmf -z \
  -Q18F26J53 -oC:\Users\mx3de\AppData\Local\Temp\xcAs2s58.4 \
  --defsym=__MPLAB_BUILD=1 \
  -Mdist/default/production/team207_main_testing.X.production.map \
  --md=C:\Users\mx3de\AppData\Local\Temp\xcAs2s58.dat -E1 -ver=XC8 Compiler \
  --acfsm=1493 -ACODE=00h-0FFF7h -ACONST=00h-0FFF7h \
  -ASMALLCONST=0F00h-0FFFhx240,0FF00h-0FFF7h -AMEDIUMCONST=0F00h-0FFF7h \
  -ACOMRAM=01h-05Fh -AABS1=00h-0EAFh -ABIGRAM=01h-0EAFh \
  -ARAM=060h-0FFh,0100h-01FFhx13,0E00h-0EAFh -ABANK0=060h-0FFh \
  -ABANK1=0100h-01FFh -ABANK2=0200h-02FFh -ABANK3=0300h-03FFh \
  -ABANK4=0400h-04FFh -ABANK5=0500h-05FFh -ABANK6=0600h-06FFh \
  -ABANK7=0700h-07FFh -ABANK8=0800h-08FFh -ABANK9=0900h-09FFh \
  -ABANK10=0A00h-0AFFh -ABANK11=0B00h-0BFFh -ABANK12=0C00h-0CFFh \
  -ABANK13=0D00h-0DFFh -ABANK14=0E00h-0EAFh \
  -ASFR=0EB0h-0EFFh,0F00h-0F5Fh,0F60h-0FFFh -ABIGSFR=0EB0h-0FFFh \
  -ACONFIG=0FFF8h-0FFFFh -preset_vec=00h,intcode=08h,intcodelo,powerup,init \
  -pramtop=0F00h -psmallconst=SMALLCONST -pmediumconst=MEDIUMCONST \
  -pconst=CONST -AFARRAM=00h-00h -pjflash_buffer=0F800h \
  -prdata=COMRAM,nvrram=COMRAM,nvbit=COMRAM,rbss=COMRAM,rbit=COMRAM \
  -pfarbss=FARRAM,fardata=FARRAM,nvFARRAM=FARRAM \
  -pintsave_regs=BIGRAM,bigbss=BIGRAM,bigdata=BIGRAM -pbss=RAM \
  -pidata=CODE,irdata=CODE,ibigdata=CODE,ifardata=CODE -prparam=COMRAM \
  C:\Users\mx3de\AppData\Local\Temp\xcAs2s58.o \
  dist/default/production\team207_main_testing.X.production.o 

Object code version is 3.11

Machine type is 18F26J53



                Name                               Link     Load   Length Selector   Space Scale
C:\Users\mx3de\AppData\Local\Temp\xcAs2s58.o
                config                             FFF8     FFF8        8        0       4
                init                                13C      13C        4        4       0
                reset_vec                             0        0        4        0       0
dist/default/production\team207_main_testing.X.production.o
                intcode                               8        8      134        4       0
                config                             FFF8     FFF8        8        0       4
                temp                                 48       48        1        1       1
                smallconst                          F00      F00       2A      780       0
                text70                             1880     1880       2A      795       0
                text69                             1AC4     1AC4        6      795       0
                text68                             1AF6     1AF6        2      795       0
                text67                             1ABE     1ABE        6      795       0
                text66                             10E0     10E0       C2      795       0
                text65                             172A     172A       40      795       0
                text64                             1AF2     1AF2        4      795       0
                text63                             1AEE     1AEE        4      795       0
                text62                             18F8     18F8       24      795       0
                text61                             13FE     13FE       7A      795       0
                text60                             197E     197E       18      795       0
                text59                             182A     182A       2C      795       0
                text58                             17FE     17FE       2C      795       0
                text57                             17D2     17D2       2C      795       0
                text56                             17A6     17A6       2C      795       0
                text55                             16EA     16EA       40      795       0
                text54                             1AEA     1AEA        4      795       0
                text53                             1AE6     1AE6        4      795       0
                text52                             1AE2     1AE2        4      795       0
                text51                             1AB8     1AB8        6      795       0
                text50                             1ADE     1ADE        4      795       0
                text49                             1AB2     1AB2        6      795       0
                text48                             1AA4     1AA4        8      795       0
                text47                             19BE     19BE       14      795       0
                text46                             1ADA     1ADA        4      795       0
                text45                             1380     1380       7E      795       0
                text44                             1A1A     1A1A        C      795       0
                text43                             19F2     19F2       10      795       0
                text42                             19E2     19E2       10      795       0
                text41                             1018     1018       C8      795       0
                text40                             11A2     11A2       A8      795       0
                text39                             1A0E     1A0E        C      795       0
                text38                             1A9C     1A9C        8      795       0
                text37                             1A94     1A94        8      795       0
                text36                             1A8C     1A8C        8      795       0
                text35                             1A84     1A84        8      795       0
                text34                             1A7C     1A7C        8      795       0
                text33                             1A74     1A74        8      795       0
                text32                             1A6C     1A6C        8      795       0
                text31                             1A02     1A02        C      795       0
                text30                             1562     1562       6C      795       0
                text29                             1AD6     1AD6        4      795       0
                text28                             15CE     15CE       64      795       0
                text27                             1AAC     1AAC        6      795       0
                text25                             1AD2     1AD2        4      795       0
                text24                             1ACE     1ACE        4      795       0
                text23                             193E     193E       22      795       0
                text22                             1A62     1A62        A      795       0
                text21                             124A     124A       9E      795       0
                text20                             1960     1960       1E      795       0
                text19                             1A58     1A58        A      795       0
                text18                             1A4E     1A4E        A      795       0
                text17                             1A44     1A44        A      795       0
                text16                             1A3A     1A3A        A      795       0
                text15                             1A30     1A30        A      795       0
                text14                             14EE     14EE       74      795       0
                text13                             19AA     19AA       14      795       0
                text12                             1ACA     1ACA        4      795       0
                text11                             1996     1996       14      795       0
                text10                             176A     176A       3C      795       0
                text9                              1856     1856       2A      795       0
                text8                              19D2     19D2       10      795       0
                text7                              191C     191C       22      795       0
                text6                              1694     1694       56      795       0
                text5                              1A26     1A26        A      795       0
                text4                              12E8     12E8       98      795       0
                text3                               F2A      F2A       EE      795       0
                text2                              1632     1632       62      795       0
                text1                              18AA     18AA       28      795       0
                text0                              1478     1478       76      795       0
                cstackCOMRAM                         23       23       20        1       1
                cstackBANK0                          AC       AC       17       60       1
                bssBANK0                             60       60       4C       60       1
                bssCOMRAM                             1        1       22        1       1
                cinit                              18D2     18D2       26      795       0
                nvBANK0                              C3       C3        8       60       1
                nvCOMRAM                             43       43        5        1       1

TOTAL           Name                               Link     Load   Length     Space
        CLASS   CODE           
                intcode                               8        8      134         0
                init                                13C      13C        4         0
                reset_vec                             0        0        4         0
                text70                             1880     1880       2A         0
                text69                             1AC4     1AC4        6         0
                text68                             1AF6     1AF6        2         0
                text67                             1ABE     1ABE        6         0
                text66                             10E0     10E0       C2         0
                text65                             172A     172A       40         0
                text64                             1AF2     1AF2        4         0
                text63                             1AEE     1AEE        4         0
                text62                             18F8     18F8       24         0
                text61                             13FE     13FE       7A         0
                text60                             197E     197E       18         0
                text59                             182A     182A       2C         0
                text58                             17FE     17FE       2C         0
                text57                             17D2     17D2       2C         0
                text56                             17A6     17A6       2C         0
                text55                             16EA     16EA       40         0
                text54                             1AEA     1AEA        4         0
                text53                             1AE6     1AE6        4         0
                text52                             1AE2     1AE2        4         0
                text51                             1AB8     1AB8        6         0
                text50                             1ADE     1ADE        4         0
                text49                             1AB2     1AB2        6         0
                text48                             1AA4     1AA4        8         0
                text47                             19BE     19BE       14         0
                text46                             1ADA     1ADA        4         0
                text45                             1380     1380       7E         0
                text44                             1A1A     1A1A        C         0
                text43                             19F2     19F2       10         0
                text42                             19E2     19E2       10         0
                text41                             1018     1018       C8         0
                text40                             11A2     11A2       A8         0
                text39                             1A0E     1A0E        C         0
                text38                             1A9C     1A9C        8         0
                text37                             1A94     1A94        8         0
                text36                             1A8C     1A8C        8         0
                text35                             1A84     1A84        8         0
                text34                             1A7C     1A7C        8         0
                text33                             1A74     1A74        8         0
                text32                             1A6C     1A6C        8         0
                text31                             1A02     1A02        C         0
                text30                             1562     1562       6C         0
                text29                             1AD6     1AD6        4         0
                text28                             15CE     15CE       64         0
                text27                             1AAC     1AAC        6         0
                text25                             1AD2     1AD2        4         0
                text24                             1ACE     1ACE        4         0
                text23                             193E     193E       22         0
                text22                             1A62     1A62        A         0
                text21                             124A     124A       9E         0
                text20                             1960     1960       1E         0
                text19                             1A58     1A58        A         0
                text18                             1A4E     1A4E        A         0
                text17                             1A44     1A44        A         0
                text16                             1A3A     1A3A        A         0
                text15                             1A30     1A30        A         0
                text14                             14EE     14EE       74         0
                text13                             19AA     19AA       14         0
                text12                             1ACA     1ACA        4         0
                text11                             1996     1996       14         0
                text10                             176A     176A       3C         0
                text9                              1856     1856       2A         0
                text8                              19D2     19D2       10         0
                text7                              191C     191C       22         0
                text6                              1694     1694       56         0
                text5                              1A26     1A26        A         0
                text4                              12E8     12E8       98         0
                text3                               F2A      F2A       EE         0
                text2                              1632     1632       62         0
                text1                              18AA     18AA       28         0
                text0                              1478     1478       76         0
                cinit                              18D2     18D2       26         0

        CLASS   CONST          

        CLASS   SMALLCONST     
                smallconst                          F00      F00       2A         0

        CLASS   MEDIUMCONST    

        CLASS   COMRAM         
                temp                                 48       48        1         1
                cstackCOMRAM                         23       23       20         1
                bssCOMRAM                             1        1       22         1
                nvCOMRAM                             43       43        5         1

        CLASS   ABS1           

        CLASS   BIGRAM         

        CLASS   RAM            

        CLASS   BANK0          
                cstackBANK0                          AC       AC       17         1
                bssBANK0                             60       60       4C         1
                nvBANK0                              C3       C3        8         1

        CLASS   BANK1          

        CLASS   BANK2          

        CLASS   BANK3          

        CLASS   BANK4          

        CLASS   BANK5          

        CLASS   BANK6          

        CLASS   BANK7          

        CLASS   BANK8          

        CLASS   BANK9          

        CLASS   BANK10         

        CLASS   BANK11         

        CLASS   BANK12         

        CLASS   BANK13         

        CLASS   BANK14         

        CLASS   SFR            

        CLASS   BIGSFR         

        CLASS   CONFIG         
                config                             FFF8     FFF8        8         4

        CLASS   FARRAM         

        CLASS   HEAP           

        CLASS   STACK          

        CLASS   IDLOC          



SEGMENTS        Name                           Load    Length   Top    Selector   Space  Class

                reset_vec                      000000  000004  000004         0       0  CODE    
                bssCOMRAM                      000001  000048  000049         1       1  COMRAM  
                intcode                        000008  000138  000140         4       0  CODE    
                bssBANK0                       000060  00006B  0000CB        60       1  BANK0   
                smallconst                     000F00  00002A  000F2A       780       0  SMALLCON
                text3                          000F2A  000BCE  001AF8       795       0  CODE    


UNUSED ADDRESS RANGES

        Name                Unused          Largest block    Delta
        BANK0            000CB-000FF              35
        BANK1            00100-001FF             100
        BANK10           00A00-00AFF             100
        BANK11           00B00-00BFF             100
        BANK12           00C00-00CFF             100
        BANK13           00D00-00DFF             100
        BANK14           00E00-00EAF              B0
        BANK2            00200-002FF             100
        BANK3            00300-003FF             100
        BANK4            00400-004FF             100
        BANK5            00500-005FF             100
        BANK6            00600-006FF             100
        BANK7            00700-007FF             100
        BANK8            00800-008FF             100
        BANK9            00900-009FF             100
        BIGRAM           00049-0005F              17
                         000CB-00EAF             DE5
        BIGSFR           00EB0-00FFF             150
        CODE             00004-00007               4
                         00140-00EFF             DC0
                         01AF8-0FFF7            E500
        COMRAM           00049-0005F              17
        CONST            00004-00007               4
                         00140-00EFF             DC0
                         01AF8-0FFF7            E500
        MEDIUMCONST      01AF8-0FFF7            E500
        RAM              000CB-00EAF             100
        SFR              00EB0-00FFF              60
        SMALLCONST       01AF8-0FFF7             100

                                  Symbol Table

?_printf                                        cstackBANK0   000BD
?_vfpfcnvrt                                     cstackBANK0   000B1
?_vfprintf                                      cstackBANK0   000B7
EUSART2_SetErrorHandler@interruptHandler        cstackCOMRAM  0003A
EUSART2_SetFramingErrorHandler@interruptHandler cstackCOMRAM  0003A
EUSART2_SetOverrunErrorHandler@interruptHandler cstackCOMRAM  0003A
EUSART2_SetRxInterruptHandler@interruptHandler  cstackCOMRAM  0003A
EUSART2_SetTxInterruptHandler@interruptHandler  cstackCOMRAM  0003A
EUSART2_Write@txData                            cstackCOMRAM  0003A
I2C1_CallbackReturnReset@funPtr                 cstackCOMRAM  0002C
I2C1_MasterSendTxData@data                      cstackCOMRAM  00023
I2C1_Open@address                               cstackCOMRAM  0003C
I2C1_Open@returnValue                           cstackCOMRAM  0003D
I2C1_SetBuffer@buffer                           cstackCOMRAM  00023
I2C1_SetBuffer@bufferSize                       cstackCOMRAM  00025
I2C1_SetCallback@cb                             cstackCOMRAM  00023
I2C1_SetCallback@idx                            cstackCOMRAM  00027
I2C1_SetCallback@ptr                            cstackCOMRAM  00025
I2C1_SetDataCompleteCallback@cb                 cstackCOMRAM  00028
I2C1_SetDataCompleteCallback@ptr                cstackCOMRAM  0002A
I2C1_SetInterruptHandler@InterruptHandler       cstackCOMRAM  0003A
_ADCON0                                         (abs)         00FC2
_ADCON0bits                                     (abs)         00FC2
_ADCON1                                         (abs)         00FC1
_ADCTRIG                                        (abs)         00EB8
_ADC_Initialize                                 text20        01960
_ADC_InterruptHandler                           bssCOMRAM     00019
_ADRESH                                         (abs)         00FC4
_ADRESL                                         (abs)         00FC3
_ANCON0                                         (abs)         00F48
_ANCON1                                         (abs)         00F49
_BAUDCON2                                       (abs)         00F7C
_EUSART2_DefaultErrorHandler                    text69        01AC4
_EUSART2_DefaultFramingErrorHandler             text68        01AF6
_EUSART2_DefaultOverrunErrorHandler             text67        01ABE
_EUSART2_ErrorHandler                           nvBANK0       000C3
_EUSART2_FramingErrorHandler                    nvBANK0       000C7
_EUSART2_Initialize                             text14        014EE
_EUSART2_OverrunErrorHandler                    nvBANK0       000C5
_EUSART2_Receive_ISR                            text66        010E0
_EUSART2_RxDataHandler                          text70        01880
_EUSART2_RxDefaultInterruptHandler              nvBANK0       000C9
_EUSART2_SetErrorHandler                        text19        01A58
_EUSART2_SetFramingErrorHandler                 text18        01A4E
_EUSART2_SetOverrunErrorHandler                 text17        01A44
_EUSART2_SetRxInterruptHandler                  text16        01A3A
_EUSART2_SetTxInterruptHandler                  text15        01A30
_EUSART2_Transmit_ISR                           text65        0172A
_EUSART2_TxDefaultInterruptHandler              nvCOMRAM      00045
_EUSART2_Write                                  text6         01694
_I2C1_CallbackReturnReset                       text53        01AE6
_I2C1_CallbackReturnStop                        text54        01AEA
_I2C1_DO_ADDRESS_NACK                           text30        01562
_I2C1_DO_IDLE                                   text44        01A1A
_I2C1_DO_RCEN                                   text39        01A0E
_I2C1_DO_RESET                                  text31        01A02
_I2C1_DO_RX                                     text40        011A2
_I2C1_DO_RX_ACK                                 text34        01A7C
_I2C1_DO_RX_NACK_RESTART                        text32        01A6C
_I2C1_DO_RX_NACK_STOP                           text33        01A74
_I2C1_DO_SEND_ADR_READ                          text43        019F2
_I2C1_DO_SEND_ADR_WRITE                         text42        019E2
_I2C1_DO_SEND_RESTART                           text36        01A8C
_I2C1_DO_SEND_RESTART_READ                      text38        01A9C
_I2C1_DO_SEND_RESTART_WRITE                     text37        01A94
_I2C1_DO_SEND_STOP                              text35        01A84
_I2C1_DO_TX                                     text41        01018
_I2C1_DO_TX_EMPTY                               text45        01380
_I2C1_Initialize                                text13        019AA
_I2C1_MasterClearIrq                            text25        01AD2
_I2C1_MasterEnableIrq                           text24        01ACE
_I2C1_MasterEnableRestart                       text64        01AF2
_I2C1_MasterFsm                                 text28        015CE
_I2C1_MasterGetRxData                           text50        01ADE
_I2C1_MasterIsNack                              text47        019BE
_I2C1_MasterIsr                                 text27        01AAC
_I2C1_MasterOpen                                text23        0193E
_I2C1_MasterSendAck                             text49        01AB2
_I2C1_MasterSendNack                            text51        01AB8
_I2C1_MasterSendTxData                          text48        01AA4
_I2C1_MasterSetIrq                              text46        01ADA
_I2C1_MasterStartRx                             text52        01AE2
_I2C1_MasterStop                                text63        01AEE
_I2C1_Open                                      text21        0124A
_I2C1_SetBuffer                                 text62        018F8
_I2C1_SetCallback                               text61        013FE
_I2C1_SetDataCompleteCallback                   text60        0197E
_I2C1_SetInterruptHandler                       text22        01A62
_I2C1_Status                                    bssBANK0      00060
_INTCON2bits                                    (abs)         00FF1
_INTCONbits                                     (abs)         00FF2
_INTERRUPT_Initialize                           text12        01ACA
_INTERRUPT_InterruptManager                     intcode       00008
_LATA                                           (abs)         00F89
_LATAbits                                       (abs)         00F89
_LATB                                           (abs)         00F8A
_LATC                                           (abs)         00F8B
_LATCbits                                       (abs)         00F8B
_MSSP1_InterruptHandler                         bssCOMRAM     0001B
_ODCON1                                         (abs)         00F42
_ODCON2                                         (abs)         00F41
_ODCON3                                         (abs)         00F40
_OSCCON                                         (abs)         00FD3
_OSCCON2                                        (abs)         00F87
_OSCILLATOR_Initialize                          text11        01996
_OSCTUNE                                        (abs)         00F9B
_PIE1bits                                       (abs)         00F9D
_PIE2bits                                       (abs)         00FA0
_PIE3bits                                       (abs)         00FA3
_PIN_MANAGER_Initialize                         text10        0176A
_PIR1bits                                       (abs)         00F9E
_PIR2bits                                       (abs)         00FA1
_PIR3bits                                       (abs)         00FA4
_PR2                                            (abs)         00FCB
_RCONbits                                       (abs)         00FD0
_RCREG2                                         (abs)         00FAA
_RCSTA2                                         (abs)         00F9C
_RCSTA2bits                                     (abs)         00F9C
_REFOCON                                        (abs)         00F3D
_RPINR16                                        (abs)         00EF7
_RPOR6                                          (abs)         00EC6
_SPBRG2                                         (abs)         00FAB
_SPBRGH2                                        (abs)         00F7D
_SSP1ADD                                        (abs)         00FC8
_SSP1BUF                                        (abs)         00FC9
_SSP1CON1                                       (abs)         00FC6
_SSP1CON1bits                                   (abs)         00FC6
_SSP1CON2                                       (abs)         00FC5
_SSP1CON2bits                                   (abs)         00FC5
_SSP1STAT                                       (abs)         00FC7
_SSP1STATbits                                   (abs)         00FC7
_SYSTEM_Initialize                              text7         0191C
_T1CON                                          (abs)         00FCD
_T1CONbits                                      (abs)         00FCD
_T1GCON                                         (abs)         00F9A
_T1GCONbits                                     (abs)         00F9A
_T2CON                                          (abs)         00FCA
_T2CONbits                                      (abs)         00FCA
_TMR1H                                          (abs)         00FCF
_TMR1L                                          (abs)         00FCE
_TMR1_Initialize                                text9         01856
_TMR2                                           (abs)         00FCC
_TMR2_Initialize                                text8         019D2
_TRISA                                          (abs)         00F92
_TRISB                                          (abs)         00F93
_TRISC                                          (abs)         00F94
_TXREG2                                         (abs)         00FA9
_TXSTA2                                         (abs)         00FA8
_TXSTA2bits                                     (abs)         00FA8
__HRAM                                          (abs)         00000
__Habs1                                         abs1          00000
__Hbank0                                        bank0         00000
__Hbank1                                        bank1         00000
__Hbank10                                       bank10        00000
__Hbank11                                       bank11        00000
__Hbank12                                       bank12        00000
__Hbank13                                       bank13        00000
__Hbank14                                       bank14        00000
__Hbank2                                        bank2         00000
__Hbank3                                        bank3         00000
__Hbank4                                        bank4         00000
__Hbank5                                        bank5         00000
__Hbank6                                        bank6         00000
__Hbank7                                        bank7         00000
__Hbank8                                        bank8         00000
__Hbank9                                        bank9         00000
__Hbigbss                                       bigbss        00000
__Hbigdata                                      bigdata       00000
__Hbigram                                       bigram        00000
__Hbigsfr                                       bigsfr        00000
__Hbss                                          bss           00000
__HbssBANK0                                     bssBANK0      00000
__HbssCOMRAM                                    bssCOMRAM     00000
__Hcinit                                        cinit         00000
__Hclrtext                                      clrtext       00000
__Hcomram                                       comram        00000
__Hconfig                                       config        10000
__Hconst                                        const         00000
__HcstackBANK0                                  cstackBANK0   00000
__HcstackCOMRAM                                 cstackCOMRAM  00000
__Hdata                                         data          00000
__Hfarbss                                       farbss        00000
__Hfardata                                      fardata       00000
__Hheap                                         heap          00000
__Hibigdata                                     ibigdata      00000
__Hidata                                        idata         00000
__Hidloc                                        idloc         00000
__Hifardata                                     ifardata      00000
__Hinit                                         init          00140
__Hintcode                                      intcode       0013C
__Hintcode_body                                 intcode_body  00000
__Hintcodelo                                    intcodelo     0013C
__Hintentry                                     intentry      00000
__Hintret                                       intret        00000
__Hintsave_regs                                 intsave_regs  00000
__Hirdata                                       irdata        00000
__Hjflash_buffer                                jflash_buffer 0F800
__Hmediumconst                                  mediumconst   00000
__HnvBANK0                                      nvBANK0       00000
__HnvCOMRAM                                     nvCOMRAM      00000
__HnvFARRAM                                     nvFARRAM      00000
__Hnvbit                                        nvbit         00000
__Hnvrram                                       nvrram        00000
__Hparam                                        rparam        00000
__Hpowerup                                      powerup       0013C
__Hram                                          ram           00000
__Hramtop                                       ramtop        00F00
__Hrbit                                         rbit          00000
__Hrbss                                         rbss          00000
__Hrdata                                        rdata         00000
__Hreset_vec                                    reset_vec     00004
__Hrparam                                       rparam        00000
__Hsfr                                          sfr           00000
__Hsmallconst                                   smallconst    00F2A
__Hspace_0                                      (abs)         0F800
__Hspace_1                                      (abs)         000CB
__Hspace_2                                      (abs)         00000
__Hspace_4                                      (abs)         1FFF8
__Hstack                                        stack         00000
__Hstruct                                       struct        00000
__Htemp                                         temp          00049
__Htext                                         text          00000
__Htext0                                        text0         00000
__Htext1                                        text1         00000
__Htext10                                       text10        00000
__Htext11                                       text11        00000
__Htext12                                       text12        00000
__Htext13                                       text13        00000
__Htext14                                       text14        00000
__Htext15                                       text15        00000
__Htext16                                       text16        00000
__Htext17                                       text17        00000
__Htext18                                       text18        00000
__Htext19                                       text19        00000
__Htext2                                        text2         00000
__Htext20                                       text20        00000
__Htext21                                       text21        00000
__Htext22                                       text22        00000
__Htext23                                       text23        00000
__Htext24                                       text24        00000
__Htext25                                       text25        00000
__Htext27                                       text27        00000
__Htext28                                       text28        00000
__Htext29                                       text29        00000
__Htext3                                        text3         00000
__Htext30                                       text30        00000
__Htext31                                       text31        00000
__Htext32                                       text32        00000
__Htext33                                       text33        00000
__Htext34                                       text34        00000
__Htext35                                       text35        00000
__Htext36                                       text36        00000
__Htext37                                       text37        00000
__Htext38                                       text38        00000
__Htext39                                       text39        00000
__Htext4                                        text4         00000
__Htext40                                       text40        00000
__Htext41                                       text41        00000
__Htext42                                       text42        00000
__Htext43                                       text43        00000
__Htext44                                       text44        00000
__Htext45                                       text45        00000
__Htext46                                       text46        00000
__Htext47                                       text47        00000
__Htext48                                       text48        00000
__Htext49                                       text49        00000
__Htext5                                        text5         00000
__Htext50                                       text50        00000
__Htext51                                       text51        00000
__Htext52                                       text52        00000
__Htext53                                       text53        00000
__Htext54                                       text54        00000
__Htext55                                       text55        00000
__Htext56                                       text56        00000
__Htext57                                       text57        00000
__Htext58                                       text58        00000
__Htext59                                       text59        00000
__Htext6                                        text6         00000
__Htext60                                       text60        00000
__Htext61                                       text61        00000
__Htext62                                       text62        00000
__Htext63                                       text63        00000
__Htext64                                       text64        00000
__Htext65                                       text65        00000
__Htext66                                       text66        00000
__Htext67                                       text67        00000
__Htext68                                       text68        00000
__Htext69                                       text69        00000
__Htext7                                        text7         00000
__Htext70                                       text70        00000
__Htext71                                       text71        00000
__Htext8                                        text8         00000
__Htext9                                        text9         00000
__LRAM                                          (abs)         00001
__Labs1                                         abs1          00000
__Lbank0                                        bank0         00000
__Lbank1                                        bank1         00000
__Lbank10                                       bank10        00000
__Lbank11                                       bank11        00000
__Lbank12                                       bank12        00000
__Lbank13                                       bank13        00000
__Lbank14                                       bank14        00000
__Lbank2                                        bank2         00000
__Lbank3                                        bank3         00000
__Lbank4                                        bank4         00000
__Lbank5                                        bank5         00000
__Lbank6                                        bank6         00000
__Lbank7                                        bank7         00000
__Lbank8                                        bank8         00000
__Lbank9                                        bank9         00000
__Lbigbss                                       bigbss        00000
__Lbigdata                                      bigdata       00000
__Lbigram                                       bigram        00000
__Lbigsfr                                       bigsfr        00000
__Lbss                                          bss           00000
__LbssBANK0                                     bssBANK0      00000
__LbssCOMRAM                                    bssCOMRAM     00000
__Lcinit                                        cinit         00000
__Lclrtext                                      clrtext       00000
__Lcomram                                       comram        00000
__Lconfig                                       config        00000
__Lconst                                        const         00000
__LcstackBANK0                                  cstackBANK0   00000
__LcstackCOMRAM                                 cstackCOMRAM  00000
__Ldata                                         data          00000
__Lfarbss                                       farbss        00000
__Lfardata                                      fardata       00000
__Lheap                                         heap          00000
__Libigdata                                     ibigdata      00000
__Lidata                                        idata         00000
__Lidloc                                        idloc         00000
__Lifardata                                     ifardata      00000
__Linit                                         init          0013C
__Lintcode                                      intcode       00008
__Lintcode_body                                 intcode_body  00000
__Lintcodelo                                    intcodelo     0013C
__Lintentry                                     intentry      00000
__Lintret                                       intret        00000
__Lintsave_regs                                 intsave_regs  00000
__Lirdata                                       irdata        00000
__Ljflash_buffer                                jflash_buffer 0F800
__Lmediumconst                                  mediumconst   00000
__LnvBANK0                                      nvBANK0       00000
__LnvCOMRAM                                     nvCOMRAM      00000
__LnvFARRAM                                     nvFARRAM      00000
__Lnvbit                                        nvbit         00000
__Lnvrram                                       nvrram        00000
__Lparam                                        rparam        00000
__Lpowerup                                      powerup       0013C
__Lram                                          ram           00000
__Lramtop                                       ramtop        00F00
__Lrbit                                         rbit          00000
__Lrbss                                         rbss          00000
__Lrdata                                        rdata         00000
__Lreset_vec                                    reset_vec     00000
__Lrparam                                       rparam        00000
__Lsfr                                          sfr           00000
__Lsmallconst                                   smallconst    00F00
__Lspace_0                                      (abs)         00000
__Lspace_1                                      (abs)         00000
__Lspace_2                                      (abs)         00000
__Lspace_4                                      (abs)         00000
__Lstack                                        stack         00000
__Lstruct                                       struct        00000
__Ltemp                                         temp          00048
__Ltext                                         text          00000
__Ltext0                                        text0         00000
__Ltext1                                        text1         00000
__Ltext10                                       text10        00000
__Ltext11                                       text11        00000
__Ltext12                                       text12        00000
__Ltext13                                       text13        00000
__Ltext14                                       text14        00000
__Ltext15                                       text15        00000
__Ltext16                                       text16        00000
__Ltext17                                       text17        00000
__Ltext18                                       text18        00000
__Ltext19                                       text19        00000
__Ltext2                                        text2         00000
__Ltext20                                       text20        00000
__Ltext21                                       text21        00000
__Ltext22                                       text22        00000
__Ltext23                                       text23        00000
__Ltext24                                       text24        00000
__Ltext25                                       text25        00000
__Ltext27                                       text27        00000
__Ltext28                                       text28        00000
__Ltext29                                       text29        00000
__Ltext3                                        text3         00000
__Ltext30                                       text30        00000
__Ltext31                                       text31        00000
__Ltext32                                       text32        00000
__Ltext33                                       text33        00000
__Ltext34                                       text34        00000
__Ltext35                                       text35        00000
__Ltext36                                       text36        00000
__Ltext37                                       text37        00000
__Ltext38                                       text38        00000
__Ltext39                                       text39        00000
__Ltext4                                        text4         00000
__Ltext40                                       text40        00000
__Ltext41                                       text41        00000
__Ltext42                                       text42        00000
__Ltext43                                       text43        00000
__Ltext44                                       text44        00000
__Ltext45                                       text45        00000
__Ltext46                                       text46        00000
__Ltext47                                       text47        00000
__Ltext48                                       text48        00000
__Ltext49                                       text49        00000
__Ltext5                                        text5         00000
__Ltext50                                       text50        00000
__Ltext51                                       text51        00000
__Ltext52                                       text52        00000
__Ltext53                                       text53        00000
__Ltext54                                       text54        00000
__Ltext55                                       text55        00000
__Ltext56                                       text56        00000
__Ltext57                                       text57        00000
__Ltext58                                       text58        00000
__Ltext59                                       text59        00000
__Ltext6                                        text6         00000
__Ltext60                                       text60        00000
__Ltext61                                       text61        00000
__Ltext62                                       text62        00000
__Ltext63                                       text63        00000
__Ltext64                                       text64        00000
__Ltext65                                       text65        00000
__Ltext66                                       text66        00000
__Ltext67                                       text67        00000
__Ltext68                                       text68        00000
__Ltext69                                       text69        00000
__Ltext7                                        text7         00000
__Ltext70                                       text70        00000
__Ltext71                                       text71        00000
__Ltext8                                        text8         00000
__Ltext9                                        text9         00000
__S0                                            (abs)         01AF8
__S1                                            (abs)         000CB
__S4                                            (abs)         00000
___heap_hi                                      (abs)         00000
___heap_lo                                      (abs)         00000
___inthi_sp                                     stack         00000
___intlo_sp                                     stack         00000
___param_bank                                   (abs)         00000
___rparam_used                                  (abs)         00001
___sp                                           stack         00000
__accesstop                                     (abs)         00060
__activetblptr                                  (abs)         00002
__end_of_ADC_Initialize                         text20        0197E
__end_of_EUSART2_DefaultErrorHandler            text69        01ACA
__end_of_EUSART2_DefaultFramingErrorHandler     text68        01AF8
__end_of_EUSART2_DefaultOverrunErrorHandler     text67        01AC4
__end_of_EUSART2_Initialize                     text14        01562
__end_of_EUSART2_Receive_ISR                    text66        011A2
__end_of_EUSART2_RxDataHandler                  text70        018AA
__end_of_EUSART2_SetErrorHandler                text19        01A62
__end_of_EUSART2_SetFramingErrorHandler         text18        01A58
__end_of_EUSART2_SetOverrunErrorHandler         text17        01A4E
__end_of_EUSART2_SetRxInterruptHandler          text16        01A44
__end_of_EUSART2_SetTxInterruptHandler          text15        01A3A
__end_of_EUSART2_Transmit_ISR                   text65        0176A
__end_of_EUSART2_Write                          text6         016EA
__end_of_I2C1_CallbackReturnReset               text53        01AEA
__end_of_I2C1_CallbackReturnStop                text54        01AEE
__end_of_I2C1_DO_ADDRESS_NACK                   text30        015CE
__end_of_I2C1_DO_IDLE                           text44        01A26
__end_of_I2C1_DO_RCEN                           text39        01A1A
__end_of_I2C1_DO_RESET                          text31        01A0E
__end_of_I2C1_DO_RX                             text40        0124A
__end_of_I2C1_DO_RX_ACK                         text34        01A84
__end_of_I2C1_DO_RX_NACK_RESTART                text32        01A74
__end_of_I2C1_DO_RX_NACK_STOP                   text33        01A7C
__end_of_I2C1_DO_SEND_ADR_READ                  text43        01A02
__end_of_I2C1_DO_SEND_ADR_WRITE                 text42        019F2
__end_of_I2C1_DO_SEND_RESTART                   text36        01A94
__end_of_I2C1_DO_SEND_RESTART_READ              text38        01AA4
__end_of_I2C1_DO_SEND_RESTART_WRITE             text37        01A9C
__end_of_I2C1_DO_SEND_STOP                      text35        01A8C
__end_of_I2C1_DO_TX                             text41        010E0
__end_of_I2C1_DO_TX_EMPTY                       text45        013FE
__end_of_I2C1_Initialize                        text13        019BE
__end_of_I2C1_MasterClearIrq                    text25        01AD6
__end_of_I2C1_MasterEnableIrq                   text24        01AD2
__end_of_I2C1_MasterEnableRestart               text64        01AF6
__end_of_I2C1_MasterFsm                         text28        01632
__end_of_I2C1_MasterGetRxData                   text50        01AE2
__end_of_I2C1_MasterIsNack                      text47        019D2
__end_of_I2C1_MasterIsr                         text27        01AB2
__end_of_I2C1_MasterOpen                        text23        01960
__end_of_I2C1_MasterSendAck                     text49        01AB8
__end_of_I2C1_MasterSendNack                    text51        01ABE
__end_of_I2C1_MasterSendTxData                  text48        01AAC
__end_of_I2C1_MasterSetIrq                      text46        01ADE
__end_of_I2C1_MasterStartRx                     text52        01AE6
__end_of_I2C1_MasterStop                        text63        01AF2
__end_of_I2C1_Open                              text21        012E8
__end_of_I2C1_SetBuffer                         text62        0191C
__end_of_I2C1_SetCallback                       text61        01478
__end_of_I2C1_SetDataCompleteCallback           text60        01996
__end_of_I2C1_SetInterruptHandler               text22        01A6C
__end_of_INTERRUPT_Initialize                   text12        01ACE
__end_of_INTERRUPT_InterruptManager             intcode       0013C
__end_of_OSCILLATOR_Initialize                  text11        019AA
__end_of_PIN_MANAGER_Initialize                 text10        017A6
__end_of_SYSTEM_Initialize                      text7         0193E
__end_of_TMR1_Initialize                        text9         01880
__end_of_TMR2_Initialize                        text8         019E2
__end_of__initialization                        cinit         018EA
__end_of_fputc                                  text4         01380
__end_of_i2c1_fsmStateTable                     smallconst    00F21
__end_of_main                                   text0         014EE
__end_of_printf                                 text1         018D2
__end_of_putch                                  text5         01A30
__end_of_rd1RegCompleteHandler                  text58        0182A
__end_of_rd2RegCompleteHandler                  text57        017FE
__end_of_rdBlkRegCompleteHandler                text55        0172A
__end_of_vfpfcnvrt                              text3         01018
__end_of_vfprintf                               text2         01694
__end_of_wr1RegCompleteHandler                  text56        017D2
__end_of_wr2RegCompleteHandler                  text59        01856
__end_ofi2_I2C1_MasterClearIrq                  text29        01ADA
__initialization                                cinit         018D2
__mediumconst                                   mediumconst   00000
__pbssBANK0                                     bssBANK0      00060
__pbssCOMRAM                                    bssCOMRAM     00001
__pcinit                                        cinit         018D2
__pcstackBANK0                                  cstackBANK0   000AC
__pcstackCOMRAM                                 cstackCOMRAM  00023
__pintcode                                      intcode       00008
__pnvBANK0                                      nvBANK0       000C3
__pnvCOMRAM                                     nvCOMRAM      00043
__psmallconst                                   smallconst    00F00
__ptext0                                        text0         01478
__ptext1                                        text1         018AA
__ptext10                                       text10        0176A
__ptext11                                       text11        01996
__ptext12                                       text12        01ACA
__ptext13                                       text13        019AA
__ptext14                                       text14        014EE
__ptext15                                       text15        01A30
__ptext16                                       text16        01A3A
__ptext17                                       text17        01A44
__ptext18                                       text18        01A4E
__ptext19                                       text19        01A58
__ptext2                                        text2         01632
__ptext20                                       text20        01960
__ptext21                                       text21        0124A
__ptext22                                       text22        01A62
__ptext23                                       text23        0193E
__ptext24                                       text24        01ACE
__ptext25                                       text25        01AD2
__ptext27                                       text27        01AAC
__ptext28                                       text28        015CE
__ptext29                                       text29        01AD6
__ptext3                                        text3         00F2A
__ptext30                                       text30        01562
__ptext31                                       text31        01A02
__ptext32                                       text32        01A6C
__ptext33                                       text33        01A74
__ptext34                                       text34        01A7C
__ptext35                                       text35        01A84
__ptext36                                       text36        01A8C
__ptext37                                       text37        01A94
__ptext38                                       text38        01A9C
__ptext39                                       text39        01A0E
__ptext4                                        text4         012E8
__ptext40                                       text40        011A2
__ptext41                                       text41        01018
__ptext42                                       text42        019E2
__ptext43                                       text43        019F2
__ptext44                                       text44        01A1A
__ptext45                                       text45        01380
__ptext46                                       text46        01ADA
__ptext47                                       text47        019BE
__ptext48                                       text48        01AA4
__ptext49                                       text49        01AB2
__ptext5                                        text5         01A26
__ptext50                                       text50        01ADE
__ptext51                                       text51        01AB8
__ptext52                                       text52        01AE2
__ptext53                                       text53        01AE6
__ptext54                                       text54        01AEA
__ptext55                                       text55        016EA
__ptext56                                       text56        017A6
__ptext57                                       text57        017D2
__ptext58                                       text58        017FE
__ptext59                                       text59        0182A
__ptext6                                        text6         01694
__ptext60                                       text60        0197E
__ptext61                                       text61        013FE
__ptext62                                       text62        018F8
__ptext63                                       text63        01AEE
__ptext64                                       text64        01AF2
__ptext65                                       text65        0172A
__ptext66                                       text66        010E0
__ptext67                                       text67        01ABE
__ptext68                                       text68        01AF6
__ptext69                                       text69        01AC4
__ptext7                                        text7         0191C
__ptext70                                       text70        01880
__ptext71                                       text71        00000
__ptext8                                        text8         019D2
__ptext9                                        text9         01856
__ramtop                                        ramtop        00F00
__smallconst                                    smallconst    00F00
_eusart2RxBuffer                                bssBANK0      000A4
_eusart2RxCount                                 bssCOMRAM     0001E
_eusart2RxHead                                  bssCOMRAM     00020
_eusart2RxLastError                             bssCOMRAM     0001D
_eusart2RxStatusBuffer                          bssCOMRAM     00001
_eusart2RxTail                                  bssCOMRAM     0001F
_eusart2TxBuffer                                bssCOMRAM     00009
_eusart2TxBufferRemaining                       nvCOMRAM      00047
_eusart2TxHead                                  bssCOMRAM     00022
_eusart2TxTail                                  bssCOMRAM     00021
_flags                                          bssCOMRAM     00017
_fputc                                          text4         012E8
_i2c1_fsmStateTable                             smallconst    00F01
_main                                           text0         01478
_nout                                           bssCOMRAM     00011
_prec                                           bssCOMRAM     00015
_printf                                         text1         018AA
_putch                                          text5         01A26
_rd1RegCompleteHandler                          text58        017FE
_rd2RegCompleteHandler                          text57        017D2
_rdBlkRegCompleteHandler                        text55        016EA
_timer1ReloadVal                                nvCOMRAM      00043
_vfpfcnvrt                                      text3         00F2A
_vfprintf                                       text2         01632
_width                                          bssCOMRAM     00013
_wr1RegCompleteHandler                          text56        017A6
_wr2RegCompleteHandler                          text59        0182A
btemp                                           temp          00048
end_of_initialization                           cinit         018EA
fputc@c                                         cstackCOMRAM  0003C
fputc@fp                                        cstackCOMRAM  0003E
i2_I2C1_MasterClearIrq                          text29        01AD6
int$flags                                       temp          00048
intlevel0                                       text          00000
intlevel1                                       text          00000
intlevel2                                       text          00000
intlevel3                                       text          00000
isa$std                                         (abs)         00001
isa$xinst                                       (abs)         00000
main@buffer                                     cstackCOMRAM  00042
printf@ap                                       cstackBANK0   000BF
printf@fmt                                      cstackBANK0   000BD
putch@txData                                    cstackCOMRAM  0003B
rd1RegCompleteHandler@ptr                       cstackCOMRAM  0002C
rd2RegCompleteHandler@ptr                       cstackCOMRAM  0002C
rdBlkRegCompleteHandler@ptr                     cstackCOMRAM  0002C
stackhi                                         (abs)         00000
stacklo                                         (abs)         00000
start                                           init          0013C
start_initialization                            cinit         018D2
ttemp5                                          temp          00049
ttemp6                                          temp          0004C
ttemp7                                          temp          00050
vfpfcnvrt@ap                                    cstackBANK0   000B5
vfpfcnvrt@fmt                                   cstackBANK0   000B3
vfpfcnvrt@fp                                    cstackBANK0   000B1
vfprintf@ap                                     cstackBANK0   000BB
vfprintf@cfmt                                   cstackCOMRAM  00040
vfprintf@fmt                                    cstackBANK0   000B9
vfprintf@fp                                     cstackBANK0   000B7
wr1RegCompleteHandler@ptr                       cstackCOMRAM  0002C
wr2RegCompleteHandler@ptr                       cstackCOMRAM  0002C
wtemp8                                          temp          00049


MODULE INFORMATION

Module		Function		Class		Link	Load	Size
mcc_generated_files/examples/i2c1_master_example.c
		_wr1RegCompleteHandler		CODE           	17A6	0000	44
		_wr2RegCompleteHandler		CODE           	182A	0000	44
		_rdBlkRegCompleteHandler		CODE           	16EA	0000	64
		_rd1RegCompleteHandler		CODE           	17FE	0000	44
		_rd2RegCompleteHandler		CODE           	17D2	0000	44

mcc_generated_files/examples/i2c1_master_example.c estimated size: 240

mcc_generated_files/eusart2.c
		_putch         		CODE           	1A26	0000	10
		_EUSART2_SetOverrunErrorHandler		CODE           	1A44	0000	10
		_EUSART2_SetErrorHandler		CODE           	1A58	0000	10
		_EUSART2_Write 		CODE           	1694	0000	86
		_EUSART2_Receive_ISR		CODE           	10E0	0000	194
		_EUSART2_RxDataHandler		CODE           	1880	0000	42
		_EUSART2_DefaultOverrunErrorHandler		CODE           	1ABE	0000	6
		_EUSART2_Transmit_ISR		CODE           	172A	0000	64
		_EUSART2_DefaultFramingErrorHandler		CODE           	1AF6	0000	2
		_EUSART2_SetRxInterruptHandler		CODE           	1A3A	0000	10
		_EUSART2_SetTxInterruptHandler		CODE           	1A30	0000	10
		_EUSART2_Initialize		CODE           	14EE	0000	116
		_EUSART2_DefaultErrorHandler		CODE           	1AC4	0000	6
		_EUSART2_SetFramingErrorHandler		CODE           	1A4E	0000	10

mcc_generated_files/eusart2.c estimated size: 576

mcc_generated_files/i2c1_master.c
		_I2C1_DO_SEND_RESTART		CODE           	1A8C	0000	8
		_I2C1_DO_TX_EMPTY		CODE           	1380	0000	126
		_I2C1_DO_SEND_RESTART_READ		CODE           	1A9C	0000	8
		_I2C1_CallbackReturnStop		CODE           	1AEA	0000	4
		_I2C1_DO_RX    		CODE           	11A2	0000	168
		_I2C1_DO_TX    		CODE           	1018	0000	200
		_I2C1_DO_IDLE  		CODE           	1A1A	0000	12
		_I2C1_MasterOpen		CODE           	193E	0000	34
		_I2C1_DO_RCEN  		CODE           	1A0E	0000	12
		_I2C1_MasterSendTxData		CODE           	1AA4	0000	8
		_I2C1_MasterStop		CODE           	1AEE	0000	4
		_I2C1_CallbackReturnReset		CODE           	1AE6	0000	4
		_I2C1_DO_RESET 		CODE           	1A02	0000	12
		_I2C1_MasterStartRx		CODE           	1AE2	0000	4
		_I2C1_DO_RX_ACK		CODE           	1A7C	0000	8
		_I2C1_MasterSendNack		CODE           	1AB8	0000	6
		_I2C1_DO_RX_NACK_RESTART		CODE           	1A6C	0000	8
		_I2C1_SetCallback		CODE           	13FE	0000	122
		_I2C1_MasterEnableRestart		CODE           	1AF2	0000	4
		_I2C1_Open     		CODE           	124A	0000	158
		_I2C1_DO_ADDRESS_NACK		CODE           	1562	0000	108
		_I2C1_SetBuffer		CODE           	18F8	0000	36
		_I2C1_DO_SEND_RESTART_WRITE		CODE           	1A94	0000	8
		_I2C1_Initialize		CODE           	19AA	0000	20
		_I2C1_MasterIsNack		CODE           	19BE	0000	20
		_I2C1_DO_SEND_ADR_WRITE		CODE           	19E2	0000	16
		_I2C1_MasterClearIrq		CODE           	1AD2	0000	4
		_I2C1_SetDataCompleteCallback		CODE           	197E	0000	24
		_I2C1_DO_SEND_STOP		CODE           	1A84	0000	8
		_I2C1_MasterSendAck		CODE           	1AB2	0000	6
		_I2C1_MasterFsm		CODE           	15CE	0000	100
		_I2C1_MasterIsr		CODE           	1AAC	0000	6
		_I2C1_MasterGetRxData		CODE           	1ADE	0000	4
		_I2C1_SetInterruptHandler		CODE           	1A62	0000	10
		_I2C1_MasterSetIrq		CODE           	1ADA	0000	4
		_I2C1_DO_SEND_ADR_READ		CODE           	19F2	0000	16
		_I2C1_MasterEnableIrq		CODE           	1ACE	0000	4
		_I2C1_DO_RX_NACK_STOP		CODE           	1A74	0000	8

mcc_generated_files/i2c1_master.c estimated size: 1312

mcc_generated_files/tmr2.c
		_TMR2_Initialize		CODE           	19D2	0000	16

mcc_generated_files/tmr2.c estimated size: 16

mcc_generated_files/interrupt_manager.c
		_INTERRUPT_Initialize		CODE           	1ACA	0000	4
		_INTERRUPT_InterruptManager		CODE           	0008	0000	308

mcc_generated_files/interrupt_manager.c estimated size: 312

C:\Program Files\Microchip\xc8\v2.35\pic\sources\c99\common\nf_fputc.c
		_fputc         		CODE           	12E8	0000	152

C:\Program Files\Microchip\xc8\v2.35\pic\sources\c99\common\nf_fputc.c estimated size: 152

mcc_generated_files/pin_manager.c
		_PIN_MANAGER_Initialize		CODE           	176A	0000	60

mcc_generated_files/pin_manager.c estimated size: 60

mcc_generated_files/adc.c
		_ADC_Initialize		CODE           	1960	0000	30

mcc_generated_files/adc.c estimated size: 30

C:\Program Files\Microchip\xc8\v2.35\pic\sources\c99\common\printf.c
		_printf        		CODE           	18AA	0000	40

C:\Program Files\Microchip\xc8\v2.35\pic\sources\c99\common\printf.c estimated size: 40

shared
		__initialization		CODE           	18D2	0000	24
		_i2c1_fsmStateTable		SMALLCONST     	0F01	0000	32
		i2_I2C1_MasterClearIrq		CODE           	1AD6	0000	4

shared estimated size: 60

mcc_generated_files/mcc.c
		_OSCILLATOR_Initialize		CODE           	1996	0000	20
		_SYSTEM_Initialize		CODE           	191C	0000	34

mcc_generated_files/mcc.c estimated size: 54

mcc_generated_files/tmr1.c
		_TMR1_Initialize		CODE           	1856	0000	42

mcc_generated_files/tmr1.c estimated size: 42

main.c
		_main          		CODE           	1478	0000	118

main.c estimated size: 118

C:\Program Files\Microchip\xc8\v2.35\pic\sources\c99\common\doprnt.c
		_vfpfcnvrt     		CODE           	0F2A	0000	238
		_vfprintf      		CODE           	1632	0000	98

C:\Program Files\Microchip\xc8\v2.35\pic\sources\c99\common\doprnt.c estimated size: 336

