Microchip MPLAB XC8 Compiler V2.35

Linker command line:

-W-3 --edf=C:\Program Files\Microchip\xc8\v2.35\pic\dat\en_msgs.txt -cn \
  -h+dist/default/production\team207_main_testing.X.production.sym \
  --cmf=dist/default/production\team207_main_testing.X.production.cmf -z \
  -Q18F26J53 -oC:\Users\mx3de\AppData\Local\Temp\xcAs1488.4 \
  --defsym=__MPLAB_BUILD=1 \
  -Mdist/default/production/team207_main_testing.X.production.map \
  --md=C:\Users\mx3de\AppData\Local\Temp\xcAs1488.dat -E1 -ver=XC8 Compiler \
  --acfsm=1493 -ACODE=00h-0FFF7h -ACONST=00h-0FFF7h \
  -ASMALLCONST=0F00h-0FFFhx240,0FF00h-0FFF7h -AMEDIUMCONST=0F00h-0FFF7h \
  -ACOMRAM=01h-05Fh -AABS1=00h-0EAFh -ABIGRAM=01h-0EAFh \
  -ARAM=060h-0FFh,0100h-01FFhx13,0E00h-0EAFh -ABANK0=060h-0FFh \
  -ABANK1=0100h-01FFh -ABANK2=0200h-02FFh -ABANK3=0300h-03FFh \
  -ABANK4=0400h-04FFh -ABANK5=0500h-05FFh -ABANK6=0600h-06FFh \
  -ABANK7=0700h-07FFh -ABANK8=0800h-08FFh -ABANK9=0900h-09FFh \
  -ABANK10=0A00h-0AFFh -ABANK11=0B00h-0BFFh -ABANK12=0C00h-0CFFh \
  -ABANK13=0D00h-0DFFh -ABANK14=0E00h-0EAFh \
  -ASFR=0EB0h-0EFFh,0F00h-0F5Fh,0F60h-0FFFh -ABIGSFR=0EB0h-0FFFh \
  -ACONFIG=0FFF8h-0FFFFh -preset_vec=00h,intcode=08h,intcodelo,powerup,init \
  -pramtop=0F00h -psmallconst=SMALLCONST -pmediumconst=MEDIUMCONST \
  -pconst=CONST -AFARRAM=00h-00h -pjflash_buffer=0F800h \
  -prdata=COMRAM,nvrram=COMRAM,nvbit=COMRAM,rbss=COMRAM,rbit=COMRAM \
  -pfarbss=FARRAM,fardata=FARRAM,nvFARRAM=FARRAM \
  -pintsave_regs=BIGRAM,bigbss=BIGRAM,bigdata=BIGRAM -pbss=RAM \
  -pidata=CODE,irdata=CODE,ibigdata=CODE,ifardata=CODE -prparam=COMRAM \
  C:\Users\mx3de\AppData\Local\Temp\xcAs1488.o \
  dist/default/production\team207_main_testing.X.production.o 

Object code version is 3.11

Machine type is 18F26J53



                Name                               Link     Load   Length Selector   Space Scale
C:\Users\mx3de\AppData\Local\Temp\xcAs1488.o
                config                             FFF8     FFF8        8        0       4
                init                                13E      13E        4        4       0
                reset_vec                             0        0        4        0       0
dist/default/production\team207_main_testing.X.production.o
                intcode                               8        8      136        4       0
                config                             FFF8     FFF8        8        0       4
                temp                                 48       48        1        1       1
                smallconst                          F00      F00       2C      780       0
                text83                             1B34     1B34       2A      796       0
                text82                             1DFC     1DFC        6      796       0
                text81                             1E3A     1E3A        2      796       0
                text80                             1DF6     1DF6        6      796       0
                text79                             12B4     12B4       C2      796       0
                text78                             19B4     19B4       40      796       0
                text77                             1E36     1E36        4      796       0
                text76                             1E32     1E32        4      796       0
                text75                             1BF8     1BF8       24      796       0
                text74                             164C     164C       7A      796       0
                text73                             1CAE     1CAE       18      796       0
                text72                             1ADE     1ADE       2C      796       0
                text71                             1AB2     1AB2       2C      796       0
                text70                             1A86     1A86       2C      796       0
                text69                             1A5A     1A5A       2C      796       0
                text68                             1974     1974       40      796       0
                text67                             1E2E     1E2E        4      796       0
                text66                             1E2A     1E2A        4      796       0
                text65                             1E26     1E26        4      796       0
                text64                             1DF0     1DF0        6      796       0
                text63                             1E22     1E22        4      796       0
                text62                             1DEA     1DEA        6      796       0
                text61                             1DDC     1DDC        8      796       0
                text60                             1CEE     1CEE       14      796       0
                text59                             1E1E     1E1E        4      796       0
                text58                             1554     1554       7E      796       0
                text57                             1D4A     1D4A        C      796       0
                text56                             1D22     1D22       10      796       0
                text55                             1D12     1D12       10      796       0
                text54                             11EC     11EC       C8      796       0
                text53                             1376     1376       A8      796       0
                text52                             1D3E     1D3E        C      796       0
                text51                             1DD4     1DD4        8      796       0
                text50                             1DCC     1DCC        8      796       0
                text49                             1DC4     1DC4        8      796       0
                text48                             1DBC     1DBC        8      796       0
                text47                             1DB4     1DB4        8      796       0
                text46                             1DAC     1DAC        8      796       0
                text45                             1DA4     1DA4        8      796       0
                text44                             1D32     1D32        C      796       0
                text43                             17AC     17AC       6C      796       0
                text42                             1E1A     1E1A        4      796       0
                text41                             1818     1818       64      796       0
                text40                             1DE4     1DE4        6      796       0
                text38                             1C60     1C60       1E      796       0
                text37                             1D92     1D92        A      796       0
                text36                             1D88     1D88        A      796       0
                text35                             1D7E     1D7E        A      796       0
                text34                             1D74     1D74        A      796       0
                text33                             1D6A     1D6A        A      796       0
                text32                             16C6     16C6       74      796       0
                text31                             1CDA     1CDA       14      796       0
                text30                             1E16     1E16        4      796       0
                text29                             1CC6     1CC6       14      796       0
                text28                             19F4     19F4       3A      796       0
                text27                             1B0A     1B0A       2A      796       0
                text26                             1D02     1D02       10      796       0
                text25                             1C3E     1C3E       22      796       0
                text24                             18DE     18DE       56      796       0
                text23                             1D60     1D60        A      796       0
                text22                             14BC     14BC       98      796       0
                text21                             1030     1030       EE      796       0
                text20                             187C     187C       62      796       0
                text19                             1B86     1B86       28      796       0
                text18                             1E12     1E12        4      796       0
                text17                             1E0E     1E0E        4      796       0
                text16                             1E0A     1E0A        4      796       0
                text15                             1A2E     1A2E       2C      796       0
                text14                             1E06     1E06        4      796       0
                text13                             1934     1934       40      796       0
                text12                             1D9C     1D9C        8      796       0
                text11                             1E02     1E02        4      796       0
                text10                             1C1C     1C1C       22      796       0
                text9                              1D56     1D56        A      796       0
                text8                              141E     141E       9E      796       0
                text7                              15D2     15D2       7A      796       0
                text6                              1C96     1C96       18      796       0
                text5                              1BD4     1BD4       24      796       0
                text4                              1C7E     1C7E       18      796       0
                text3                              173A     173A       72      796       0
                text2                              1B5E     1B5E       28      796       0
                text1                              111E     111E       CE      796       0
                text0                               F2C      F2C      104      796       0
                cstackCOMRAM                         26       26       1F        1       1
                cstackBANK0                          AC       AC       17       60       1
                bssBANK0                             60       60       4C       60       1
                bssCOMRAM                             1        1       25        1       1
                cinit                              1BAE     1BAE       26      796       0
                nvBANK0                              C3       C3        A       60       1
                nvCOMRAM                             45       45        3        1       1

TOTAL           Name                               Link     Load   Length     Space
        CLASS   CODE           
                intcode                               8        8      136         0
                init                                13E      13E        4         0
                reset_vec                             0        0        4         0
                text83                             1B34     1B34       2A         0
                text82                             1DFC     1DFC        6         0
                text81                             1E3A     1E3A        2         0
                text80                             1DF6     1DF6        6         0
                text79                             12B4     12B4       C2         0
                text78                             19B4     19B4       40         0
                text77                             1E36     1E36        4         0
                text76                             1E32     1E32        4         0
                text75                             1BF8     1BF8       24         0
                text74                             164C     164C       7A         0
                text73                             1CAE     1CAE       18         0
                text72                             1ADE     1ADE       2C         0
                text71                             1AB2     1AB2       2C         0
                text70                             1A86     1A86       2C         0
                text69                             1A5A     1A5A       2C         0
                text68                             1974     1974       40         0
                text67                             1E2E     1E2E        4         0
                text66                             1E2A     1E2A        4         0
                text65                             1E26     1E26        4         0
                text64                             1DF0     1DF0        6         0
                text63                             1E22     1E22        4         0
                text62                             1DEA     1DEA        6         0
                text61                             1DDC     1DDC        8         0
                text60                             1CEE     1CEE       14         0
                text59                             1E1E     1E1E        4         0
                text58                             1554     1554       7E         0
                text57                             1D4A     1D4A        C         0
                text56                             1D22     1D22       10         0
                text55                             1D12     1D12       10         0
                text54                             11EC     11EC       C8         0
                text53                             1376     1376       A8         0
                text52                             1D3E     1D3E        C         0
                text51                             1DD4     1DD4        8         0
                text50                             1DCC     1DCC        8         0
                text49                             1DC4     1DC4        8         0
                text48                             1DBC     1DBC        8         0
                text47                             1DB4     1DB4        8         0
                text46                             1DAC     1DAC        8         0
                text45                             1DA4     1DA4        8         0
                text44                             1D32     1D32        C         0
                text43                             17AC     17AC       6C         0
                text42                             1E1A     1E1A        4         0
                text41                             1818     1818       64         0
                text40                             1DE4     1DE4        6         0
                text38                             1C60     1C60       1E         0
                text37                             1D92     1D92        A         0
                text36                             1D88     1D88        A         0
                text35                             1D7E     1D7E        A         0
                text34                             1D74     1D74        A         0
                text33                             1D6A     1D6A        A         0
                text32                             16C6     16C6       74         0
                text31                             1CDA     1CDA       14         0
                text30                             1E16     1E16        4         0
                text29                             1CC6     1CC6       14         0
                text28                             19F4     19F4       3A         0
                text27                             1B0A     1B0A       2A         0
                text26                             1D02     1D02       10         0
                text25                             1C3E     1C3E       22         0
                text24                             18DE     18DE       56         0
                text23                             1D60     1D60        A         0
                text22                             14BC     14BC       98         0
                text21                             1030     1030       EE         0
                text20                             187C     187C       62         0
                text19                             1B86     1B86       28         0
                text18                             1E12     1E12        4         0
                text17                             1E0E     1E0E        4         0
                text16                             1E0A     1E0A        4         0
                text15                             1A2E     1A2E       2C         0
                text14                             1E06     1E06        4         0
                text13                             1934     1934       40         0
                text12                             1D9C     1D9C        8         0
                text11                             1E02     1E02        4         0
                text10                             1C1C     1C1C       22         0
                text9                              1D56     1D56        A         0
                text8                              141E     141E       9E         0
                text7                              15D2     15D2       7A         0
                text6                              1C96     1C96       18         0
                text5                              1BD4     1BD4       24         0
                text4                              1C7E     1C7E       18         0
                text3                              173A     173A       72         0
                text2                              1B5E     1B5E       28         0
                text1                              111E     111E       CE         0
                text0                               F2C      F2C      104         0
                cinit                              1BAE     1BAE       26         0

        CLASS   CONST          

        CLASS   SMALLCONST     
                smallconst                          F00      F00       2C         0

        CLASS   MEDIUMCONST    

        CLASS   COMRAM         
                temp                                 48       48        1         1
                cstackCOMRAM                         26       26       1F         1
                bssCOMRAM                             1        1       25         1
                nvCOMRAM                             45       45        3         1

        CLASS   ABS1           

        CLASS   BIGRAM         

        CLASS   RAM            

        CLASS   BANK0          
                cstackBANK0                          AC       AC       17         1
                bssBANK0                             60       60       4C         1
                nvBANK0                              C3       C3        A         1

        CLASS   BANK1          

        CLASS   BANK2          

        CLASS   BANK3          

        CLASS   BANK4          

        CLASS   BANK5          

        CLASS   BANK6          

        CLASS   BANK7          

        CLASS   BANK8          

        CLASS   BANK9          

        CLASS   BANK10         

        CLASS   BANK11         

        CLASS   BANK12         

        CLASS   BANK13         

        CLASS   BANK14         

        CLASS   SFR            

        CLASS   BIGSFR         

        CLASS   CONFIG         
                config                             FFF8     FFF8        8         4

        CLASS   FARRAM         

        CLASS   HEAP           

        CLASS   STACK          

        CLASS   IDLOC          



SEGMENTS        Name                           Load    Length   Top    Selector   Space  Class

                reset_vec                      000000  000004  000004         0       0  CODE    
                bssCOMRAM                      000001  000048  000049         1       1  COMRAM  
                intcode                        000008  00013A  000142         4       0  CODE    
                bssBANK0                       000060  00006D  0000CD        60       1  BANK0   
                smallconst                     000F00  00002C  000F2C       780       0  SMALLCON
                text0                          000F2C  000F10  001E3C       796       0  CODE    


UNUSED ADDRESS RANGES

        Name                Unused          Largest block    Delta
        BANK0            000CD-000FF              33
        BANK1            00100-001FF             100
        BANK10           00A00-00AFF             100
        BANK11           00B00-00BFF             100
        BANK12           00C00-00CFF             100
        BANK13           00D00-00DFF             100
        BANK14           00E00-00EAF              B0
        BANK2            00200-002FF             100
        BANK3            00300-003FF             100
        BANK4            00400-004FF             100
        BANK5            00500-005FF             100
        BANK6            00600-006FF             100
        BANK7            00700-007FF             100
        BANK8            00800-008FF             100
        BANK9            00900-009FF             100
        BIGRAM           00049-0005F              17
                         000CD-00EAF             DE3
        BIGSFR           00EB0-00FFF             150
        CODE             00004-00007               4
                         00142-00EFF             DBE
                         01E3C-0FFF7            E1BC
        COMRAM           00049-0005F              17
        CONST            00004-00007               4
                         00142-00EFF             DBE
                         01E3C-0FFF7            E1BC
        MEDIUMCONST      01E3C-0FFF7            E1BC
        RAM              000CD-00EAF             100
        SFR              00EB0-00FFF              60
        SMALLCONST       01E3C-0FFF7             100

                                  Symbol Table

?_printf                                        cstackBANK0   000BD
?_vfpfcnvrt                                     cstackBANK0   000B1
?_vfprintf                                      cstackBANK0   000B7
EUSART2_SetErrorHandler@interruptHandler        cstackCOMRAM  0003D
EUSART2_SetFramingErrorHandler@interruptHandler cstackCOMRAM  0003D
EUSART2_SetOverrunErrorHandler@interruptHandler cstackCOMRAM  0003D
EUSART2_SetRxInterruptHandler@interruptHandler  cstackCOMRAM  0003D
EUSART2_SetTxInterruptHandler@interruptHandler  cstackCOMRAM  0003D
EUSART2_Write@txData                            cstackCOMRAM  0003D
I2C1_CallbackReturnReset@funPtr                 cstackCOMRAM  0002F
I2C1_Close@returnValue                          cstackCOMRAM  0003D
I2C1_MasterOperation@read                       cstackCOMRAM  0003D
I2C1_MasterOperation@returnValue                cstackCOMRAM  0003E
I2C1_MasterSendTxData@data                      cstackCOMRAM  00026
I2C1_Open@address                               cstackCOMRAM  0003F
I2C1_Open@returnValue                           cstackCOMRAM  00040
I2C1_SetAddressNackCallback@cb                  cstackBANK0   000AC
I2C1_SetAddressNackCallback@ptr                 cstackBANK0   000AE
I2C1_SetBuffer@buffer                           cstackCOMRAM  0003D
I2C1_SetBuffer@bufferSize                       cstackCOMRAM  0003F
I2C1_SetCallback@cb                             cstackCOMRAM  0003D
I2C1_SetCallback@idx                            cstackCOMRAM  00041
I2C1_SetCallback@ptr                            cstackCOMRAM  0003F
I2C1_SetDataCompleteCallback@cb                 cstackBANK0   000AC
I2C1_SetDataCompleteCallback@ptr                cstackBANK0   000AE
I2C1_SetInterruptHandler@InterruptHandler       cstackCOMRAM  0003D
I2C1_Write1ByteRegister@address                 cstackCOMRAM  00044
I2C1_Write1ByteRegister@data                    cstackCOMRAM  00043
I2C1_Write1ByteRegister@reg                     cstackCOMRAM  00042
_ADCON0                                         (abs)         00FC2
_ADCON0bits                                     (abs)         00FC2
_ADCON1                                         (abs)         00FC1
_ADCTRIG                                        (abs)         00EB8
_ADC_Initialize                                 text38        01C60
_ADC_InterruptHandler                           bssCOMRAM     00019
_ADRESH                                         (abs)         00FC4
_ADRESL                                         (abs)         00FC3
_ANCON0                                         (abs)         00F48
_ANCON1                                         (abs)         00F49
_BAUDCON2                                       (abs)         00F7C
_EUSART2_DefaultErrorHandler                    text82        01DFC
_EUSART2_DefaultFramingErrorHandler             text81        01E3A
_EUSART2_DefaultOverrunErrorHandler             text80        01DF6
_EUSART2_ErrorHandler                           nvBANK0       000C3
_EUSART2_FramingErrorHandler                    nvBANK0       000C7
_EUSART2_Initialize                             text32        016C6
_EUSART2_OverrunErrorHandler                    nvBANK0       000C5
_EUSART2_Receive_ISR                            text79        012B4
_EUSART2_RxDataHandler                          text83        01B34
_EUSART2_RxDefaultInterruptHandler              nvBANK0       000C9
_EUSART2_SetErrorHandler                        text37        01D92
_EUSART2_SetFramingErrorHandler                 text36        01D88
_EUSART2_SetOverrunErrorHandler                 text35        01D7E
_EUSART2_SetRxInterruptHandler                  text34        01D74
_EUSART2_SetTxInterruptHandler                  text33        01D6A
_EUSART2_Transmit_ISR                           text78        019B4
_EUSART2_TxDefaultInterruptHandler              nvBANK0       000CB
_EUSART2_Write                                  text24        018DE
_I2C1_CallbackReturnReset                       text66        01E2A
_I2C1_CallbackReturnStop                        text67        01E2E
_I2C1_Close                                     text15        01A2E
_I2C1_DO_ADDRESS_NACK                           text43        017AC
_I2C1_DO_IDLE                                   text57        01D4A
_I2C1_DO_RCEN                                   text52        01D3E
_I2C1_DO_RESET                                  text44        01D32
_I2C1_DO_RX                                     text53        01376
_I2C1_DO_RX_ACK                                 text47        01DB4
_I2C1_DO_RX_NACK_RESTART                        text45        01DA4
_I2C1_DO_RX_NACK_STOP                           text46        01DAC
_I2C1_DO_SEND_ADR_READ                          text56        01D22
_I2C1_DO_SEND_ADR_WRITE                         text55        01D12
_I2C1_DO_SEND_RESTART                           text49        01DC4
_I2C1_DO_SEND_RESTART_READ                      text51        01DD4
_I2C1_DO_SEND_RESTART_WRITE                     text50        01DCC
_I2C1_DO_SEND_STOP                              text48        01DBC
_I2C1_DO_TX                                     text54        011EC
_I2C1_DO_TX_EMPTY                               text58        01554
_I2C1_Initialize                                text31        01CDA
_I2C1_MasterClearIrq                            text18        01E12
_I2C1_MasterClose                               text17        01E0E
_I2C1_MasterDisableIrq                          text16        01E0A
_I2C1_MasterEnableIrq                           text11        01E02
_I2C1_MasterEnableRestart                       text77        01E36
_I2C1_MasterFsm                                 text41        01818
_I2C1_MasterGetRxData                           text63        01E22
_I2C1_MasterIsNack                              text60        01CEE
_I2C1_MasterIsr                                 text40        01DE4
_I2C1_MasterOpen                                text10        01C1C
_I2C1_MasterOperation                           text13        01934
_I2C1_MasterSendAck                             text62        01DEA
_I2C1_MasterSendNack                            text64        01DF0
_I2C1_MasterSendTxData                          text61        01DDC
_I2C1_MasterSetIrq                              text59        01E1E
_I2C1_MasterStart                               text14        01E06
_I2C1_MasterStartRx                             text65        01E26
_I2C1_MasterStop                                text76        01E32
_I2C1_MasterWrite                               text12        01D9C
_I2C1_Open                                      text8         0141E
_I2C1_SetAddressNackCallback                    text6         01C96
_I2C1_SetBuffer                                 text5         01BD4
_I2C1_SetCallback                               text7         015D2
_I2C1_SetDataCompleteCallback                   text4         01C7E
_I2C1_SetInterruptHandler                       text9         01D56
_I2C1_Status                                    bssBANK0      00060
_I2C1_Write1ByteRegister                        text3         0173A
_INTCON2bits                                    (abs)         00FF1
_INTCONbits                                     (abs)         00FF2
_INTERRUPT_Initialize                           text30        01E16
_INTERRUPT_InterruptManager                     intcode       00008
_LATA                                           (abs)         00F89
_LATAbits                                       (abs)         00F89
_LATB                                           (abs)         00F8A
_LATC                                           (abs)         00F8B
_LATCbits                                       (abs)         00F8B
_MSSP1_InterruptHandler                         bssCOMRAM     0001B
_ODCON1                                         (abs)         00F42
_ODCON2                                         (abs)         00F41
_ODCON3                                         (abs)         00F40
_OSCCON                                         (abs)         00FD3
_OSCCON2                                        (abs)         00F87
_OSCILLATOR_Initialize                          text29        01CC6
_OSCTUNE                                        (abs)         00F9B
_PIE1bits                                       (abs)         00F9D
_PIE2bits                                       (abs)         00FA0
_PIE3bits                                       (abs)         00FA3
_PIN_MANAGER_Initialize                         text28        019F4
_PIR1bits                                       (abs)         00F9E
_PIR2bits                                       (abs)         00FA1
_PIR3bits                                       (abs)         00FA4
_PR2                                            (abs)         00FCB
_RCONbits                                       (abs)         00FD0
_RCREG2                                         (abs)         00FAA
_RCSTA2                                         (abs)         00F9C
_RCSTA2bits                                     (abs)         00F9C
_REFOCON                                        (abs)         00F3D
_RPINR16                                        (abs)         00EF7
_RPOR17                                         (abs)         00ED1
_SPBRG2                                         (abs)         00FAB
_SPBRGH2                                        (abs)         00F7D
_SSP1ADD                                        (abs)         00FC8
_SSP1BUF                                        (abs)         00FC9
_SSP1CON1                                       (abs)         00FC6
_SSP1CON1bits                                   (abs)         00FC6
_SSP1CON2                                       (abs)         00FC5
_SSP1CON2bits                                   (abs)         00FC5
_SSP1STAT                                       (abs)         00FC7
_SSP1STATbits                                   (abs)         00FC7
_SYSTEM_Initialize                              text25        01C3E
_T1CON                                          (abs)         00FCD
_T1CONbits                                      (abs)         00FCD
_T1GCON                                         (abs)         00F9A
_T1GCONbits                                     (abs)         00F9A
_T2CON                                          (abs)         00FCA
_T2CONbits                                      (abs)         00FCA
_TMR1H                                          (abs)         00FCF
_TMR1L                                          (abs)         00FCE
_TMR1_Initialize                                text27        01B0A
_TMR2                                           (abs)         00FCC
_TMR2_Initialize                                text26        01D02
_TRISA                                          (abs)         00F92
_TRISB                                          (abs)         00F93
_TRISC                                          (abs)         00F94
_TXREG2                                         (abs)         00FA9
_TXSTA2                                         (abs)         00FA8
_TXSTA2bits                                     (abs)         00FA8
__HRAM                                          (abs)         00000
__Habs1                                         abs1          00000
__Hbank0                                        bank0         00000
__Hbank1                                        bank1         00000
__Hbank10                                       bank10        00000
__Hbank11                                       bank11        00000
__Hbank12                                       bank12        00000
__Hbank13                                       bank13        00000
__Hbank14                                       bank14        00000
__Hbank2                                        bank2         00000
__Hbank3                                        bank3         00000
__Hbank4                                        bank4         00000
__Hbank5                                        bank5         00000
__Hbank6                                        bank6         00000
__Hbank7                                        bank7         00000
__Hbank8                                        bank8         00000
__Hbank9                                        bank9         00000
__Hbigbss                                       bigbss        00000
__Hbigdata                                      bigdata       00000
__Hbigram                                       bigram        00000
__Hbigsfr                                       bigsfr        00000
__Hbss                                          bss           00000
__HbssBANK0                                     bssBANK0      00000
__HbssCOMRAM                                    bssCOMRAM     00000
__Hcinit                                        cinit         00000
__Hclrtext                                      clrtext       00000
__Hcomram                                       comram        00000
__Hconfig                                       config        10000
__Hconst                                        const         00000
__HcstackBANK0                                  cstackBANK0   00000
__HcstackCOMRAM                                 cstackCOMRAM  00000
__Hdata                                         data          00000
__Hfarbss                                       farbss        00000
__Hfardata                                      fardata       00000
__Hheap                                         heap          00000
__Hibigdata                                     ibigdata      00000
__Hidata                                        idata         00000
__Hidloc                                        idloc         00000
__Hifardata                                     ifardata      00000
__Hinit                                         init          00142
__Hintcode                                      intcode       0013E
__Hintcode_body                                 intcode_body  00000
__Hintcodelo                                    intcodelo     0013E
__Hintentry                                     intentry      00000
__Hintret                                       intret        00000
__Hintsave_regs                                 intsave_regs  00000
__Hirdata                                       irdata        00000
__Hjflash_buffer                                jflash_buffer 0F800
__Hmediumconst                                  mediumconst   00000
__HnvBANK0                                      nvBANK0       00000
__HnvCOMRAM                                     nvCOMRAM      00000
__HnvFARRAM                                     nvFARRAM      00000
__Hnvbit                                        nvbit         00000
__Hnvrram                                       nvrram        00000
__Hparam                                        rparam        00000
__Hpowerup                                      powerup       0013E
__Hram                                          ram           00000
__Hramtop                                       ramtop        00F00
__Hrbit                                         rbit          00000
__Hrbss                                         rbss          00000
__Hrdata                                        rdata         00000
__Hreset_vec                                    reset_vec     00004
__Hrparam                                       rparam        00000
__Hsfr                                          sfr           00000
__Hsmallconst                                   smallconst    00F2C
__Hspace_0                                      (abs)         0F800
__Hspace_1                                      (abs)         000CD
__Hspace_2                                      (abs)         00000
__Hspace_4                                      (abs)         1FFF8
__Hstack                                        stack         00000
__Hstruct                                       struct        00000
__Htemp                                         temp          00049
__Htext                                         text          00000
__Htext0                                        text0         00000
__Htext1                                        text1         00000
__Htext10                                       text10        00000
__Htext11                                       text11        00000
__Htext12                                       text12        00000
__Htext13                                       text13        00000
__Htext14                                       text14        00000
__Htext15                                       text15        00000
__Htext16                                       text16        00000
__Htext17                                       text17        00000
__Htext18                                       text18        00000
__Htext19                                       text19        00000
__Htext2                                        text2         00000
__Htext20                                       text20        00000
__Htext21                                       text21        00000
__Htext22                                       text22        00000
__Htext23                                       text23        00000
__Htext24                                       text24        00000
__Htext25                                       text25        00000
__Htext26                                       text26        00000
__Htext27                                       text27        00000
__Htext28                                       text28        00000
__Htext29                                       text29        00000
__Htext3                                        text3         00000
__Htext30                                       text30        00000
__Htext31                                       text31        00000
__Htext32                                       text32        00000
__Htext33                                       text33        00000
__Htext34                                       text34        00000
__Htext35                                       text35        00000
__Htext36                                       text36        00000
__Htext37                                       text37        00000
__Htext38                                       text38        00000
__Htext4                                        text4         00000
__Htext40                                       text40        00000
__Htext41                                       text41        00000
__Htext42                                       text42        00000
__Htext43                                       text43        00000
__Htext44                                       text44        00000
__Htext45                                       text45        00000
__Htext46                                       text46        00000
__Htext47                                       text47        00000
__Htext48                                       text48        00000
__Htext49                                       text49        00000
__Htext5                                        text5         00000
__Htext50                                       text50        00000
__Htext51                                       text51        00000
__Htext52                                       text52        00000
__Htext53                                       text53        00000
__Htext54                                       text54        00000
__Htext55                                       text55        00000
__Htext56                                       text56        00000
__Htext57                                       text57        00000
__Htext58                                       text58        00000
__Htext59                                       text59        00000
__Htext6                                        text6         00000
__Htext60                                       text60        00000
__Htext61                                       text61        00000
__Htext62                                       text62        00000
__Htext63                                       text63        00000
__Htext64                                       text64        00000
__Htext65                                       text65        00000
__Htext66                                       text66        00000
__Htext67                                       text67        00000
__Htext68                                       text68        00000
__Htext69                                       text69        00000
__Htext7                                        text7         00000
__Htext70                                       text70        00000
__Htext71                                       text71        00000
__Htext72                                       text72        00000
__Htext73                                       text73        00000
__Htext74                                       text74        00000
__Htext75                                       text75        00000
__Htext76                                       text76        00000
__Htext77                                       text77        00000
__Htext78                                       text78        00000
__Htext79                                       text79        00000
__Htext8                                        text8         00000
__Htext80                                       text80        00000
__Htext81                                       text81        00000
__Htext82                                       text82        00000
__Htext83                                       text83        00000
__Htext84                                       text84        00000
__Htext9                                        text9         00000
__LRAM                                          (abs)         00001
__Labs1                                         abs1          00000
__Lbank0                                        bank0         00000
__Lbank1                                        bank1         00000
__Lbank10                                       bank10        00000
__Lbank11                                       bank11        00000
__Lbank12                                       bank12        00000
__Lbank13                                       bank13        00000
__Lbank14                                       bank14        00000
__Lbank2                                        bank2         00000
__Lbank3                                        bank3         00000
__Lbank4                                        bank4         00000
__Lbank5                                        bank5         00000
__Lbank6                                        bank6         00000
__Lbank7                                        bank7         00000
__Lbank8                                        bank8         00000
__Lbank9                                        bank9         00000
__Lbigbss                                       bigbss        00000
__Lbigdata                                      bigdata       00000
__Lbigram                                       bigram        00000
__Lbigsfr                                       bigsfr        00000
__Lbss                                          bss           00000
__LbssBANK0                                     bssBANK0      00000
__LbssCOMRAM                                    bssCOMRAM     00000
__Lcinit                                        cinit         00000
__Lclrtext                                      clrtext       00000
__Lcomram                                       comram        00000
__Lconfig                                       config        00000
__Lconst                                        const         00000
__LcstackBANK0                                  cstackBANK0   00000
__LcstackCOMRAM                                 cstackCOMRAM  00000
__Ldata                                         data          00000
__Lfarbss                                       farbss        00000
__Lfardata                                      fardata       00000
__Lheap                                         heap          00000
__Libigdata                                     ibigdata      00000
__Lidata                                        idata         00000
__Lidloc                                        idloc         00000
__Lifardata                                     ifardata      00000
__Linit                                         init          0013E
__Lintcode                                      intcode       00008
__Lintcode_body                                 intcode_body  00000
__Lintcodelo                                    intcodelo     0013E
__Lintentry                                     intentry      00000
__Lintret                                       intret        00000
__Lintsave_regs                                 intsave_regs  00000
__Lirdata                                       irdata        00000
__Ljflash_buffer                                jflash_buffer 0F800
__Lmediumconst                                  mediumconst   00000
__LnvBANK0                                      nvBANK0       00000
__LnvCOMRAM                                     nvCOMRAM      00000
__LnvFARRAM                                     nvFARRAM      00000
__Lnvbit                                        nvbit         00000
__Lnvrram                                       nvrram        00000
__Lparam                                        rparam        00000
__Lpowerup                                      powerup       0013E
__Lram                                          ram           00000
__Lramtop                                       ramtop        00F00
__Lrbit                                         rbit          00000
__Lrbss                                         rbss          00000
__Lrdata                                        rdata         00000
__Lreset_vec                                    reset_vec     00000
__Lrparam                                       rparam        00000
__Lsfr                                          sfr           00000
__Lsmallconst                                   smallconst    00F00
__Lspace_0                                      (abs)         00000
__Lspace_1                                      (abs)         00000
__Lspace_2                                      (abs)         00000
__Lspace_4                                      (abs)         00000
__Lstack                                        stack         00000
__Lstruct                                       struct        00000
__Ltemp                                         temp          00048
__Ltext                                         text          00000
__Ltext0                                        text0         00000
__Ltext1                                        text1         00000
__Ltext10                                       text10        00000
__Ltext11                                       text11        00000
__Ltext12                                       text12        00000
__Ltext13                                       text13        00000
__Ltext14                                       text14        00000
__Ltext15                                       text15        00000
__Ltext16                                       text16        00000
__Ltext17                                       text17        00000
__Ltext18                                       text18        00000
__Ltext19                                       text19        00000
__Ltext2                                        text2         00000
__Ltext20                                       text20        00000
__Ltext21                                       text21        00000
__Ltext22                                       text22        00000
__Ltext23                                       text23        00000
__Ltext24                                       text24        00000
__Ltext25                                       text25        00000
__Ltext26                                       text26        00000
__Ltext27                                       text27        00000
__Ltext28                                       text28        00000
__Ltext29                                       text29        00000
__Ltext3                                        text3         00000
__Ltext30                                       text30        00000
__Ltext31                                       text31        00000
__Ltext32                                       text32        00000
__Ltext33                                       text33        00000
__Ltext34                                       text34        00000
__Ltext35                                       text35        00000
__Ltext36                                       text36        00000
__Ltext37                                       text37        00000
__Ltext38                                       text38        00000
__Ltext4                                        text4         00000
__Ltext40                                       text40        00000
__Ltext41                                       text41        00000
__Ltext42                                       text42        00000
__Ltext43                                       text43        00000
__Ltext44                                       text44        00000
__Ltext45                                       text45        00000
__Ltext46                                       text46        00000
__Ltext47                                       text47        00000
__Ltext48                                       text48        00000
__Ltext49                                       text49        00000
__Ltext5                                        text5         00000
__Ltext50                                       text50        00000
__Ltext51                                       text51        00000
__Ltext52                                       text52        00000
__Ltext53                                       text53        00000
__Ltext54                                       text54        00000
__Ltext55                                       text55        00000
__Ltext56                                       text56        00000
__Ltext57                                       text57        00000
__Ltext58                                       text58        00000
__Ltext59                                       text59        00000
__Ltext6                                        text6         00000
__Ltext60                                       text60        00000
__Ltext61                                       text61        00000
__Ltext62                                       text62        00000
__Ltext63                                       text63        00000
__Ltext64                                       text64        00000
__Ltext65                                       text65        00000
__Ltext66                                       text66        00000
__Ltext67                                       text67        00000
__Ltext68                                       text68        00000
__Ltext69                                       text69        00000
__Ltext7                                        text7         00000
__Ltext70                                       text70        00000
__Ltext71                                       text71        00000
__Ltext72                                       text72        00000
__Ltext73                                       text73        00000
__Ltext74                                       text74        00000
__Ltext75                                       text75        00000
__Ltext76                                       text76        00000
__Ltext77                                       text77        00000
__Ltext78                                       text78        00000
__Ltext79                                       text79        00000
__Ltext8                                        text8         00000
__Ltext80                                       text80        00000
__Ltext81                                       text81        00000
__Ltext82                                       text82        00000
__Ltext83                                       text83        00000
__Ltext84                                       text84        00000
__Ltext9                                        text9         00000
__S0                                            (abs)         01E3C
__S1                                            (abs)         000CD
__S4                                            (abs)         00000
___heap_hi                                      (abs)         00000
___heap_lo                                      (abs)         00000
___inthi_sp                                     stack         00000
___intlo_sp                                     stack         00000
___param_bank                                   (abs)         00000
___rparam_used                                  (abs)         00001
___sp                                           stack         00000
__accesstop                                     (abs)         00060
__activetblptr                                  (abs)         00002
__end_of_ADC_Initialize                         text38        01C7E
__end_of_EUSART2_DefaultErrorHandler            text82        01E02
__end_of_EUSART2_DefaultFramingErrorHandler     text81        01E3C
__end_of_EUSART2_DefaultOverrunErrorHandler     text80        01DFC
__end_of_EUSART2_Initialize                     text32        0173A
__end_of_EUSART2_Receive_ISR                    text79        01376
__end_of_EUSART2_RxDataHandler                  text83        01B5E
__end_of_EUSART2_SetErrorHandler                text37        01D9C
__end_of_EUSART2_SetFramingErrorHandler         text36        01D92
__end_of_EUSART2_SetOverrunErrorHandler         text35        01D88
__end_of_EUSART2_SetRxInterruptHandler          text34        01D7E
__end_of_EUSART2_SetTxInterruptHandler          text33        01D74
__end_of_EUSART2_Transmit_ISR                   text78        019F4
__end_of_EUSART2_Write                          text24        01934
__end_of_I2C1_CallbackReturnReset               text66        01E2E
__end_of_I2C1_CallbackReturnStop                text67        01E32
__end_of_I2C1_Close                             text15        01A5A
__end_of_I2C1_DO_ADDRESS_NACK                   text43        01818
__end_of_I2C1_DO_IDLE                           text57        01D56
__end_of_I2C1_DO_RCEN                           text52        01D4A
__end_of_I2C1_DO_RESET                          text44        01D3E
__end_of_I2C1_DO_RX                             text53        0141E
__end_of_I2C1_DO_RX_ACK                         text47        01DBC
__end_of_I2C1_DO_RX_NACK_RESTART                text45        01DAC
__end_of_I2C1_DO_RX_NACK_STOP                   text46        01DB4
__end_of_I2C1_DO_SEND_ADR_READ                  text56        01D32
__end_of_I2C1_DO_SEND_ADR_WRITE                 text55        01D22
__end_of_I2C1_DO_SEND_RESTART                   text49        01DCC
__end_of_I2C1_DO_SEND_RESTART_READ              text51        01DDC
__end_of_I2C1_DO_SEND_RESTART_WRITE             text50        01DD4
__end_of_I2C1_DO_SEND_STOP                      text48        01DC4
__end_of_I2C1_DO_TX                             text54        012B4
__end_of_I2C1_DO_TX_EMPTY                       text58        015D2
__end_of_I2C1_Initialize                        text31        01CEE
__end_of_I2C1_MasterClearIrq                    text18        01E16
__end_of_I2C1_MasterClose                       text17        01E12
__end_of_I2C1_MasterDisableIrq                  text16        01E0E
__end_of_I2C1_MasterEnableIrq                   text11        01E06
__end_of_I2C1_MasterEnableRestart               text77        01E3A
__end_of_I2C1_MasterFsm                         text41        0187C
__end_of_I2C1_MasterGetRxData                   text63        01E26
__end_of_I2C1_MasterIsNack                      text60        01D02
__end_of_I2C1_MasterIsr                         text40        01DEA
__end_of_I2C1_MasterOpen                        text10        01C3E
__end_of_I2C1_MasterOperation                   text13        01974
__end_of_I2C1_MasterSendAck                     text62        01DF0
__end_of_I2C1_MasterSendNack                    text64        01DF6
__end_of_I2C1_MasterSendTxData                  text61        01DE4
__end_of_I2C1_MasterSetIrq                      text59        01E22
__end_of_I2C1_MasterStart                       text14        01E0A
__end_of_I2C1_MasterStartRx                     text65        01E2A
__end_of_I2C1_MasterStop                        text76        01E36
__end_of_I2C1_MasterWrite                       text12        01DA4
__end_of_I2C1_Open                              text8         014BC
__end_of_I2C1_SetAddressNackCallback            text6         01CAE
__end_of_I2C1_SetBuffer                         text5         01BF8
__end_of_I2C1_SetCallback                       text7         0164C
__end_of_I2C1_SetDataCompleteCallback           text4         01C96
__end_of_I2C1_SetInterruptHandler               text9         01D60
__end_of_I2C1_Write1ByteRegister                text3         017AC
__end_of_INTERRUPT_Initialize                   text30        01E1A
__end_of_INTERRUPT_InterruptManager             intcode       0013E
__end_of_OSCILLATOR_Initialize                  text29        01CDA
__end_of_PIN_MANAGER_Initialize                 text28        01A2E
__end_of_SYSTEM_Initialize                      text25        01C60
__end_of_TMR1_Initialize                        text27        01B34
__end_of_TMR2_Initialize                        text26        01D12
__end_of__initialization                        cinit         01BC6
__end_of_byteMin                                text2         01B86
__end_of_fputc                                  text22        01554
__end_of_i2c1_fsmStateTable                     smallconst    00F21
__end_of_main                                   text0         01030
__end_of_printf                                 text19        01BAE
__end_of_putch                                  text23        01D6A
__end_of_rd1RegCompleteHandler                  text71        01ADE
__end_of_rd2RegCompleteHandler                  text70        01AB2
__end_of_rdBlkRegCompleteHandler                text68        019B4
__end_of_setLED                                 text1         011EC
__end_of_vfpfcnvrt                              text21        0111E
__end_of_vfprintf                               text20        018DE
__end_of_wr1RegCompleteHandler                  text69        01A86
__end_of_wr2RegCompleteHandler                  text72        01B0A
__end_ofi2_I2C1_MasterClearIrq                  text42        01E1E
__end_ofi2_I2C1_SetBuffer                       text75        01C1C
__end_ofi2_I2C1_SetCallback                     text74        016C6
__end_ofi2_I2C1_SetDataCompleteCallback         text73        01CC6
__initialization                                cinit         01BAE
__mediumconst                                   mediumconst   00000
__pbssBANK0                                     bssBANK0      00060
__pbssCOMRAM                                    bssCOMRAM     00001
__pcinit                                        cinit         01BAE
__pcstackBANK0                                  cstackBANK0   000AC
__pcstackCOMRAM                                 cstackCOMRAM  00026
__pintcode                                      intcode       00008
__pnvBANK0                                      nvBANK0       000C3
__pnvCOMRAM                                     nvCOMRAM      00045
__psmallconst                                   smallconst    00F00
__ptext0                                        text0         00F2C
__ptext1                                        text1         0111E
__ptext10                                       text10        01C1C
__ptext11                                       text11        01E02
__ptext12                                       text12        01D9C
__ptext13                                       text13        01934
__ptext14                                       text14        01E06
__ptext15                                       text15        01A2E
__ptext16                                       text16        01E0A
__ptext17                                       text17        01E0E
__ptext18                                       text18        01E12
__ptext19                                       text19        01B86
__ptext2                                        text2         01B5E
__ptext20                                       text20        0187C
__ptext21                                       text21        01030
__ptext22                                       text22        014BC
__ptext23                                       text23        01D60
__ptext24                                       text24        018DE
__ptext25                                       text25        01C3E
__ptext26                                       text26        01D02
__ptext27                                       text27        01B0A
__ptext28                                       text28        019F4
__ptext29                                       text29        01CC6
__ptext3                                        text3         0173A
__ptext30                                       text30        01E16
__ptext31                                       text31        01CDA
__ptext32                                       text32        016C6
__ptext33                                       text33        01D6A
__ptext34                                       text34        01D74
__ptext35                                       text35        01D7E
__ptext36                                       text36        01D88
__ptext37                                       text37        01D92
__ptext38                                       text38        01C60
__ptext4                                        text4         01C7E
__ptext40                                       text40        01DE4
__ptext41                                       text41        01818
__ptext42                                       text42        01E1A
__ptext43                                       text43        017AC
__ptext44                                       text44        01D32
__ptext45                                       text45        01DA4
__ptext46                                       text46        01DAC
__ptext47                                       text47        01DB4
__ptext48                                       text48        01DBC
__ptext49                                       text49        01DC4
__ptext5                                        text5         01BD4
__ptext50                                       text50        01DCC
__ptext51                                       text51        01DD4
__ptext52                                       text52        01D3E
__ptext53                                       text53        01376
__ptext54                                       text54        011EC
__ptext55                                       text55        01D12
__ptext56                                       text56        01D22
__ptext57                                       text57        01D4A
__ptext58                                       text58        01554
__ptext59                                       text59        01E1E
__ptext6                                        text6         01C96
__ptext60                                       text60        01CEE
__ptext61                                       text61        01DDC
__ptext62                                       text62        01DEA
__ptext63                                       text63        01E22
__ptext64                                       text64        01DF0
__ptext65                                       text65        01E26
__ptext66                                       text66        01E2A
__ptext67                                       text67        01E2E
__ptext68                                       text68        01974
__ptext69                                       text69        01A5A
__ptext7                                        text7         015D2
__ptext70                                       text70        01A86
__ptext71                                       text71        01AB2
__ptext72                                       text72        01ADE
__ptext73                                       text73        01CAE
__ptext74                                       text74        0164C
__ptext75                                       text75        01BF8
__ptext76                                       text76        01E32
__ptext77                                       text77        01E36
__ptext78                                       text78        019B4
__ptext79                                       text79        012B4
__ptext8                                        text8         0141E
__ptext80                                       text80        01DF6
__ptext81                                       text81        01E3A
__ptext82                                       text82        01DFC
__ptext83                                       text83        01B34
__ptext84                                       text84        00000
__ptext9                                        text9         01D56
__ramtop                                        ramtop        00F00
__smallconst                                    smallconst    00F00
_byteMin                                        text2         01B5E
_byteMin$2255                                   cstackCOMRAM  0003E
_eusart2RxBuffer                                bssBANK0      000A4
_eusart2RxCount                                 bssCOMRAM     00021
_eusart2RxHead                                  bssCOMRAM     00023
_eusart2RxLastError                             bssCOMRAM     00020
_eusart2RxStatusBuffer                          bssCOMRAM     00001
_eusart2RxTail                                  bssCOMRAM     00022
_eusart2TxBuffer                                bssCOMRAM     00009
_eusart2TxBufferRemaining                       nvCOMRAM      00047
_eusart2TxHead                                  bssCOMRAM     00025
_eusart2TxTail                                  bssCOMRAM     00024
_flags                                          bssCOMRAM     00017
_fputc                                          text22        014BC
_i2c1_fsmStateTable                             smallconst    00F01
_main                                           text0         00F2C
_nout                                           bssCOMRAM     00011
_prec                                           bssCOMRAM     00015
_printf                                         text19        01B86
_putch                                          text23        01D60
_rd1RegCompleteHandler                          text71        01AB2
_rd2RegCompleteHandler                          text70        01A86
_rdBlkRegCompleteHandler                        text68        01974
_setLED                                         text1         0111E
_timer1ReloadVal                                nvCOMRAM      00045
_vfpfcnvrt                                      text21        01030
_vfprintf                                       text20        0187C
_width                                          bssCOMRAM     00013
_wr1RegCompleteHandler                          text69        01A5A
_wr2RegCompleteHandler                          text72        01ADE
btemp                                           temp          00048
byteMin@a                                       cstackCOMRAM  00040
byteMin@b                                       cstackCOMRAM  0003D
end_of_initialization                           cinit         01BC6
fputc@c                                         cstackCOMRAM  0003F
fputc@fp                                        cstackCOMRAM  00041
i2I2C1_SetBuffer@buffer                         cstackCOMRAM  00026
i2I2C1_SetBuffer@bufferSize                     cstackCOMRAM  00028
i2I2C1_SetCallback@cb                           cstackCOMRAM  00026
i2I2C1_SetCallback@idx                          cstackCOMRAM  0002A
i2I2C1_SetCallback@ptr                          cstackCOMRAM  00028
i2I2C1_SetDataCompleteCallback@cb               cstackCOMRAM  0002B
i2I2C1_SetDataCompleteCallback@ptr              cstackCOMRAM  0002D
i2_I2C1_MasterClearIrq                          text42        01E1A
i2_I2C1_SetBuffer                               text75        01BF8
i2_I2C1_SetCallback                             text74        0164C
i2_I2C1_SetDataCompleteCallback                 text73        01CAE
int$flags                                       temp          00048
intlevel0                                       text          00000
intlevel1                                       text          00000
intlevel2                                       text          00000
intlevel3                                       text          00000
isa$std                                         (abs)         00001
isa$xinst                                       (abs)         00000
printf@ap                                       cstackBANK0   000BF
printf@fmt                                      cstackBANK0   000BD
putch@txData                                    cstackCOMRAM  0003E
rd1RegCompleteHandler@ptr                       cstackCOMRAM  0002F
rd2RegCompleteHandler@ptr                       cstackCOMRAM  0002F
rdBlkRegCompleteHandler@ptr                     cstackCOMRAM  0002F
setLED@blue                                     cstackBANK0   000B1
setLED@currentB                                 bssCOMRAM     0001D
setLED@currentG                                 bssCOMRAM     0001E
setLED@currentR                                 bssCOMRAM     0001F
setLED@enableByte                               cstackBANK0   000B3
setLED@green                                    cstackBANK0   000B0
setLED@red                                      cstackBANK0   000B2
stackhi                                         (abs)         00000
stacklo                                         (abs)         00000
start                                           init          0013E
start_initialization                            cinit         01BAE
ttemp5                                          temp          00049
ttemp6                                          temp          0004C
ttemp7                                          temp          00050
vfpfcnvrt@ap                                    cstackBANK0   000B5
vfpfcnvrt@fmt                                   cstackBANK0   000B3
vfpfcnvrt@fp                                    cstackBANK0   000B1
vfprintf@ap                                     cstackBANK0   000BB
vfprintf@cfmt                                   cstackCOMRAM  00043
vfprintf@fmt                                    cstackBANK0   000B9
vfprintf@fp                                     cstackBANK0   000B7
wr1RegCompleteHandler@ptr                       cstackCOMRAM  0002F
wr2RegCompleteHandler@ptr                       cstackCOMRAM  0002F
wtemp8                                          temp          00049


MODULE INFORMATION

Module		Function		Class		Link	Load	Size
mcc_generated_files/examples/i2c1_master_example.c
		_wr1RegCompleteHandler		CODE           	1A5A	0000	44
		_wr2RegCompleteHandler		CODE           	1ADE	0000	44
		_I2C1_Write1ByteRegister		CODE           	173A	0000	114
		_rdBlkRegCompleteHandler		CODE           	1974	0000	64
		_rd1RegCompleteHandler		CODE           	1AB2	0000	44
		_rd2RegCompleteHandler		CODE           	1A86	0000	44

mcc_generated_files/examples/i2c1_master_example.c estimated size: 354

mcc_generated_files/eusart2.c
		_putch         		CODE           	1D60	0000	10
		_EUSART2_SetOverrunErrorHandler		CODE           	1D7E	0000	10
		_EUSART2_SetErrorHandler		CODE           	1D92	0000	10
		_EUSART2_Write 		CODE           	18DE	0000	86
		_EUSART2_Receive_ISR		CODE           	12B4	0000	194
		_EUSART2_RxDataHandler		CODE           	1B34	0000	42
		_EUSART2_DefaultOverrunErrorHandler		CODE           	1DF6	0000	6
		_EUSART2_Transmit_ISR		CODE           	19B4	0000	64
		_EUSART2_DefaultFramingErrorHandler		CODE           	1E3A	0000	2
		_EUSART2_SetRxInterruptHandler		CODE           	1D74	0000	10
		_EUSART2_SetTxInterruptHandler		CODE           	1D6A	0000	10
		_EUSART2_Initialize		CODE           	16C6	0000	116
		_EUSART2_DefaultErrorHandler		CODE           	1DFC	0000	6
		_EUSART2_SetFramingErrorHandler		CODE           	1D88	0000	10

mcc_generated_files/eusart2.c estimated size: 576

mcc_generated_files/i2c1_master.c
		_I2C1_DO_SEND_RESTART		CODE           	1DC4	0000	8
		_I2C1_DO_TX_EMPTY		CODE           	1554	0000	126
		_I2C1_DO_SEND_RESTART_READ		CODE           	1DD4	0000	8
		_I2C1_CallbackReturnStop		CODE           	1E2E	0000	4
		_I2C1_DO_RX    		CODE           	1376	0000	168
		_I2C1_DO_TX    		CODE           	11EC	0000	200
		_I2C1_SetAddressNackCallback		CODE           	1C96	0000	24
		_I2C1_DO_IDLE  		CODE           	1D4A	0000	12
		_I2C1_MasterOpen		CODE           	1C1C	0000	34
		_I2C1_DO_RCEN  		CODE           	1D3E	0000	12
		_I2C1_MasterSendTxData		CODE           	1DDC	0000	8
		_I2C1_MasterStop		CODE           	1E32	0000	4
		_I2C1_CallbackReturnReset		CODE           	1E2A	0000	4
		_I2C1_DO_RESET 		CODE           	1D32	0000	12
		_I2C1_MasterStartRx		CODE           	1E26	0000	4
		_I2C1_DO_RX_ACK		CODE           	1DB4	0000	8
		_I2C1_MasterSendNack		CODE           	1DF0	0000	6
		_I2C1_DO_RX_NACK_RESTART		CODE           	1DA4	0000	8
		_I2C1_MasterDisableIrq		CODE           	1E0A	0000	4
		_I2C1_MasterOperation		CODE           	1934	0000	64
		_I2C1_SetCallback		CODE           	15D2	0000	122
		_I2C1_MasterEnableRestart		CODE           	1E36	0000	4
		_I2C1_Open     		CODE           	141E	0000	158
		_I2C1_DO_ADDRESS_NACK		CODE           	17AC	0000	108
		_I2C1_SetBuffer		CODE           	1BD4	0000	36
		_I2C1_DO_SEND_RESTART_WRITE		CODE           	1DCC	0000	8
		_I2C1_MasterClose		CODE           	1E0E	0000	4
		_I2C1_MasterWrite		CODE           	1D9C	0000	8
		_I2C1_Initialize		CODE           	1CDA	0000	20
		_I2C1_Close    		CODE           	1A2E	0000	44
		_I2C1_MasterIsNack		CODE           	1CEE	0000	20
		_I2C1_MasterStart		CODE           	1E06	0000	4
		_I2C1_DO_SEND_ADR_WRITE		CODE           	1D12	0000	16
		_I2C1_MasterClearIrq		CODE           	1E12	0000	4
		_I2C1_SetDataCompleteCallback		CODE           	1C7E	0000	24
		_I2C1_DO_SEND_STOP		CODE           	1DBC	0000	8
		_I2C1_MasterSendAck		CODE           	1DEA	0000	6
		_I2C1_MasterFsm		CODE           	1818	0000	100
		_I2C1_MasterIsr		CODE           	1DE4	0000	6
		_I2C1_MasterGetRxData		CODE           	1E22	0000	4
		_I2C1_SetInterruptHandler		CODE           	1D56	0000	10
		_I2C1_MasterSetIrq		CODE           	1E1E	0000	4
		_I2C1_DO_SEND_ADR_READ		CODE           	1D22	0000	16
		_I2C1_MasterEnableIrq		CODE           	1E02	0000	4
		_I2C1_DO_RX_NACK_STOP		CODE           	1DAC	0000	8

mcc_generated_files/i2c1_master.c estimated size: 1464

mcc_generated_files/tmr2.c
		_TMR2_Initialize		CODE           	1D02	0000	16

mcc_generated_files/tmr2.c estimated size: 16

mcc_generated_files/interrupt_manager.c
		_INTERRUPT_Initialize		CODE           	1E16	0000	4
		_INTERRUPT_InterruptManager		CODE           	0008	0000	310

mcc_generated_files/interrupt_manager.c estimated size: 314

rgbledfx.c
		_setLED        		CODE           	111E	0000	206
		_byteMin       		CODE           	1B5E	0000	40

rgbledfx.c estimated size: 246

C:\Program Files\Microchip\xc8\v2.35\pic\sources\c99\common\nf_fputc.c
		_fputc         		CODE           	14BC	0000	152

C:\Program Files\Microchip\xc8\v2.35\pic\sources\c99\common\nf_fputc.c estimated size: 152

mcc_generated_files/pin_manager.c
		_PIN_MANAGER_Initialize		CODE           	19F4	0000	58

mcc_generated_files/pin_manager.c estimated size: 58

mcc_generated_files/adc.c
		_ADC_Initialize		CODE           	1C60	0000	30

mcc_generated_files/adc.c estimated size: 30

C:\Program Files\Microchip\xc8\v2.35\pic\sources\c99\common\printf.c
		_printf        		CODE           	1B86	0000	40

C:\Program Files\Microchip\xc8\v2.35\pic\sources\c99\common\printf.c estimated size: 40

shared
		i2_I2C1_SetBuffer		CODE           	1BF8	0000	36
		i2_I2C1_SetCallback		CODE           	164C	0000	122
		__initialization		CODE           	1BAE	0000	24
		_i2c1_fsmStateTable		SMALLCONST     	0F01	0000	32
		i2_I2C1_MasterClearIrq		CODE           	1E1A	0000	4
		i2_I2C1_SetDataCompleteCallback		CODE           	1CAE	0000	24

shared estimated size: 242

mcc_generated_files/mcc.c
		_OSCILLATOR_Initialize		CODE           	1CC6	0000	20
		_SYSTEM_Initialize		CODE           	1C3E	0000	34

mcc_generated_files/mcc.c estimated size: 54

mcc_generated_files/tmr1.c
		_TMR1_Initialize		CODE           	1B0A	0000	42

mcc_generated_files/tmr1.c estimated size: 42

main.c
		_main          		CODE           	0F2C	0000	260

main.c estimated size: 260

C:\Program Files\Microchip\xc8\v2.35\pic\sources\c99\common\doprnt.c
		_vfpfcnvrt     		CODE           	1030	0000	238
		_vfprintf      		CODE           	187C	0000	98

C:\Program Files\Microchip\xc8\v2.35\pic\sources\c99\common\doprnt.c estimated size: 336

